{
  "key_properties": [
    "id"
  ],
  "metadata": [
    {
      "breadcrumb": [
        "properties",
        "id"
      ],
      "metadata": {
        "inclusion": "automatic"
      }
    },
    {
      "breadcrumb": [
        "properties",
        "code"
      ],
      "metadata": {
        "inclusion": "available"
      }
    },
    {
      "breadcrumb": [
        "properties",
        "description"
      ],
      "metadata": {
        "inclusion": "available"
      }
    },
    {
      "breadcrumb": [
        "properties",
        "type"
      ],
      "metadata": {
        "inclusion": "available"
      }
    },
    {
      "breadcrumb": [
        "properties",
        "applicableEmployeeType"
      ],
      "metadata": {
        "inclusion": "available"
      }
    },
    {
      "breadcrumb": [
        "properties",
        "rateInfo"
      ],
      "metadata": {
        "inclusion": "available"
      }
    },
    {
      "breadcrumb": [
        "properties",
        "rateInfo",
        "properties",
        "hourlyRate"
      ],
      "metadata": {
        "inclusion": "available"
      }
    },
    {
      "breadcrumb": [
        "properties",
        "rateInfo",
        "properties",
        "customHourlyRate"
      ],
      "metadata": {
        "inclusion": "available"
      }
    },
    {
      "breadcrumb": [
        "properties",
        "rateInfo",
        "properties",
        "rateMultiplier"
      ],
      "metadata": {
        "inclusion": "available"
      }
    },
    {
      "breadcrumb": [
        "properties",
        "createdOn"
      ],
      "metadata": {
        "inclusion": "available"
      }
    },
    {
      "breadcrumb": [
        "properties",
        "modifiedOn"
      ],
      "metadata": {
        "inclusion": "automatic"
      }
    },
    {
      "breadcrumb": [
        "properties",
        "active"
      ],
      "metadata": {
        "inclusion": "available"
      }
    },
    {
      "breadcrumb": [],
      "metadata": {
        "inclusion": "available",
        "selected": true,
        "selected-by-default": true,
        "table-key-properties": [
          "id"
        ],
        "valid-replication-keys": [
          "modifiedOn"
        ]
      }
    }
  ],
  "replication_key": "modifiedOn",
  "replication_method": "INCREMENTAL",
  "schema": {
    "additionalProperties": false,
    "properties": {
      "active": {
        "description": "Indicates whether the timesheet code is active or not",
        "type": [
          "boolean",
          "null"
        ]
      },
      "applicableEmployeeType": {
        "description": "",
        "type": [
          "string",
          "null"
        ]
      },
      "code": {
        "description": "Code of the timesheet code",
        "type": [
          "string",
          "null"
        ]
      },
      "createdOn": {
        "description": "The date when the timesheet code was created (in UTC)",
        "format": "date-time",
        "type": [
          "string",
          "null"
        ]
      },
      "description": {
        "description": "Description of the timesheet code",
        "type": [
          "string",
          "null"
        ]
      },
      "id": {
        "description": "ID of the timesheet code",
        "format": "int64",
        "type": "integer"
      },
      "modifiedOn": {
        "description": "The last date when the timesheet code was modified (in UTC)",
        "format": "date-time",
        "type": [
          "string",
          "null"
        ]
      },
      "rateInfo": {
        "additionalProperties": false,
        "description": "Rate info of the timesheet code",
        "properties": {
          "customHourlyRate": {
            "description": "The custom hourly rate",
            "format": "decimal",
            "type": [
              "number",
              "null"
            ]
          },
          "hourlyRate": {
            "description": "",
            "type": [
              "string",
              "null"
            ]
          },
          "rateMultiplier": {
            "description": "The rate multiplier",
            "format": "decimal",
            "type": [
              "number",
              "null"
            ]
          }
        },
        "required": [
          "hourlyRate",
          "rateMultiplier"
        ],
        "type": [
          "object",
          "null"
        ]
      },
      "type": {
        "description": "",
        "type": [
          "string",
          "null"
        ]
      }
    },
    "required": [
      "id",
      "code",
      "type",
      "applicableEmployeeType",
      "rateInfo",
      "createdOn",
      "modifiedOn",
      "active"
    ],
    "type": "object"
  },
  "stream": "timesheet_codes",
  "tap_stream_id": "timesheet_codes"
}
