{
  "key_properties": [
    "id"
  ],
  "metadata": [
    {
      "breadcrumb": [
        "properties",
        "id"
      ],
      "metadata": {
        "inclusion": "automatic"
      }
    },
    {
      "breadcrumb": [
        "properties",
        "active"
      ],
      "metadata": {
        "inclusion": "available"
      }
    },
    {
      "breadcrumb": [
        "properties",
        "name"
      ],
      "metadata": {
        "inclusion": "available"
      }
    },
    {
      "breadcrumb": [
        "properties",
        "published"
      ],
      "metadata": {
        "inclusion": "available"
      }
    },
    {
      "breadcrumb": [
        "properties",
        "hasConditionalLogic"
      ],
      "metadata": {
        "inclusion": "available"
      }
    },
    {
      "breadcrumb": [
        "properties",
        "hasTriggers"
      ],
      "metadata": {
        "inclusion": "available"
      }
    },
    {
      "breadcrumb": [
        "properties",
        "createdById"
      ],
      "metadata": {
        "inclusion": "available"
      }
    },
    {
      "breadcrumb": [
        "properties",
        "createdOn"
      ],
      "metadata": {
        "inclusion": "available"
      }
    },
    {
      "breadcrumb": [
        "properties",
        "modifiedOn"
      ],
      "metadata": {
        "inclusion": "automatic"
      }
    },
    {
      "breadcrumb": [],
      "metadata": {
        "inclusion": "available",
        "selected": true,
        "selected-by-default": true,
        "table-key-properties": [
          "id"
        ],
        "valid-replication-keys": [
          "modifiedOn"
        ]
      }
    }
  ],
  "replication_key": "modifiedOn",
  "replication_method": "INCREMENTAL",
  "schema": {
    "additionalProperties": false,
    "properties": {
      "active": {
        "type": [
          "boolean",
          "null"
        ]
      },
      "createdById": {
        "format": "int64",
        "type": [
          "integer",
          "null"
        ]
      },
      "createdOn": {
        "format": "date-time",
        "type": [
          "string",
          "null"
        ]
      },
      "hasConditionalLogic": {
        "type": [
          "boolean",
          "null"
        ]
      },
      "hasTriggers": {
        "type": [
          "boolean",
          "null"
        ]
      },
      "id": {
        "format": "int64",
        "type": "integer"
      },
      "modifiedOn": {
        "format": "date-time",
        "type": [
          "string",
          "null"
        ]
      },
      "name": {
        "type": [
          "string",
          "null"
        ]
      },
      "published": {
        "type": [
          "boolean",
          "null"
        ]
      }
    },
    "required": [
      "id",
      "active",
      "published",
      "hasConditionalLogic",
      "hasTriggers",
      "createdById",
      "createdOn",
      "modifiedOn"
    ],
    "type": "object"
  },
  "stream": "forms",
  "tap_stream_id": "forms"
}
