{
  "key_properties": [
    "id"
  ],
  "metadata": [
    {
      "breadcrumb": [
        "properties",
        "id"
      ],
      "metadata": {
        "inclusion": "automatic"
      }
    },
    {
      "breadcrumb": [
        "properties",
        "createdOn"
      ],
      "metadata": {
        "inclusion": "available"
      }
    },
    {
      "breadcrumb": [
        "properties",
        "modifiedOn"
      ],
      "metadata": {
        "inclusion": "automatic"
      }
    },
    {
      "breadcrumb": [
        "properties",
        "number"
      ],
      "metadata": {
        "inclusion": "available"
      }
    },
    {
      "breadcrumb": [
        "properties",
        "name"
      ],
      "metadata": {
        "inclusion": "available"
      }
    },
    {
      "breadcrumb": [
        "properties",
        "status"
      ],
      "metadata": {
        "inclusion": "available"
      }
    },
    {
      "breadcrumb": [
        "properties",
        "syncStatus"
      ],
      "metadata": {
        "inclusion": "available"
      }
    },
    {
      "breadcrumb": [
        "properties",
        "versionId"
      ],
      "metadata": {
        "inclusion": "available"
      }
    },
    {
      "breadcrumb": [
        "properties",
        "lastSyncVersionId"
      ],
      "metadata": {
        "inclusion": "available"
      }
    },
    {
      "breadcrumb": [
        "properties",
        "message"
      ],
      "metadata": {
        "inclusion": "available"
      }
    },
    {
      "breadcrumb": [
        "properties",
        "postDate"
      ],
      "metadata": {
        "inclusion": "available"
      }
    },
    {
      "breadcrumb": [
        "properties",
        "exportedOn"
      ],
      "metadata": {
        "inclusion": "available"
      }
    },
    {
      "breadcrumb": [
        "properties",
        "exportedBy"
      ],
      "metadata": {
        "inclusion": "available"
      }
    },
    {
      "breadcrumb": [
        "properties",
        "exportedBy",
        "properties",
        "id"
      ],
      "metadata": {
        "inclusion": "available"
      }
    },
    {
      "breadcrumb": [
        "properties",
        "exportedBy",
        "properties",
        "name"
      ],
      "metadata": {
        "inclusion": "available"
      }
    },
    {
      "breadcrumb": [
        "properties",
        "customFields"
      ],
      "metadata": {
        "inclusion": "available"
      }
    },
    {
      "breadcrumb": [
        "properties",
        "url"
      ],
      "metadata": {
        "inclusion": "available"
      }
    },
    {
      "breadcrumb": [
        "properties",
        "isEmpty"
      ],
      "metadata": {
        "inclusion": "available"
      }
    },
    {
      "breadcrumb": [],
      "metadata": {
        "inclusion": "available",
        "selected": true,
        "selected-by-default": true,
        "table-key-properties": [
          "id"
        ],
        "valid-replication-keys": [
          "modifiedOn"
        ]
      }
    }
  ],
  "replication_key": "modifiedOn",
  "replication_method": "INCREMENTAL",
  "schema": {
    "additionalProperties": false,
    "properties": {
      "createdOn": {
        "format": "date-time",
        "type": [
          "string",
          "null"
        ]
      },
      "customFields": {
        "items": {
          "additionalProperties": false,
          "properties": {
            "name": {
              "type": [
                "string",
                "null"
              ]
            },
            "value": {
              "type": [
                "string",
                "null"
              ]
            }
          },
          "type": [
            "object",
            "null"
          ]
        },
        "type": [
          "array",
          "null"
        ]
      },
      "exportedBy": {
        "additionalProperties": false,
        "properties": {
          "id": {
            "format": "int64",
            "type": [
              "integer",
              "null"
            ]
          },
          "name": {
            "type": [
              "string",
              "null"
            ]
          }
        },
        "required": [
          "id"
        ],
        "type": [
          "object",
          "null"
        ]
      },
      "exportedOn": {
        "format": "date-time",
        "type": [
          "string",
          "null"
        ]
      },
      "id": {
        "format": "guid",
        "type": "string"
      },
      "isEmpty": {
        "type": [
          "boolean",
          "null"
        ]
      },
      "lastSyncVersionId": {
        "format": "int32",
        "type": [
          "integer",
          "null"
        ]
      },
      "message": {
        "type": [
          "string",
          "null"
        ]
      },
      "modifiedOn": {
        "format": "date-time",
        "type": [
          "string",
          "null"
        ]
      },
      "name": {
        "type": [
          "string",
          "null"
        ]
      },
      "number": {
        "format": "int32",
        "type": [
          "integer",
          "null"
        ]
      },
      "postDate": {
        "format": "date-time",
        "type": [
          "string",
          "null"
        ]
      },
      "status": {
        "description": "",
        "type": [
          "string",
          "null"
        ]
      },
      "syncStatus": {
        "description": "Indicates a journal entry's sync status.",
        "type": [
          "string",
          "null"
        ]
      },
      "url": {
        "type": [
          "string",
          "null"
        ]
      },
      "versionId": {
        "format": "int32",
        "type": [
          "integer",
          "null"
        ]
      }
    },
    "required": [
      "createdOn",
      "modifiedOn",
      "number",
      "status",
      "syncStatus",
      "versionId",
      "isEmpty"
    ],
    "type": "object"
  },
  "stream": "journal_entries",
  "tap_stream_id": "journal_entries"
}
