{
  "key_properties": [
    "id"
  ],
  "metadata": [
    {
      "breadcrumb": [
        "properties",
        "id"
      ],
      "metadata": {
        "inclusion": "automatic"
      }
    },
    {
      "breadcrumb": [
        "properties",
        "name"
      ],
      "metadata": {
        "inclusion": "available"
      }
    },
    {
      "breadcrumb": [
        "properties",
        "active"
      ],
      "metadata": {
        "inclusion": "available"
      }
    },
    {
      "breadcrumb": [
        "properties",
        "createdOn"
      ],
      "metadata": {
        "inclusion": "available"
      }
    },
    {
      "breadcrumb": [
        "properties",
        "modifiedOn"
      ],
      "metadata": {
        "inclusion": "automatic"
      }
    },
    {
      "breadcrumb": [],
      "metadata": {
        "inclusion": "available",
        "selected": true,
        "selected-by-default": true,
        "table-key-properties": [
          "id"
        ],
        "valid-replication-keys": [
          "modifiedOn"
        ]
      }
    }
  ],
  "replication_key": "modifiedOn",
  "replication_method": "INCREMENTAL",
  "schema": {
    "additionalProperties": false,
    "properties": {
      "active": {
        "description": "Job Hold Reason Active Status",
        "type": [
          "boolean",
          "null"
        ]
      },
      "createdOn": {
        "description": "Date/time (in UTC) when the job was created",
        "format": "date-time",
        "type": [
          "string",
          "null"
        ]
      },
      "id": {
        "description": "Job Hold Reason Id",
        "format": "int64",
        "type": "integer"
      },
      "modifiedOn": {
        "description": "Date/time (in UTC) when job was last modified",
        "format": "date-time",
        "type": [
          "string",
          "null"
        ]
      },
      "name": {
        "description": "Job Hold Reason Name",
        "type": [
          "string",
          "null"
        ]
      }
    },
    "required": [
      "id",
      "name",
      "active",
      "createdOn",
      "modifiedOn"
    ],
    "type": "object"
  },
  "stream": "job_hold_reasons",
  "tap_stream_id": "job_hold_reasons"
}
