{
  "key_properties": [
    "id"
  ],
  "metadata": [
    {
      "breadcrumb": [
        "properties",
        "id"
      ],
      "metadata": {
        "inclusion": "automatic"
      }
    },
    {
      "breadcrumb": [
        "properties",
        "active"
      ],
      "metadata": {
        "inclusion": "available"
      }
    },
    {
      "breadcrumb": [
        "properties",
        "name"
      ],
      "metadata": {
        "inclusion": "available"
      }
    },
    {
      "breadcrumb": [
        "properties",
        "type"
      ],
      "metadata": {
        "inclusion": "available"
      }
    },
    {
      "breadcrumb": [
        "properties",
        "address"
      ],
      "metadata": {
        "inclusion": "available"
      }
    },
    {
      "breadcrumb": [
        "properties",
        "address",
        "properties",
        "street"
      ],
      "metadata": {
        "inclusion": "available"
      }
    },
    {
      "breadcrumb": [
        "properties",
        "address",
        "properties",
        "unit"
      ],
      "metadata": {
        "inclusion": "available"
      }
    },
    {
      "breadcrumb": [
        "properties",
        "address",
        "properties",
        "city"
      ],
      "metadata": {
        "inclusion": "available"
      }
    },
    {
      "breadcrumb": [
        "properties",
        "address",
        "properties",
        "state"
      ],
      "metadata": {
        "inclusion": "available"
      }
    },
    {
      "breadcrumb": [
        "properties",
        "address",
        "properties",
        "zip"
      ],
      "metadata": {
        "inclusion": "available"
      }
    },
    {
      "breadcrumb": [
        "properties",
        "address",
        "properties",
        "country"
      ],
      "metadata": {
        "inclusion": "available"
      }
    },
    {
      "breadcrumb": [
        "properties",
        "address",
        "properties",
        "latitude"
      ],
      "metadata": {
        "inclusion": "available"
      }
    },
    {
      "breadcrumb": [
        "properties",
        "address",
        "properties",
        "longitude"
      ],
      "metadata": {
        "inclusion": "available"
      }
    },
    {
      "breadcrumb": [
        "properties",
        "customFields"
      ],
      "metadata": {
        "inclusion": "available"
      }
    },
    {
      "breadcrumb": [
        "properties",
        "balance"
      ],
      "metadata": {
        "inclusion": "available"
      }
    },
    {
      "breadcrumb": [
        "properties",
        "taxExempt"
      ],
      "metadata": {
        "inclusion": "available"
      }
    },
    {
      "breadcrumb": [
        "properties",
        "tagTypeIds"
      ],
      "metadata": {
        "inclusion": "available"
      }
    },
    {
      "breadcrumb": [
        "properties",
        "doNotMail"
      ],
      "metadata": {
        "inclusion": "available"
      }
    },
    {
      "breadcrumb": [
        "properties",
        "doNotService"
      ],
      "metadata": {
        "inclusion": "available"
      }
    },
    {
      "breadcrumb": [
        "properties",
        "createdOn"
      ],
      "metadata": {
        "inclusion": "available"
      }
    },
    {
      "breadcrumb": [
        "properties",
        "createdById"
      ],
      "metadata": {
        "inclusion": "available"
      }
    },
    {
      "breadcrumb": [
        "properties",
        "modifiedOn"
      ],
      "metadata": {
        "inclusion": "automatic"
      }
    },
    {
      "breadcrumb": [
        "properties",
        "mergedToId"
      ],
      "metadata": {
        "inclusion": "available"
      }
    },
    {
      "breadcrumb": [
        "properties",
        "externalData"
      ],
      "metadata": {
        "inclusion": "available"
      }
    },
    {
      "breadcrumb": [],
      "metadata": {
        "inclusion": "available",
        "selected": true,
        "selected-by-default": true,
        "table-key-properties": [
          "id"
        ],
        "valid-replication-keys": [
          "modifiedOn"
        ]
      }
    }
  ],
  "replication_key": "modifiedOn",
  "replication_method": "INCREMENTAL",
  "schema": {
    "additionalProperties": false,
    "properties": {
      "active": {
        "description": "False indicates that someone has deactivated the customer record, typically upon merging with another record.",
        "type": [
          "boolean",
          "null"
        ]
      },
      "address": {
        "additionalProperties": false,
        "description": "Bill-To address of the customer record",
        "properties": {
          "city": {
            "description": "City",
            "type": [
              "string",
              "null"
            ]
          },
          "country": {
            "description": "Country",
            "type": [
              "string",
              "null"
            ]
          },
          "latitude": {
            "description": "Latitude",
            "format": "double",
            "type": [
              "number",
              "null"
            ]
          },
          "longitude": {
            "description": "Longitude",
            "format": "double",
            "type": [
              "number",
              "null"
            ]
          },
          "state": {
            "description": "State",
            "type": [
              "string",
              "null"
            ]
          },
          "street": {
            "description": "Street",
            "type": [
              "string",
              "null"
            ]
          },
          "unit": {
            "description": "Unit",
            "type": [
              "string",
              "null"
            ]
          },
          "zip": {
            "description": "Zip",
            "type": [
              "string",
              "null"
            ]
          }
        },
        "required": [
          "street",
          "city",
          "state",
          "zip",
          "country"
        ],
        "type": [
          "object",
          "null"
        ]
      },
      "balance": {
        "description": "Customer’s account balance",
        "format": "decimal",
        "type": [
          "number",
          "null"
        ]
      },
      "createdById": {
        "description": "User ID who created the record.",
        "format": "int64",
        "type": [
          "integer",
          "null"
        ]
      },
      "createdOn": {
        "description": "DateTime (UTC) that customer record was created",
        "format": "date-time",
        "type": [
          "string",
          "null"
        ]
      },
      "customFields": {
        "description": "Customer record’s custom fields",
        "items": {
          "additionalProperties": false,
          "properties": {
            "name": {
              "description": "Name/label of the custom field",
              "type": [
                "string",
                "null"
              ]
            },
            "typeId": {
              "description": "ID of the custom field",
              "format": "int64",
              "type": [
                "integer",
                "null"
              ]
            },
            "value": {
              "description": "Value of the custom field",
              "type": [
                "string",
                "null"
              ]
            }
          },
          "required": [
            "typeId"
          ],
          "type": [
            "object",
            "null"
          ]
        },
        "type": [
          "array",
          "null"
        ]
      },
      "doNotMail": {
        "description": "Customer has been flagged as “do not mail”",
        "type": [
          "boolean",
          "null"
        ]
      },
      "doNotService": {
        "description": "Customer has been flagged as “do not service”",
        "type": [
          "boolean",
          "null"
        ]
      },
      "externalData": {
        "description": "List of external data attached to this Customer,\nwhich corresponds to the application GUID provided in the request.",
        "items": {
          "additionalProperties": false,
          "properties": {
            "key": {
              "description": "External data key.",
              "type": [
                "string",
                "null"
              ]
            },
            "value": {
              "description": "External data value.",
              "type": [
                "string",
                "null"
              ]
            }
          },
          "required": [
            "key",
            "value"
          ],
          "type": [
            "object",
            "null"
          ]
        },
        "type": [
          "array",
          "null"
        ]
      },
      "id": {
        "description": "ID of the customer",
        "format": "int64",
        "type": "integer"
      },
      "mergedToId": {
        "description": "The customer ID of the record that this record was previously merged to.",
        "format": "int64",
        "type": [
          "integer",
          "null"
        ]
      },
      "modifiedOn": {
        "description": "Modified on (UTC) for the record.",
        "format": "date-time",
        "type": [
          "string",
          "null"
        ]
      },
      "name": {
        "description": "Name of the customer",
        "type": [
          "string",
          "null"
        ]
      },
      "tagTypeIds": {
        "description": "Tag Type IDs associated with the Customer",
        "items": {
          "format": "int64",
          "type": "integer"
        },
        "type": [
          "array",
          "null"
        ]
      },
      "taxExempt": {
        "description": "Tax Exempt status of the customer.",
        "type": [
          "boolean",
          "null"
        ]
      },
      "type": {
        "description": "Indicates a customer's type.",
        "type": [
          "string",
          "null"
        ]
      }
    },
    "required": [
      "id",
      "active",
      "name",
      "type",
      "address",
      "customFields",
      "balance",
      "taxExempt",
      "tagTypeIds",
      "doNotMail",
      "doNotService",
      "createdOn",
      "createdById",
      "modifiedOn",
      "externalData"
    ],
    "type": "object"
  },
  "stream": "customers",
  "tap_stream_id": "customers"
}
