{
  "key_properties": [
    "id"
  ],
  "metadata": [
    {
      "breadcrumb": [
        "properties",
        "id"
      ],
      "metadata": {
        "inclusion": "automatic"
      }
    },
    {
      "breadcrumb": [
        "properties",
        "employeeType"
      ],
      "metadata": {
        "inclusion": "available"
      }
    },
    {
      "breadcrumb": [
        "properties",
        "employeeId"
      ],
      "metadata": {
        "inclusion": "available"
      }
    },
    {
      "breadcrumb": [
        "properties",
        "postedOn"
      ],
      "metadata": {
        "inclusion": "available"
      }
    },
    {
      "breadcrumb": [
        "properties",
        "amount"
      ],
      "metadata": {
        "inclusion": "available"
      }
    },
    {
      "breadcrumb": [
        "properties",
        "memo"
      ],
      "metadata": {
        "inclusion": "available"
      }
    },
    {
      "breadcrumb": [
        "properties",
        "activityCodeId"
      ],
      "metadata": {
        "inclusion": "available"
      }
    },
    {
      "breadcrumb": [
        "properties",
        "invoiceId"
      ],
      "metadata": {
        "inclusion": "available"
      }
    },
    {
      "breadcrumb": [
        "properties",
        "hours"
      ],
      "metadata": {
        "inclusion": "available"
      }
    },
    {
      "breadcrumb": [
        "properties",
        "rate"
      ],
      "metadata": {
        "inclusion": "available"
      }
    },
    {
      "breadcrumb": [
        "properties",
        "createdOn"
      ],
      "metadata": {
        "inclusion": "available"
      }
    },
    {
      "breadcrumb": [
        "properties",
        "modifiedOn"
      ],
      "metadata": {
        "inclusion": "automatic"
      }
    },
    {
      "breadcrumb": [
        "properties",
        "active"
      ],
      "metadata": {
        "inclusion": "available"
      }
    },
    {
      "breadcrumb": [],
      "metadata": {
        "inclusion": "available",
        "selected": true,
        "selected-by-default": true,
        "table-key-properties": [
          "id"
        ],
        "valid-replication-keys": [
          "modifiedOn"
        ]
      }
    }
  ],
  "replication_key": "modifiedOn",
  "replication_method": "INCREMENTAL",
  "schema": {
    "additionalProperties": false,
    "properties": {
      "active": {
        "description": "Whether payroll adjustment is active",
        "type": [
          "boolean",
          "null"
        ]
      },
      "activityCodeId": {
        "description": "Activity code ID of the payroll adjustment",
        "format": "int64",
        "type": [
          "integer",
          "null"
        ]
      },
      "amount": {
        "description": "Amount of the payroll adjustment",
        "format": "decimal",
        "type": [
          "number",
          "null"
        ]
      },
      "createdOn": {
        "description": "Date/time (on UTC) when the payroll adjustment was created",
        "format": "date-time",
        "type": [
          "string",
          "null"
        ]
      },
      "employeeId": {
        "description": "Employee ID of the payroll adjustment",
        "format": "int64",
        "type": [
          "integer",
          "null"
        ]
      },
      "employeeType": {
        "description": "",
        "type": [
          "string",
          "null"
        ]
      },
      "hours": {
        "description": "Hours of the payroll adjustment",
        "format": "decimal",
        "type": [
          "number",
          "null"
        ]
      },
      "id": {
        "description": "ID of the payroll adjustment",
        "format": "int64",
        "type": "integer"
      },
      "invoiceId": {
        "description": "ID of the payroll adjustment invoice",
        "format": "int64",
        "type": [
          "integer",
          "null"
        ]
      },
      "memo": {
        "description": "Memo of the payroll adjustment",
        "type": [
          "string",
          "null"
        ]
      },
      "modifiedOn": {
        "description": "Date/time (on UTC) when the payroll adjustment was modified",
        "format": "date-time",
        "type": [
          "string",
          "null"
        ]
      },
      "postedOn": {
        "description": "Posted date/time (UTC) of the payroll adjustment",
        "format": "date-time",
        "type": [
          "string",
          "null"
        ]
      },
      "rate": {
        "description": "Rate of the payroll adjustment",
        "format": "decimal",
        "type": [
          "number",
          "null"
        ]
      }
    },
    "required": [
      "id",
      "employeeType",
      "employeeId",
      "postedOn",
      "amount",
      "createdOn",
      "modifiedOn",
      "active"
    ],
    "type": "object"
  },
  "stream": "payroll_adjustments",
  "tap_stream_id": "payroll_adjustments"
}
