{
  "key_properties": [
    "id"
  ],
  "metadata": [
    {
      "breadcrumb": [
        "properties",
        "id"
      ],
      "metadata": {
        "inclusion": "automatic"
      }
    },
    {
      "breadcrumb": [
        "properties",
        "name"
      ],
      "metadata": {
        "inclusion": "available"
      }
    },
    {
      "breadcrumb": [
        "properties",
        "active"
      ],
      "metadata": {
        "inclusion": "available"
      }
    },
    {
      "breadcrumb": [
        "properties",
        "createdOn"
      ],
      "metadata": {
        "inclusion": "available"
      }
    },
    {
      "breadcrumb": [
        "properties",
        "createdById"
      ],
      "metadata": {
        "inclusion": "available"
      }
    },
    {
      "breadcrumb": [
        "properties",
        "modifiedOn"
      ],
      "metadata": {
        "inclusion": "automatic"
      }
    },
    {
      "breadcrumb": [
        "properties",
        "importId"
      ],
      "metadata": {
        "inclusion": "available"
      }
    },
    {
      "breadcrumb": [
        "properties",
        "membershipId"
      ],
      "metadata": {
        "inclusion": "available"
      }
    },
    {
      "breadcrumb": [
        "properties",
        "locationId"
      ],
      "metadata": {
        "inclusion": "available"
      }
    },
    {
      "breadcrumb": [
        "properties",
        "recurringServiceTypeId"
      ],
      "metadata": {
        "inclusion": "available"
      }
    },
    {
      "breadcrumb": [
        "properties",
        "durationType"
      ],
      "metadata": {
        "inclusion": "available"
      }
    },
    {
      "breadcrumb": [
        "properties",
        "durationLength"
      ],
      "metadata": {
        "inclusion": "available"
      }
    },
    {
      "breadcrumb": [
        "properties",
        "from"
      ],
      "metadata": {
        "inclusion": "available"
      }
    },
    {
      "breadcrumb": [
        "properties",
        "to"
      ],
      "metadata": {
        "inclusion": "available"
      }
    },
    {
      "breadcrumb": [
        "properties",
        "memo"
      ],
      "metadata": {
        "inclusion": "available"
      }
    },
    {
      "breadcrumb": [
        "properties",
        "invoiceTemplateId"
      ],
      "metadata": {
        "inclusion": "available"
      }
    },
    {
      "breadcrumb": [
        "properties",
        "invoiceTemplateForFollowingYearsId"
      ],
      "metadata": {
        "inclusion": "available"
      }
    },
    {
      "breadcrumb": [
        "properties",
        "firstVisitComplete"
      ],
      "metadata": {
        "inclusion": "available"
      }
    },
    {
      "breadcrumb": [
        "properties",
        "activatedFromId"
      ],
      "metadata": {
        "inclusion": "available"
      }
    },
    {
      "breadcrumb": [
        "properties",
        "allocation"
      ],
      "metadata": {
        "inclusion": "available"
      }
    },
    {
      "breadcrumb": [
        "properties",
        "businessUnitId"
      ],
      "metadata": {
        "inclusion": "available"
      }
    },
    {
      "breadcrumb": [
        "properties",
        "jobTypeId"
      ],
      "metadata": {
        "inclusion": "available"
      }
    },
    {
      "breadcrumb": [
        "properties",
        "campaignId"
      ],
      "metadata": {
        "inclusion": "available"
      }
    },
    {
      "breadcrumb": [
        "properties",
        "priority"
      ],
      "metadata": {
        "inclusion": "available"
      }
    },
    {
      "breadcrumb": [
        "properties",
        "jobSummary"
      ],
      "metadata": {
        "inclusion": "available"
      }
    },
    {
      "breadcrumb": [
        "properties",
        "recurrenceType"
      ],
      "metadata": {
        "inclusion": "available"
      }
    },
    {
      "breadcrumb": [
        "properties",
        "recurrenceInterval"
      ],
      "metadata": {
        "inclusion": "available"
      }
    },
    {
      "breadcrumb": [
        "properties",
        "recurrenceMonths"
      ],
      "metadata": {
        "inclusion": "available"
      }
    },
    {
      "breadcrumb": [
        "properties",
        "recurrenceDaysOfWeek"
      ],
      "metadata": {
        "inclusion": "available"
      }
    },
    {
      "breadcrumb": [
        "properties",
        "recurrenceWeek"
      ],
      "metadata": {
        "inclusion": "available"
      }
    },
    {
      "breadcrumb": [
        "properties",
        "recurrenceDayOfNthWeek"
      ],
      "metadata": {
        "inclusion": "available"
      }
    },
    {
      "breadcrumb": [
        "properties",
        "recurrenceDaysOfMonth"
      ],
      "metadata": {
        "inclusion": "available"
      }
    },
    {
      "breadcrumb": [
        "properties",
        "jobStartTime"
      ],
      "metadata": {
        "inclusion": "available"
      }
    },
    {
      "breadcrumb": [
        "properties",
        "estimatedPayrollCost"
      ],
      "metadata": {
        "inclusion": "available"
      }
    },
    {
      "breadcrumb": [
        "properties",
        "preferredTechnicianIds"
      ],
      "metadata": {
        "inclusion": "available"
      }
    },
    {
      "breadcrumb": [
        "properties",
        "tagTypeIds"
      ],
      "metadata": {
        "inclusion": "available"
      }
    },
    {
      "breadcrumb": [],
      "metadata": {
        "inclusion": "available",
        "selected": true,
        "selected-by-default": true,
        "table-key-properties": [
          "id"
        ],
        "valid-replication-keys": [
          "modifiedOn"
        ]
      }
    }
  ],
  "replication_key": "modifiedOn",
  "replication_method": "INCREMENTAL",
  "schema": {
    "additionalProperties": false,
    "properties": {
      "activatedFromId": {
        "description": "ID of the invoice item that is the sale task of this membership",
        "format": "int64",
        "type": [
          "integer",
          "null"
        ]
      },
      "active": {
        "description": "Whether recurring service is active",
        "type": [
          "boolean",
          "null"
        ]
      },
      "allocation": {
        "description": "Recurring service allocation",
        "format": "decimal",
        "type": [
          "number",
          "null"
        ]
      },
      "businessUnitId": {
        "description": "Business unit ID",
        "format": "int64",
        "type": [
          "integer",
          "null"
        ]
      },
      "campaignId": {
        "description": "Campaign ID",
        "format": "int64",
        "type": [
          "integer",
          "null"
        ]
      },
      "createdById": {
        "description": "ID of the user that created this recurring service",
        "format": "int64",
        "type": [
          "integer",
          "null"
        ]
      },
      "createdOn": {
        "description": "When recurring service was created",
        "format": "date-time",
        "type": [
          "string",
          "null"
        ]
      },
      "durationLength": {
        "description": "The duration length for the given duration type",
        "format": "int32",
        "type": [
          "integer",
          "null"
        ]
      },
      "durationType": {
        "description": "",
        "type": [
          "string",
          "null"
        ]
      },
      "estimatedPayrollCost": {
        "description": "Estimated payroll cost",
        "format": "decimal",
        "type": [
          "number",
          "null"
        ]
      },
      "firstVisitComplete": {
        "description": "Whether first visit is complete",
        "type": [
          "boolean",
          "null"
        ]
      },
      "from": {
        "description": "Beginning date of recurring service",
        "format": "date-time",
        "type": [
          "string",
          "null"
        ]
      },
      "id": {
        "description": "Recurring service ID",
        "format": "int64",
        "type": "integer"
      },
      "importId": {
        "description": "Internal import ID label",
        "type": [
          "string",
          "null"
        ]
      },
      "invoiceTemplateForFollowingYearsId": {
        "description": "Invoice template ID for the 2nd year and following (for ongoing memberships)",
        "format": "int64",
        "type": [
          "integer",
          "null"
        ]
      },
      "invoiceTemplateId": {
        "description": "Invoice template ID",
        "format": "int64",
        "type": [
          "integer",
          "null"
        ]
      },
      "jobStartTime": {
        "description": "Job start time",
        "format": "duration",
        "type": [
          "string",
          "null"
        ]
      },
      "jobSummary": {
        "description": "Job summary",
        "type": [
          "string",
          "null"
        ]
      },
      "jobTypeId": {
        "description": "Job type ID",
        "format": "int64",
        "type": [
          "integer",
          "null"
        ]
      },
      "locationId": {
        "description": "Location ID",
        "format": "int64",
        "type": [
          "integer",
          "null"
        ]
      },
      "membershipId": {
        "description": "Customer membership ID",
        "format": "int64",
        "type": [
          "integer",
          "null"
        ]
      },
      "memo": {
        "description": "Memo",
        "type": [
          "string",
          "null"
        ]
      },
      "modifiedOn": {
        "description": "When recurring service was modified",
        "format": "date-time",
        "type": [
          "string",
          "null"
        ]
      },
      "name": {
        "description": "Recurring service name",
        "type": [
          "string",
          "null"
        ]
      },
      "preferredTechnicianIds": {
        "description": "A list of technician IDs assigned to this recurring service.\nWill be null if was not requested via IncludeTechnicians field.",
        "items": {
          "format": "int64",
          "type": "integer"
        },
        "type": [
          "array",
          "null"
        ]
      },
      "priority": {
        "description": "",
        "type": [
          "string",
          "null"
        ]
      },
      "recurrenceDayOfNthWeek": {
        "description": "Day of week as a string, e.g. \"Monday\" or \"Thursday\"",
        "type": [
          "string",
          "null"
        ]
      },
      "recurrenceDaysOfMonth": {
        "description": "A list of days of the month on which this recurring service recurs when\nRecurrenceType is Monthly.",
        "items": {
          "format": "int32",
          "type": "integer"
        },
        "type": [
          "array",
          "null"
        ]
      },
      "recurrenceDaysOfWeek": {
        "description": "A list specifying which days of the week this recurring service recurs when\nRecurrenceType is Weekly",
        "items": {
          "description": "Day of week as a string, e.g. \"Monday\" or \"Thursday\"",
          "type": "string"
        },
        "type": [
          "array",
          "null"
        ]
      },
      "recurrenceInterval": {
        "description": "The recurrence interval for the given recurrence type.\nCan be 0 when RecurrenceType is Seasonal.",
        "format": "int32",
        "type": [
          "integer",
          "null"
        ]
      },
      "recurrenceMonths": {
        "description": "A list of months when the recurring service occurs, if it is a seasonal recurrence type",
        "items": {
          "description": "Month name as a string, e.g. \"January\" or \"May\"",
          "type": "string"
        },
        "type": [
          "array",
          "null"
        ]
      },
      "recurrenceType": {
        "description": "",
        "type": [
          "string",
          "null"
        ]
      },
      "recurrenceWeek": {
        "description": "",
        "type": [
          "string",
          "null"
        ]
      },
      "recurringServiceTypeId": {
        "description": "Recurring Service Type ID",
        "format": "int64",
        "type": [
          "integer",
          "null"
        ]
      },
      "tagTypeIds": {
        "description": "A list of tag IDs associated to this recurring service. ",
        "items": {
          "format": "int64",
          "type": "integer"
        },
        "type": [
          "array",
          "null"
        ]
      },
      "to": {
        "description": "End date of recurring service",
        "format": "date-time",
        "type": [
          "string",
          "null"
        ]
      }
    },
    "required": [
      "id",
      "name",
      "active",
      "createdOn",
      "modifiedOn",
      "locationId",
      "recurringServiceTypeId",
      "durationType",
      "durationLength",
      "firstVisitComplete",
      "allocation",
      "priority",
      "recurrenceType",
      "recurrenceInterval",
      "recurrenceMonths",
      "recurrenceDaysOfWeek",
      "recurrenceWeek",
      "recurrenceDaysOfMonth",
      "tagTypeIds"
    ],
    "type": "object"
  },
  "stream": "recurring_services",
  "tap_stream_id": "recurring_services"
}
