{
  "key_properties": [
    "id"
  ],
  "metadata": [
    {
      "breadcrumb": [
        "properties",
        "id"
      ],
      "metadata": {
        "inclusion": "automatic"
      }
    },
    {
      "breadcrumb": [
        "properties",
        "number"
      ],
      "metadata": {
        "inclusion": "available"
      }
    },
    {
      "breadcrumb": [
        "properties",
        "name"
      ],
      "metadata": {
        "inclusion": "available"
      }
    },
    {
      "breadcrumb": [
        "properties",
        "summary"
      ],
      "metadata": {
        "inclusion": "available"
      }
    },
    {
      "breadcrumb": [
        "properties",
        "status"
      ],
      "metadata": {
        "inclusion": "available"
      }
    },
    {
      "breadcrumb": [
        "properties",
        "statusId"
      ],
      "metadata": {
        "inclusion": "available"
      }
    },
    {
      "breadcrumb": [
        "properties",
        "subStatus"
      ],
      "metadata": {
        "inclusion": "available"
      }
    },
    {
      "breadcrumb": [
        "properties",
        "subStatusId"
      ],
      "metadata": {
        "inclusion": "available"
      }
    },
    {
      "breadcrumb": [
        "properties",
        "customerId"
      ],
      "metadata": {
        "inclusion": "available"
      }
    },
    {
      "breadcrumb": [
        "properties",
        "locationId"
      ],
      "metadata": {
        "inclusion": "available"
      }
    },
    {
      "breadcrumb": [
        "properties",
        "projectTypeId"
      ],
      "metadata": {
        "inclusion": "available"
      }
    },
    {
      "breadcrumb": [
        "properties",
        "projectManagerIds"
      ],
      "metadata": {
        "inclusion": "available"
      }
    },
    {
      "breadcrumb": [
        "properties",
        "businessUnitIds"
      ],
      "metadata": {
        "inclusion": "available"
      }
    },
    {
      "breadcrumb": [
        "properties",
        "startDate"
      ],
      "metadata": {
        "inclusion": "available"
      }
    },
    {
      "breadcrumb": [
        "properties",
        "targetCompletionDate"
      ],
      "metadata": {
        "inclusion": "available"
      }
    },
    {
      "breadcrumb": [
        "properties",
        "actualCompletionDate"
      ],
      "metadata": {
        "inclusion": "available"
      }
    },
    {
      "breadcrumb": [
        "properties",
        "modifiedOn"
      ],
      "metadata": {
        "inclusion": "automatic"
      }
    },
    {
      "breadcrumb": [
        "properties",
        "createdOn"
      ],
      "metadata": {
        "inclusion": "available"
      }
    },
    {
      "breadcrumb": [
        "properties",
        "customFields"
      ],
      "metadata": {
        "inclusion": "available"
      }
    },
    {
      "breadcrumb": [
        "properties",
        "externalData"
      ],
      "metadata": {
        "inclusion": "available"
      }
    },
    {
      "breadcrumb": [
        "properties",
        "jobIds"
      ],
      "metadata": {
        "inclusion": "available"
      }
    },
    {
      "breadcrumb": [
        "properties",
        "active"
      ],
      "metadata": {
        "inclusion": "available"
      }
    },
    {
      "breadcrumb": [],
      "metadata": {
        "inclusion": "available",
        "selected": true,
        "selected-by-default": true,
        "table-key-properties": [
          "id"
        ],
        "valid-replication-keys": [
          "modifiedOn"
        ]
      }
    }
  ],
  "replication_key": "modifiedOn",
  "replication_method": "INCREMENTAL",
  "schema": {
    "additionalProperties": false,
    "properties": {
      "active": {
        "type": [
          "boolean",
          "null"
        ]
      },
      "actualCompletionDate": {
        "description": "Actual completion date of the project",
        "format": "date-time",
        "type": [
          "string",
          "null"
        ]
      },
      "businessUnitIds": {
        "description": "IDs of business units for the project.",
        "items": {
          "format": "int64",
          "type": "integer"
        },
        "type": [
          "array",
          "null"
        ]
      },
      "createdOn": {
        "description": "Date/time (in UTC) when the project was created",
        "format": "date-time",
        "type": [
          "string",
          "null"
        ]
      },
      "customFields": {
        "description": "Custom fields on the project",
        "items": {
          "additionalProperties": false,
          "properties": {
            "name": {
              "type": [
                "string",
                "null"
              ]
            },
            "typeId": {
              "format": "int64",
              "type": [
                "integer",
                "null"
              ]
            },
            "value": {
              "type": [
                "string",
                "null"
              ]
            }
          },
          "required": [
            "typeId",
            "name",
            "value"
          ],
          "type": [
            "object",
            "null"
          ]
        },
        "type": [
          "array",
          "null"
        ]
      },
      "customerId": {
        "description": "ID of the project's customer",
        "format": "int64",
        "type": [
          "integer",
          "null"
        ]
      },
      "externalData": {
        "description": "List of external data attached to this project,\nthat corresponds to the application guid provided in the request.",
        "items": {
          "additionalProperties": false,
          "properties": {
            "key": {
              "description": "External data key.",
              "type": [
                "string",
                "null"
              ]
            },
            "value": {
              "description": "External data value.",
              "type": [
                "string",
                "null"
              ]
            }
          },
          "required": [
            "key",
            "value"
          ],
          "type": [
            "object",
            "null"
          ]
        },
        "type": [
          "array",
          "null"
        ]
      },
      "id": {
        "description": "ID of the project",
        "format": "int64",
        "type": "integer"
      },
      "jobIds": {
        "description": "List of jobs associated with this project.",
        "items": {
          "format": "int64",
          "type": "integer"
        },
        "type": [
          "array",
          "null"
        ]
      },
      "locationId": {
        "description": "ID of the project's location",
        "format": "int64",
        "type": [
          "integer",
          "null"
        ]
      },
      "modifiedOn": {
        "description": "Projects last modification date",
        "format": "date-time",
        "type": [
          "string",
          "null"
        ]
      },
      "name": {
        "description": "Project name",
        "type": [
          "string",
          "null"
        ]
      },
      "number": {
        "description": "Project number",
        "type": [
          "string",
          "null"
        ]
      },
      "projectManagerIds": {
        "description": "IDs of project managers for the project.",
        "items": {
          "format": "int64",
          "type": "integer"
        },
        "type": [
          "array",
          "null"
        ]
      },
      "projectTypeId": {
        "description": "ID of the project's type",
        "format": "int64",
        "type": [
          "integer",
          "null"
        ]
      },
      "startDate": {
        "description": "Start date of the project",
        "format": "date-time",
        "type": [
          "string",
          "null"
        ]
      },
      "status": {
        "description": "Project status",
        "type": [
          "string",
          "null"
        ]
      },
      "statusId": {
        "description": "Project status id",
        "format": "int64",
        "type": [
          "integer",
          "null"
        ]
      },
      "subStatus": {
        "description": "Project substatus",
        "type": [
          "string",
          "null"
        ]
      },
      "subStatusId": {
        "description": "Project substatus id",
        "format": "int64",
        "type": [
          "integer",
          "null"
        ]
      },
      "summary": {
        "description": "Project summary",
        "format": "html",
        "type": [
          "string",
          "null"
        ]
      },
      "targetCompletionDate": {
        "description": "Target completion date of the project",
        "format": "date-time",
        "type": [
          "string",
          "null"
        ]
      }
    },
    "required": [
      "id",
      "number",
      "customerId",
      "locationId",
      "projectManagerIds",
      "businessUnitIds",
      "createdOn",
      "customFields",
      "externalData",
      "jobIds",
      "active"
    ],
    "type": "object"
  },
  "stream": "projects",
  "tap_stream_id": "projects"
}
