{
  "key_properties": [
    "id"
  ],
  "metadata": [
    {
      "breadcrumb": [
        "properties",
        "id"
      ],
      "metadata": {
        "inclusion": "automatic"
      }
    },
    {
      "breadcrumb": [
        "properties",
        "purchaseOrderId"
      ],
      "metadata": {
        "inclusion": "available"
      }
    },
    {
      "breadcrumb": [
        "properties",
        "syncStatus"
      ],
      "metadata": {
        "inclusion": "available"
      }
    },
    {
      "breadcrumb": [
        "properties",
        "referenceNumber"
      ],
      "metadata": {
        "inclusion": "available"
      }
    },
    {
      "breadcrumb": [
        "properties",
        "vendorNumber"
      ],
      "metadata": {
        "inclusion": "available"
      }
    },
    {
      "breadcrumb": [
        "properties",
        "summary"
      ],
      "metadata": {
        "inclusion": "available"
      }
    },
    {
      "breadcrumb": [
        "properties",
        "billDate"
      ],
      "metadata": {
        "inclusion": "available"
      }
    },
    {
      "breadcrumb": [
        "properties",
        "billAmount"
      ],
      "metadata": {
        "inclusion": "available"
      }
    },
    {
      "breadcrumb": [
        "properties",
        "taxAmount"
      ],
      "metadata": {
        "inclusion": "available"
      }
    },
    {
      "breadcrumb": [
        "properties",
        "shippingAmount"
      ],
      "metadata": {
        "inclusion": "available"
      }
    },
    {
      "breadcrumb": [
        "properties",
        "createdBy"
      ],
      "metadata": {
        "inclusion": "available"
      }
    },
    {
      "breadcrumb": [
        "properties",
        "createdOn"
      ],
      "metadata": {
        "inclusion": "available"
      }
    },
    {
      "breadcrumb": [
        "properties",
        "modifiedOn"
      ],
      "metadata": {
        "inclusion": "automatic"
      }
    },
    {
      "breadcrumb": [
        "properties",
        "termName"
      ],
      "metadata": {
        "inclusion": "available"
      }
    },
    {
      "breadcrumb": [
        "properties",
        "dueDate"
      ],
      "metadata": {
        "inclusion": "available"
      }
    },
    {
      "breadcrumb": [
        "properties",
        "shipToDescription"
      ],
      "metadata": {
        "inclusion": "available"
      }
    },
    {
      "breadcrumb": [
        "properties",
        "batch"
      ],
      "metadata": {
        "inclusion": "available"
      }
    },
    {
      "breadcrumb": [
        "properties",
        "batch",
        "properties",
        "id"
      ],
      "metadata": {
        "inclusion": "available"
      }
    },
    {
      "breadcrumb": [
        "properties",
        "batch",
        "properties",
        "number"
      ],
      "metadata": {
        "inclusion": "available"
      }
    },
    {
      "breadcrumb": [
        "properties",
        "batch",
        "properties",
        "name"
      ],
      "metadata": {
        "inclusion": "available"
      }
    },
    {
      "breadcrumb": [
        "properties",
        "businessUnit"
      ],
      "metadata": {
        "inclusion": "available"
      }
    },
    {
      "breadcrumb": [
        "properties",
        "businessUnit",
        "properties",
        "id"
      ],
      "metadata": {
        "inclusion": "available"
      }
    },
    {
      "breadcrumb": [
        "properties",
        "businessUnit",
        "properties",
        "name"
      ],
      "metadata": {
        "inclusion": "available"
      }
    },
    {
      "breadcrumb": [
        "properties",
        "taxZone"
      ],
      "metadata": {
        "inclusion": "available"
      }
    },
    {
      "breadcrumb": [
        "properties",
        "taxZone",
        "properties",
        "id"
      ],
      "metadata": {
        "inclusion": "available"
      }
    },
    {
      "breadcrumb": [
        "properties",
        "taxZone",
        "properties",
        "name"
      ],
      "metadata": {
        "inclusion": "available"
      }
    },
    {
      "breadcrumb": [
        "properties",
        "vendor"
      ],
      "metadata": {
        "inclusion": "available"
      }
    },
    {
      "breadcrumb": [
        "properties",
        "vendor",
        "properties",
        "id"
      ],
      "metadata": {
        "inclusion": "available"
      }
    },
    {
      "breadcrumb": [
        "properties",
        "vendor",
        "properties",
        "name"
      ],
      "metadata": {
        "inclusion": "available"
      }
    },
    {
      "breadcrumb": [
        "properties",
        "shipTo"
      ],
      "metadata": {
        "inclusion": "available"
      }
    },
    {
      "breadcrumb": [
        "properties",
        "shipTo",
        "properties",
        "street"
      ],
      "metadata": {
        "inclusion": "available"
      }
    },
    {
      "breadcrumb": [
        "properties",
        "shipTo",
        "properties",
        "unit"
      ],
      "metadata": {
        "inclusion": "available"
      }
    },
    {
      "breadcrumb": [
        "properties",
        "shipTo",
        "properties",
        "city"
      ],
      "metadata": {
        "inclusion": "available"
      }
    },
    {
      "breadcrumb": [
        "properties",
        "shipTo",
        "properties",
        "state"
      ],
      "metadata": {
        "inclusion": "available"
      }
    },
    {
      "breadcrumb": [
        "properties",
        "shipTo",
        "properties",
        "zip"
      ],
      "metadata": {
        "inclusion": "available"
      }
    },
    {
      "breadcrumb": [
        "properties",
        "shipTo",
        "properties",
        "country"
      ],
      "metadata": {
        "inclusion": "available"
      }
    },
    {
      "breadcrumb": [
        "properties",
        "items"
      ],
      "metadata": {
        "inclusion": "available"
      }
    },
    {
      "breadcrumb": [
        "properties",
        "customFields"
      ],
      "metadata": {
        "inclusion": "available"
      }
    },
    {
      "breadcrumb": [
        "properties",
        "jobId"
      ],
      "metadata": {
        "inclusion": "available"
      }
    },
    {
      "breadcrumb": [
        "properties",
        "jobNumber"
      ],
      "metadata": {
        "inclusion": "available"
      }
    },
    {
      "breadcrumb": [
        "properties",
        "active"
      ],
      "metadata": {
        "inclusion": "available"
      }
    },
    {
      "breadcrumb": [],
      "metadata": {
        "inclusion": "available",
        "selected": true,
        "selected-by-default": true,
        "table-key-properties": [
          "id"
        ],
        "valid-replication-keys": [
          "modifiedOn"
        ]
      }
    }
  ],
  "replication_key": "modifiedOn",
  "replication_method": "INCREMENTAL",
  "schema": {
    "additionalProperties": false,
    "properties": {
      "active": {
        "type": [
          "boolean",
          "null"
        ]
      },
      "batch": {
        "additionalProperties": false,
        "properties": {
          "id": {
            "format": "int64",
            "type": [
              "integer",
              "null"
            ]
          },
          "name": {
            "type": [
              "string",
              "null"
            ]
          },
          "number": {
            "type": [
              "string",
              "null"
            ]
          }
        },
        "required": [
          "id"
        ],
        "type": [
          "object",
          "null"
        ]
      },
      "billAmount": {
        "type": [
          "string",
          "null"
        ]
      },
      "billDate": {
        "format": "date-time",
        "type": [
          "string",
          "null"
        ]
      },
      "businessUnit": {
        "additionalProperties": false,
        "properties": {
          "id": {
            "format": "int64",
            "type": [
              "integer",
              "null"
            ]
          },
          "name": {
            "type": [
              "string",
              "null"
            ]
          }
        },
        "required": [
          "id"
        ],
        "type": [
          "object",
          "null"
        ]
      },
      "createdBy": {
        "type": [
          "string",
          "null"
        ]
      },
      "createdOn": {
        "format": "date-time",
        "type": [
          "string",
          "null"
        ]
      },
      "customFields": {
        "items": {
          "additionalProperties": false,
          "properties": {
            "name": {
              "type": [
                "string",
                "null"
              ]
            },
            "value": {
              "type": [
                "string",
                "null"
              ]
            }
          },
          "type": [
            "object",
            "null"
          ]
        },
        "type": [
          "array",
          "null"
        ]
      },
      "dueDate": {
        "format": "date-time",
        "type": [
          "string",
          "null"
        ]
      },
      "id": {
        "format": "int64",
        "type": "integer"
      },
      "items": {
        "items": {
          "additionalProperties": false,
          "properties": {
            "assetAccount": {
              "additionalProperties": false,
              "properties": {
                "detailType": {
                  "type": [
                    "string",
                    "null"
                  ]
                },
                "id": {
                  "format": "int64",
                  "type": [
                    "integer",
                    "null"
                  ]
                },
                "name": {
                  "type": [
                    "string",
                    "null"
                  ]
                },
                "number": {
                  "type": [
                    "string",
                    "null"
                  ]
                },
                "type": {
                  "type": [
                    "string",
                    "null"
                  ]
                }
              },
              "required": [
                "id"
              ],
              "type": [
                "object",
                "null"
              ]
            },
            "cost": {
              "type": [
                "string",
                "null"
              ]
            },
            "costOfSaleAccount": {
              "additionalProperties": false,
              "properties": {
                "detailType": {
                  "type": [
                    "string",
                    "null"
                  ]
                },
                "id": {
                  "format": "int64",
                  "type": [
                    "integer",
                    "null"
                  ]
                },
                "name": {
                  "type": [
                    "string",
                    "null"
                  ]
                },
                "number": {
                  "type": [
                    "string",
                    "null"
                  ]
                },
                "type": {
                  "type": [
                    "string",
                    "null"
                  ]
                }
              },
              "required": [
                "id"
              ],
              "type": [
                "object",
                "null"
              ]
            },
            "description": {
              "format": "html",
              "type": [
                "string",
                "null"
              ]
            },
            "generalLedgerAccount": {
              "additionalProperties": false,
              "properties": {
                "detailType": {
                  "type": [
                    "string",
                    "null"
                  ]
                },
                "id": {
                  "format": "int64",
                  "type": [
                    "integer",
                    "null"
                  ]
                },
                "name": {
                  "type": [
                    "string",
                    "null"
                  ]
                },
                "number": {
                  "type": [
                    "string",
                    "null"
                  ]
                },
                "type": {
                  "type": [
                    "string",
                    "null"
                  ]
                }
              },
              "required": [
                "id"
              ],
              "type": [
                "object",
                "null"
              ]
            },
            "id": {
              "format": "int64",
              "type": [
                "integer",
                "null"
              ]
            },
            "inventoryLocation": {
              "type": [
                "string",
                "null"
              ]
            },
            "name": {
              "type": [
                "string",
                "null"
              ]
            },
            "order": {
              "format": "int32",
              "type": [
                "integer",
                "null"
              ]
            },
            "quantity": {
              "type": [
                "string",
                "null"
              ]
            },
            "receiptItemId": {
              "format": "int64",
              "type": [
                "integer",
                "null"
              ]
            },
            "serialNumber": {
              "type": [
                "string",
                "null"
              ]
            },
            "skuCode": {
              "type": [
                "string",
                "null"
              ]
            },
            "skuId": {
              "format": "int64",
              "type": [
                "integer",
                "null"
              ]
            },
            "skuType": {
              "type": [
                "string",
                "null"
              ]
            }
          },
          "required": [
            "order",
            "id",
            "skuId",
            "skuType",
            "skuCode"
          ],
          "type": [
            "object",
            "null"
          ]
        },
        "type": [
          "array",
          "null"
        ]
      },
      "jobId": {
        "format": "int64",
        "type": [
          "integer",
          "null"
        ]
      },
      "jobNumber": {
        "type": [
          "string",
          "null"
        ]
      },
      "modifiedOn": {
        "format": "date-time",
        "type": [
          "string",
          "null"
        ]
      },
      "purchaseOrderId": {
        "format": "int64",
        "type": [
          "integer",
          "null"
        ]
      },
      "referenceNumber": {
        "type": [
          "string",
          "null"
        ]
      },
      "shipTo": {
        "additionalProperties": false,
        "properties": {
          "city": {
            "type": [
              "string",
              "null"
            ]
          },
          "country": {
            "type": [
              "string",
              "null"
            ]
          },
          "state": {
            "type": [
              "string",
              "null"
            ]
          },
          "street": {
            "type": [
              "string",
              "null"
            ]
          },
          "unit": {
            "type": [
              "string",
              "null"
            ]
          },
          "zip": {
            "type": [
              "string",
              "null"
            ]
          }
        },
        "type": [
          "object",
          "null"
        ]
      },
      "shipToDescription": {
        "type": [
          "string",
          "null"
        ]
      },
      "shippingAmount": {
        "type": [
          "string",
          "null"
        ]
      },
      "summary": {
        "type": [
          "string",
          "null"
        ]
      },
      "syncStatus": {
        "type": [
          "string",
          "null"
        ]
      },
      "taxAmount": {
        "type": [
          "string",
          "null"
        ]
      },
      "taxZone": {
        "additionalProperties": false,
        "properties": {
          "id": {
            "format": "int64",
            "type": [
              "integer",
              "null"
            ]
          },
          "name": {
            "type": [
              "string",
              "null"
            ]
          }
        },
        "required": [
          "id"
        ],
        "type": [
          "object",
          "null"
        ]
      },
      "termName": {
        "type": [
          "string",
          "null"
        ]
      },
      "vendor": {
        "additionalProperties": false,
        "properties": {
          "id": {
            "format": "int64",
            "type": [
              "integer",
              "null"
            ]
          },
          "name": {
            "type": [
              "string",
              "null"
            ]
          }
        },
        "required": [
          "id"
        ],
        "type": [
          "object",
          "null"
        ]
      },
      "vendorNumber": {
        "type": [
          "string",
          "null"
        ]
      }
    },
    "required": [
      "id",
      "active"
    ],
    "type": "object"
  },
  "stream": "inventory_bills",
  "tap_stream_id": "inventory_bills"
}
