{
  "key_properties": [
    "id"
  ],
  "metadata": [
    {
      "breadcrumb": [
        "properties",
        "id"
      ],
      "metadata": {
        "inclusion": "automatic"
      }
    },
    {
      "breadcrumb": [
        "properties",
        "jobId"
      ],
      "metadata": {
        "inclusion": "available"
      }
    },
    {
      "breadcrumb": [
        "properties",
        "technicianId"
      ],
      "metadata": {
        "inclusion": "available"
      }
    },
    {
      "breadcrumb": [
        "properties",
        "split"
      ],
      "metadata": {
        "inclusion": "available"
      }
    },
    {
      "breadcrumb": [
        "properties",
        "createdOn"
      ],
      "metadata": {
        "inclusion": "available"
      }
    },
    {
      "breadcrumb": [
        "properties",
        "modifiedOn"
      ],
      "metadata": {
        "inclusion": "automatic"
      }
    },
    {
      "breadcrumb": [
        "properties",
        "active"
      ],
      "metadata": {
        "inclusion": "available"
      }
    },
    {
      "breadcrumb": [],
      "metadata": {
        "inclusion": "available",
        "selected": true,
        "selected-by-default": true,
        "table-key-properties": [
          "id"
        ],
        "valid-replication-keys": [
          "modifiedOn"
        ]
      }
    }
  ],
  "replication_key": "modifiedOn",
  "replication_method": "INCREMENTAL",
  "schema": {
    "$schema": "https://json-schema.org/draft/2020-12/schema",
    "properties": {
      "active": {
        "type": [
          "boolean",
          "null"
        ]
      },
      "createdOn": {
        "format": "date-time",
        "type": [
          "string",
          "null"
        ]
      },
      "id": {
        "type": [
          "integer",
          "null"
        ]
      },
      "jobId": {
        "type": [
          "integer",
          "null"
        ]
      },
      "modifiedOn": {
        "format": "date-time",
        "type": [
          "string",
          "null"
        ]
      },
      "split": {
        "type": [
          "number",
          "null"
        ]
      },
      "technicianId": {
        "type": [
          "integer",
          "null"
        ]
      }
    },
    "type": "object"
  },
  "stream": "job_splits",
  "tap_stream_id": "job_splits"
}
