{
  "key_properties": [
    "id"
  ],
  "metadata": [
    {
      "breadcrumb": [
        "properties",
        "id"
      ],
      "metadata": {
        "inclusion": "automatic"
      }
    },
    {
      "breadcrumb": [
        "properties",
        "transferType"
      ],
      "metadata": {
        "inclusion": "available"
      }
    },
    {
      "breadcrumb": [
        "properties",
        "status"
      ],
      "metadata": {
        "inclusion": "available"
      }
    },
    {
      "breadcrumb": [
        "properties",
        "number"
      ],
      "metadata": {
        "inclusion": "available"
      }
    },
    {
      "breadcrumb": [
        "properties",
        "referenceNumber"
      ],
      "metadata": {
        "inclusion": "available"
      }
    },
    {
      "breadcrumb": [
        "properties",
        "fromLocationId"
      ],
      "metadata": {
        "inclusion": "available"
      }
    },
    {
      "breadcrumb": [
        "properties",
        "toLocationId"
      ],
      "metadata": {
        "inclusion": "available"
      }
    },
    {
      "breadcrumb": [
        "properties",
        "createdById"
      ],
      "metadata": {
        "inclusion": "available"
      }
    },
    {
      "breadcrumb": [
        "properties",
        "memo"
      ],
      "metadata": {
        "inclusion": "available"
      }
    },
    {
      "breadcrumb": [
        "properties",
        "date"
      ],
      "metadata": {
        "inclusion": "available"
      }
    },
    {
      "breadcrumb": [
        "properties",
        "pickedDate"
      ],
      "metadata": {
        "inclusion": "available"
      }
    },
    {
      "breadcrumb": [
        "properties",
        "receivedDate"
      ],
      "metadata": {
        "inclusion": "available"
      }
    },
    {
      "breadcrumb": [
        "properties",
        "createdOn"
      ],
      "metadata": {
        "inclusion": "available"
      }
    },
    {
      "breadcrumb": [
        "properties",
        "modifiedOn"
      ],
      "metadata": {
        "inclusion": "automatic"
      }
    },
    {
      "breadcrumb": [
        "properties",
        "batchId"
      ],
      "metadata": {
        "inclusion": "available"
      }
    },
    {
      "breadcrumb": [
        "properties",
        "batch"
      ],
      "metadata": {
        "inclusion": "available"
      }
    },
    {
      "breadcrumb": [
        "properties",
        "batch",
        "properties",
        "id"
      ],
      "metadata": {
        "inclusion": "available"
      }
    },
    {
      "breadcrumb": [
        "properties",
        "batch",
        "properties",
        "number"
      ],
      "metadata": {
        "inclusion": "available"
      }
    },
    {
      "breadcrumb": [
        "properties",
        "batch",
        "properties",
        "name"
      ],
      "metadata": {
        "inclusion": "available"
      }
    },
    {
      "breadcrumb": [
        "properties",
        "syncStatus"
      ],
      "metadata": {
        "inclusion": "available"
      }
    },
    {
      "breadcrumb": [
        "properties",
        "dateRequired"
      ],
      "metadata": {
        "inclusion": "available"
      }
    },
    {
      "breadcrumb": [
        "properties",
        "jobId"
      ],
      "metadata": {
        "inclusion": "available"
      }
    },
    {
      "breadcrumb": [
        "properties",
        "invoiceId"
      ],
      "metadata": {
        "inclusion": "available"
      }
    },
    {
      "breadcrumb": [
        "properties",
        "canceledById"
      ],
      "metadata": {
        "inclusion": "available"
      }
    },
    {
      "breadcrumb": [
        "properties",
        "canceledReason"
      ],
      "metadata": {
        "inclusion": "available"
      }
    },
    {
      "breadcrumb": [
        "properties",
        "dateCanceled"
      ],
      "metadata": {
        "inclusion": "available"
      }
    },
    {
      "breadcrumb": [
        "properties",
        "active"
      ],
      "metadata": {
        "inclusion": "available"
      }
    },
    {
      "breadcrumb": [
        "properties",
        "pickedById"
      ],
      "metadata": {
        "inclusion": "available"
      }
    },
    {
      "breadcrumb": [
        "properties",
        "receivedById"
      ],
      "metadata": {
        "inclusion": "available"
      }
    },
    {
      "breadcrumb": [
        "properties",
        "items"
      ],
      "metadata": {
        "inclusion": "available"
      }
    },
    {
      "breadcrumb": [
        "properties",
        "customFields"
      ],
      "metadata": {
        "inclusion": "available"
      }
    },
    {
      "breadcrumb": [
        "properties",
        "externalData"
      ],
      "metadata": {
        "inclusion": "available"
      }
    },
    {
      "breadcrumb": [],
      "metadata": {
        "inclusion": "available",
        "selected": true,
        "selected-by-default": true,
        "table-key-properties": [
          "id"
        ],
        "valid-replication-keys": [
          "modifiedOn"
        ]
      }
    }
  ],
  "replication_key": "modifiedOn",
  "replication_method": "INCREMENTAL",
  "schema": {
    "additionalProperties": false,
    "description": "Inventory transfer response",
    "properties": {
      "active": {
        "description": "Is active",
        "type": [
          "boolean",
          "null"
        ]
      },
      "batch": {
        "additionalProperties": false,
        "description": "Represents Batch response",
        "properties": {
          "id": {
            "description": "Batch Id",
            "format": "int64",
            "type": [
              "integer",
              "null"
            ]
          },
          "name": {
            "description": "Batch name",
            "type": [
              "string",
              "null"
            ]
          },
          "number": {
            "description": "Batch number",
            "type": [
              "string",
              "null"
            ]
          }
        },
        "required": [
          "id"
        ],
        "type": [
          "object",
          "null"
        ]
      },
      "batchId": {
        "deprecated": true,
        "description": "Batch Id (Deprecated - Use Batch instead)",
        "format": "int64",
        "type": [
          "integer",
          "null"
        ]
      },
      "canceledById": {
        "description": "Employee who canceled this transfer",
        "format": "int64",
        "type": [
          "integer",
          "null"
        ]
      },
      "canceledReason": {
        "description": "",
        "type": [
          "string",
          "null"
        ]
      },
      "createdById": {
        "description": "Employee who created this transfer",
        "format": "int64",
        "type": [
          "integer",
          "null"
        ]
      },
      "createdOn": {
        "description": "system created date",
        "format": "date-time",
        "type": [
          "string",
          "null"
        ]
      },
      "customFields": {
        "description": "Collection of custom fields",
        "items": {
          "additionalProperties": false,
          "description": "Represents custom field response",
          "properties": {
            "name": {
              "description": "Custom field name",
              "type": [
                "string",
                "null"
              ]
            },
            "typeId": {
              "description": "Id of custom field type",
              "format": "int64",
              "type": [
                "integer",
                "null"
              ]
            },
            "value": {
              "description": "Custom field value",
              "type": [
                "string",
                "null"
              ]
            }
          },
          "required": [
            "typeId",
            "name",
            "value"
          ],
          "type": [
            "object",
            "null"
          ]
        },
        "type": [
          "array",
          "null"
        ]
      },
      "date": {
        "description": "Transfer date",
        "format": "date-time",
        "type": [
          "string",
          "null"
        ]
      },
      "dateCanceled": {
        "description": "Transfer canceled date",
        "format": "date-time",
        "type": [
          "string",
          "null"
        ]
      },
      "dateRequired": {
        "description": "Transfer required by date",
        "format": "date-time",
        "type": [
          "string",
          "null"
        ]
      },
      "externalData": {
        "description": "List of external data attached to this return,\nthat corresponds to the application guid provided in the request.",
        "items": {
          "additionalProperties": false,
          "properties": {
            "key": {
              "description": "External data key.",
              "type": [
                "string",
                "null"
              ]
            },
            "value": {
              "description": "External data value.",
              "type": [
                "string",
                "null"
              ]
            }
          },
          "required": [
            "key",
            "value"
          ],
          "type": [
            "object",
            "null"
          ]
        },
        "type": [
          "array",
          "null"
        ]
      },
      "fromLocationId": {
        "description": "Inventory location to transfer from",
        "format": "int64",
        "type": [
          "integer",
          "null"
        ]
      },
      "id": {
        "description": "Inventory transfer Id",
        "format": "int64",
        "type": "integer"
      },
      "invoiceId": {
        "description": "Id of invoice associated with transfer",
        "format": "int64",
        "type": [
          "integer",
          "null"
        ]
      },
      "items": {
        "description": "Collection of transfer items",
        "items": {
          "additionalProperties": false,
          "description": "Inventory transfer item response",
          "properties": {
            "active": {
              "description": "Is active",
              "type": [
                "boolean",
                "null"
              ]
            },
            "code": {
              "description": "Item code",
              "type": [
                "string",
                "null"
              ]
            },
            "createdById": {
              "description": "Employee who canceled this transfer",
              "format": "int64",
              "type": [
                "integer",
                "null"
              ]
            },
            "createdOn": {
              "description": "system created date",
              "format": "date-time",
              "type": [
                "string",
                "null"
              ]
            },
            "description": {
              "description": "Item description",
              "format": "html",
              "type": [
                "string",
                "null"
              ]
            },
            "id": {
              "description": "Item Id",
              "format": "int64",
              "type": [
                "integer",
                "null"
              ]
            },
            "modifiedOn": {
              "description": "last time transfer item was modified date",
              "format": "date-time",
              "type": [
                "string",
                "null"
              ]
            },
            "name": {
              "description": "Item name",
              "type": [
                "string",
                "null"
              ]
            },
            "quantity": {
              "description": "Transfer quantity",
              "format": "decimal",
              "type": [
                "number",
                "null"
              ]
            },
            "quantityPicked": {
              "description": "Transfer quantity already picked",
              "format": "decimal",
              "type": [
                "number",
                "null"
              ]
            },
            "serialNumbers": {
              "description": "List of serial numbers",
              "items": {
                "additionalProperties": false,
                "description": "Represents serial number response",
                "properties": {
                  "id": {
                    "description": "Id of this serial number",
                    "format": "int64",
                    "type": [
                      "integer",
                      "null"
                    ]
                  },
                  "number": {
                    "description": "Serial number value",
                    "type": [
                      "string",
                      "null"
                    ]
                  }
                },
                "required": [
                  "id",
                  "number"
                ],
                "type": [
                  "object",
                  "null"
                ]
              },
              "type": [
                "array",
                "null"
              ]
            },
            "skuId": {
              "description": "Sku Id",
              "format": "int64",
              "type": [
                "integer",
                "null"
              ]
            }
          },
          "required": [
            "id",
            "skuId",
            "description",
            "createdOn",
            "modifiedOn",
            "name",
            "code",
            "quantity",
            "quantityPicked",
            "active"
          ],
          "type": [
            "object",
            "null"
          ]
        },
        "type": [
          "array",
          "null"
        ]
      },
      "jobId": {
        "description": "Id of job associated with transfer",
        "format": "int64",
        "type": [
          "integer",
          "null"
        ]
      },
      "memo": {
        "description": "Memo/summary field",
        "format": "multiline",
        "type": [
          "string",
          "null"
        ]
      },
      "modifiedOn": {
        "description": "last time transfer was modified date",
        "format": "date-time",
        "type": [
          "string",
          "null"
        ]
      },
      "number": {
        "description": "Number",
        "type": [
          "string",
          "null"
        ]
      },
      "pickedById": {
        "description": "Employee who picked this transfer",
        "format": "int64",
        "type": [
          "integer",
          "null"
        ]
      },
      "pickedDate": {
        "description": "Transfer picked date",
        "format": "date-time",
        "type": [
          "string",
          "null"
        ]
      },
      "receivedById": {
        "description": "Employee who received this transfer",
        "format": "int64",
        "type": [
          "integer",
          "null"
        ]
      },
      "receivedDate": {
        "description": "Transfer recevived date",
        "format": "date-time",
        "type": [
          "string",
          "null"
        ]
      },
      "referenceNumber": {
        "description": "Reference number",
        "type": [
          "string",
          "null"
        ]
      },
      "status": {
        "description": "Status",
        "type": [
          "string",
          "null"
        ]
      },
      "syncStatus": {
        "description": "Sync status enum",
        "type": [
          "string",
          "null"
        ]
      },
      "toLocationId": {
        "description": "Inventory location where transfer is going",
        "format": "int64",
        "type": [
          "integer",
          "null"
        ]
      },
      "transferType": {
        "description": "Type",
        "type": [
          "string",
          "null"
        ]
      }
    },
    "required": [
      "id",
      "transferType",
      "status",
      "number",
      "referenceNumber",
      "fromLocationId",
      "toLocationId",
      "memo",
      "date",
      "createdOn",
      "modifiedOn",
      "syncStatus",
      "active",
      "items",
      "customFields"
    ],
    "type": "object"
  },
  "stream": "transfers",
  "tap_stream_id": "transfers"
}
