{
  "key_properties": [
    "id"
  ],
  "metadata": [
    {
      "breadcrumb": [
        "properties",
        "id"
      ],
      "metadata": {
        "inclusion": "automatic"
      }
    },
    {
      "breadcrumb": [
        "properties",
        "syncStatus"
      ],
      "metadata": {
        "inclusion": "available"
      }
    },
    {
      "breadcrumb": [
        "properties",
        "referenceNumber"
      ],
      "metadata": {
        "inclusion": "available"
      }
    },
    {
      "breadcrumb": [
        "properties",
        "date"
      ],
      "metadata": {
        "inclusion": "available"
      }
    },
    {
      "breadcrumb": [
        "properties",
        "type"
      ],
      "metadata": {
        "inclusion": "available"
      }
    },
    {
      "breadcrumb": [
        "properties",
        "typeId"
      ],
      "metadata": {
        "inclusion": "available"
      }
    },
    {
      "breadcrumb": [
        "properties",
        "total"
      ],
      "metadata": {
        "inclusion": "available"
      }
    },
    {
      "breadcrumb": [
        "properties",
        "unappliedAmount"
      ],
      "metadata": {
        "inclusion": "available"
      }
    },
    {
      "breadcrumb": [
        "properties",
        "memo"
      ],
      "metadata": {
        "inclusion": "available"
      }
    },
    {
      "breadcrumb": [
        "properties",
        "customer"
      ],
      "metadata": {
        "inclusion": "available"
      }
    },
    {
      "breadcrumb": [
        "properties",
        "customer",
        "properties",
        "id"
      ],
      "metadata": {
        "inclusion": "available"
      }
    },
    {
      "breadcrumb": [
        "properties",
        "customer",
        "properties",
        "name"
      ],
      "metadata": {
        "inclusion": "available"
      }
    },
    {
      "breadcrumb": [
        "properties",
        "businessUnit"
      ],
      "metadata": {
        "inclusion": "available"
      }
    },
    {
      "breadcrumb": [
        "properties",
        "businessUnit",
        "properties",
        "id"
      ],
      "metadata": {
        "inclusion": "available"
      }
    },
    {
      "breadcrumb": [
        "properties",
        "businessUnit",
        "properties",
        "name"
      ],
      "metadata": {
        "inclusion": "available"
      }
    },
    {
      "breadcrumb": [
        "properties",
        "batch"
      ],
      "metadata": {
        "inclusion": "available"
      }
    },
    {
      "breadcrumb": [
        "properties",
        "batch",
        "properties",
        "id"
      ],
      "metadata": {
        "inclusion": "available"
      }
    },
    {
      "breadcrumb": [
        "properties",
        "batch",
        "properties",
        "number"
      ],
      "metadata": {
        "inclusion": "available"
      }
    },
    {
      "breadcrumb": [
        "properties",
        "batch",
        "properties",
        "name"
      ],
      "metadata": {
        "inclusion": "available"
      }
    },
    {
      "breadcrumb": [
        "properties",
        "createdBy"
      ],
      "metadata": {
        "inclusion": "available"
      }
    },
    {
      "breadcrumb": [
        "properties",
        "generalLedgerAccount"
      ],
      "metadata": {
        "inclusion": "available"
      }
    },
    {
      "breadcrumb": [
        "properties",
        "generalLedgerAccount",
        "properties",
        "id"
      ],
      "metadata": {
        "inclusion": "available"
      }
    },
    {
      "breadcrumb": [
        "properties",
        "generalLedgerAccount",
        "properties",
        "name"
      ],
      "metadata": {
        "inclusion": "available"
      }
    },
    {
      "breadcrumb": [
        "properties",
        "generalLedgerAccount",
        "properties",
        "number"
      ],
      "metadata": {
        "inclusion": "available"
      }
    },
    {
      "breadcrumb": [
        "properties",
        "generalLedgerAccount",
        "properties",
        "type"
      ],
      "metadata": {
        "inclusion": "available"
      }
    },
    {
      "breadcrumb": [
        "properties",
        "generalLedgerAccount",
        "properties",
        "detailType"
      ],
      "metadata": {
        "inclusion": "available"
      }
    },
    {
      "breadcrumb": [
        "properties",
        "appliedTo"
      ],
      "metadata": {
        "inclusion": "available"
      }
    },
    {
      "breadcrumb": [
        "properties",
        "customFields"
      ],
      "metadata": {
        "inclusion": "available"
      }
    },
    {
      "breadcrumb": [
        "properties",
        "authCode"
      ],
      "metadata": {
        "inclusion": "available"
      }
    },
    {
      "breadcrumb": [
        "properties",
        "checkNumber"
      ],
      "metadata": {
        "inclusion": "available"
      }
    },
    {
      "breadcrumb": [
        "properties",
        "modifiedOn"
      ],
      "metadata": {
        "inclusion": "automatic"
      }
    },
    {
      "breadcrumb": [
        "properties",
        "createdOn"
      ],
      "metadata": {
        "inclusion": "available"
      }
    },
    {
      "breadcrumb": [
        "properties",
        "active"
      ],
      "metadata": {
        "inclusion": "available"
      }
    },
    {
      "breadcrumb": [],
      "metadata": {
        "inclusion": "available",
        "selected": true,
        "selected-by-default": true,
        "table-key-properties": [
          "id"
        ],
        "valid-replication-keys": [
          "modifiedOn"
        ]
      }
    }
  ],
  "replication_key": "modifiedOn",
  "replication_method": "INCREMENTAL",
  "schema": {
    "additionalProperties": false,
    "properties": {
      "active": {
        "type": [
          "boolean",
          "null"
        ]
      },
      "appliedTo": {
        "items": {
          "additionalProperties": false,
          "properties": {
            "appliedAmount": {
              "type": [
                "string",
                "null"
              ]
            },
            "appliedBy": {
              "type": [
                "string",
                "null"
              ]
            },
            "appliedId": {
              "format": "int64",
              "type": [
                "integer",
                "null"
              ]
            },
            "appliedOn": {
              "format": "date-time",
              "type": [
                "string",
                "null"
              ]
            },
            "appliedTo": {
              "format": "int64",
              "type": [
                "integer",
                "null"
              ]
            },
            "appliedToReferenceNumber": {
              "type": [
                "string",
                "null"
              ]
            }
          },
          "required": [
            "appliedId",
            "appliedTo"
          ],
          "type": [
            "object",
            "null"
          ]
        },
        "type": [
          "array",
          "null"
        ]
      },
      "authCode": {
        "type": [
          "string",
          "null"
        ]
      },
      "batch": {
        "additionalProperties": false,
        "properties": {
          "id": {
            "format": "int64",
            "type": [
              "integer",
              "null"
            ]
          },
          "name": {
            "type": [
              "string",
              "null"
            ]
          },
          "number": {
            "type": [
              "string",
              "null"
            ]
          }
        },
        "required": [
          "id"
        ],
        "type": [
          "object",
          "null"
        ]
      },
      "businessUnit": {
        "additionalProperties": false,
        "properties": {
          "id": {
            "format": "int64",
            "type": [
              "integer",
              "null"
            ]
          },
          "name": {
            "type": [
              "string",
              "null"
            ]
          }
        },
        "required": [
          "id"
        ],
        "type": [
          "object",
          "null"
        ]
      },
      "checkNumber": {
        "type": [
          "string",
          "null"
        ]
      },
      "createdBy": {
        "type": [
          "string",
          "null"
        ]
      },
      "createdOn": {
        "format": "date-time",
        "type": [
          "string",
          "null"
        ]
      },
      "customFields": {
        "items": {
          "additionalProperties": false,
          "properties": {
            "name": {
              "type": [
                "string",
                "null"
              ]
            },
            "value": {
              "type": [
                "string",
                "null"
              ]
            }
          },
          "required": [
            "name",
            "value"
          ],
          "type": [
            "object",
            "null"
          ]
        },
        "type": [
          "array",
          "null"
        ]
      },
      "customer": {
        "additionalProperties": false,
        "properties": {
          "id": {
            "format": "int64",
            "type": [
              "integer",
              "null"
            ]
          },
          "name": {
            "type": [
              "string",
              "null"
            ]
          }
        },
        "required": [
          "id"
        ],
        "type": [
          "object",
          "null"
        ]
      },
      "date": {
        "format": "date-time",
        "type": [
          "string",
          "null"
        ]
      },
      "generalLedgerAccount": {
        "additionalProperties": false,
        "properties": {
          "detailType": {
            "type": [
              "string",
              "null"
            ]
          },
          "id": {
            "format": "int64",
            "type": [
              "integer",
              "null"
            ]
          },
          "name": {
            "type": [
              "string",
              "null"
            ]
          },
          "number": {
            "type": [
              "string",
              "null"
            ]
          },
          "type": {
            "type": [
              "string",
              "null"
            ]
          }
        },
        "required": [
          "id"
        ],
        "type": [
          "object",
          "null"
        ]
      },
      "id": {
        "format": "int64",
        "type": "integer"
      },
      "memo": {
        "type": [
          "string",
          "null"
        ]
      },
      "modifiedOn": {
        "format": "date-time",
        "type": [
          "string",
          "null"
        ]
      },
      "referenceNumber": {
        "type": [
          "string",
          "null"
        ]
      },
      "syncStatus": {
        "type": [
          "string",
          "null"
        ]
      },
      "total": {
        "type": [
          "string",
          "null"
        ]
      },
      "type": {
        "type": [
          "string",
          "null"
        ]
      },
      "typeId": {
        "type": [
          "string",
          "null"
        ]
      },
      "unappliedAmount": {
        "type": [
          "string",
          "null"
        ]
      }
    },
    "required": [
      "id",
      "modifiedOn",
      "createdOn",
      "active"
    ],
    "type": "object"
  },
  "stream": "payments",
  "tap_stream_id": "payments"
}
