{
  "key_properties": [
    "adGroup_id",
    "date"
  ],
  "metadata": [
    {
      "breadcrumb": [
        "properties",
        "campaign"
      ],
      "metadata": {
        "inclusion": "available"
      }
    },
    {
      "breadcrumb": [
        "properties",
        "campaign",
        "properties",
        "id"
      ],
      "metadata": {
        "inclusion": "available"
      }
    },
    {
      "breadcrumb": [
        "properties",
        "campaign",
        "properties",
        "externalId"
      ],
      "metadata": {
        "inclusion": "available"
      }
    },
    {
      "breadcrumb": [
        "properties",
        "campaign",
        "properties",
        "name"
      ],
      "metadata": {
        "inclusion": "available"
      }
    },
    {
      "breadcrumb": [
        "properties",
        "campaign",
        "properties",
        "category"
      ],
      "metadata": {
        "inclusion": "available"
      }
    },
    {
      "breadcrumb": [
        "properties",
        "campaign",
        "properties",
        "launchDate"
      ],
      "metadata": {
        "inclusion": "available"
      }
    },
    {
      "breadcrumb": [
        "properties",
        "campaign",
        "properties",
        "status"
      ],
      "metadata": {
        "inclusion": "available"
      }
    },
    {
      "breadcrumb": [
        "properties",
        "adGroup"
      ],
      "metadata": {
        "inclusion": "available"
      }
    },
    {
      "breadcrumb": [
        "properties",
        "adGroup",
        "properties",
        "id"
      ],
      "metadata": {
        "inclusion": "available"
      }
    },
    {
      "breadcrumb": [
        "properties",
        "adGroup",
        "properties",
        "name"
      ],
      "metadata": {
        "inclusion": "available"
      }
    },
    {
      "breadcrumb": [
        "properties",
        "adGroup",
        "properties",
        "status"
      ],
      "metadata": {
        "inclusion": "available"
      }
    },
    {
      "breadcrumb": [
        "properties",
        "keyword"
      ],
      "metadata": {
        "inclusion": "available"
      }
    },
    {
      "breadcrumb": [
        "properties",
        "keyword",
        "properties",
        "id"
      ],
      "metadata": {
        "inclusion": "available"
      }
    },
    {
      "breadcrumb": [
        "properties",
        "keyword",
        "properties",
        "name"
      ],
      "metadata": {
        "inclusion": "available"
      }
    },
    {
      "breadcrumb": [
        "properties",
        "keyword",
        "properties",
        "status"
      ],
      "metadata": {
        "inclusion": "available"
      }
    },
    {
      "breadcrumb": [
        "properties",
        "digitalStats"
      ],
      "metadata": {
        "inclusion": "available"
      }
    },
    {
      "breadcrumb": [
        "properties",
        "digitalStats",
        "properties",
        "impressionShare"
      ],
      "metadata": {
        "inclusion": "available"
      }
    },
    {
      "breadcrumb": [
        "properties",
        "digitalStats",
        "properties",
        "impressions"
      ],
      "metadata": {
        "inclusion": "available"
      }
    },
    {
      "breadcrumb": [
        "properties",
        "digitalStats",
        "properties",
        "clicks"
      ],
      "metadata": {
        "inclusion": "available"
      }
    },
    {
      "breadcrumb": [
        "properties",
        "digitalStats",
        "properties",
        "averageCPC"
      ],
      "metadata": {
        "inclusion": "available"
      }
    },
    {
      "breadcrumb": [
        "properties",
        "digitalStats",
        "properties",
        "conversions"
      ],
      "metadata": {
        "inclusion": "available"
      }
    },
    {
      "breadcrumb": [
        "properties",
        "digitalStats",
        "properties",
        "allConversions"
      ],
      "metadata": {
        "inclusion": "available"
      }
    },
    {
      "breadcrumb": [
        "properties",
        "digitalStats",
        "properties",
        "cost"
      ],
      "metadata": {
        "inclusion": "available"
      }
    },
    {
      "breadcrumb": [
        "properties",
        "digitalStats",
        "properties",
        "clickRate"
      ],
      "metadata": {
        "inclusion": "available"
      }
    },
    {
      "breadcrumb": [
        "properties",
        "digitalStats",
        "properties",
        "costPerConversion"
      ],
      "metadata": {
        "inclusion": "available"
      }
    },
    {
      "breadcrumb": [
        "properties",
        "digitalStats",
        "properties",
        "conversionRate"
      ],
      "metadata": {
        "inclusion": "available"
      }
    },
    {
      "breadcrumb": [
        "properties",
        "leadStats"
      ],
      "metadata": {
        "inclusion": "available"
      }
    },
    {
      "breadcrumb": [
        "properties",
        "leadStats",
        "properties",
        "leads"
      ],
      "metadata": {
        "inclusion": "available"
      }
    },
    {
      "breadcrumb": [
        "properties",
        "leadStats",
        "properties",
        "leadCalls"
      ],
      "metadata": {
        "inclusion": "available"
      }
    },
    {
      "breadcrumb": [
        "properties",
        "leadStats",
        "properties",
        "onlineBooking"
      ],
      "metadata": {
        "inclusion": "available"
      }
    },
    {
      "breadcrumb": [
        "properties",
        "leadStats",
        "properties",
        "manualBooking"
      ],
      "metadata": {
        "inclusion": "available"
      }
    },
    {
      "breadcrumb": [
        "properties",
        "leadStats",
        "properties",
        "bookedJobs"
      ],
      "metadata": {
        "inclusion": "available"
      }
    },
    {
      "breadcrumb": [
        "properties",
        "leadStats",
        "properties",
        "ranJobs"
      ],
      "metadata": {
        "inclusion": "available"
      }
    },
    {
      "breadcrumb": [
        "properties",
        "leadStats",
        "properties",
        "soldJobs"
      ],
      "metadata": {
        "inclusion": "available"
      }
    },
    {
      "breadcrumb": [
        "properties",
        "leadStats",
        "properties",
        "revenue"
      ],
      "metadata": {
        "inclusion": "available"
      }
    },
    {
      "breadcrumb": [
        "properties",
        "leadStats",
        "properties",
        "potentialRevenue"
      ],
      "metadata": {
        "inclusion": "available"
      }
    },
    {
      "breadcrumb": [
        "properties",
        "leadStats",
        "properties",
        "bookingRate"
      ],
      "metadata": {
        "inclusion": "available"
      }
    },
    {
      "breadcrumb": [
        "properties",
        "leadStats",
        "properties",
        "avgTicket"
      ],
      "metadata": {
        "inclusion": "available"
      }
    },
    {
      "breadcrumb": [
        "properties",
        "returnOnInvestment"
      ],
      "metadata": {
        "inclusion": "available"
      }
    },
    {
      "breadcrumb": [
        "properties",
        "date"
      ],
      "metadata": {
        "inclusion": "automatic"
      }
    },
    {
      "breadcrumb": [
        "properties",
        "from_utc"
      ],
      "metadata": {
        "inclusion": "automatic"
      }
    },
    {
      "breadcrumb": [
        "properties",
        "to_utc"
      ],
      "metadata": {
        "inclusion": "available"
      }
    },
    {
      "breadcrumb": [
        "properties",
        "campaign_id"
      ],
      "metadata": {
        "inclusion": "available"
      }
    },
    {
      "breadcrumb": [
        "properties",
        "campaign_name"
      ],
      "metadata": {
        "inclusion": "available"
      }
    },
    {
      "breadcrumb": [
        "properties",
        "adGroup_id"
      ],
      "metadata": {
        "inclusion": "automatic"
      }
    },
    {
      "breadcrumb": [
        "properties",
        "keyword_id"
      ],
      "metadata": {
        "inclusion": "available"
      }
    },
    {
      "breadcrumb": [],
      "metadata": {
        "inclusion": "available",
        "selected": true,
        "selected-by-default": true,
        "table-key-properties": [
          "adGroup_id",
          "date"
        ],
        "valid-replication-keys": [
          "from_utc"
        ]
      }
    }
  ],
  "replication_key": "from_utc",
  "replication_method": "INCREMENTAL",
  "schema": {
    "additionalProperties": false,
    "properties": {
      "adGroup": {
        "additionalProperties": false,
        "properties": {
          "id": {
            "type": [
              "string",
              "null"
            ]
          },
          "name": {
            "type": [
              "string",
              "null"
            ]
          },
          "status": {
            "description": "",
            "type": [
              "string",
              "null"
            ]
          }
        },
        "required": [
          "id",
          "name"
        ],
        "type": [
          "object",
          "null"
        ]
      },
      "adGroup_id": {
        "type": [
          "string",
          "null"
        ]
      },
      "campaign": {
        "additionalProperties": false,
        "properties": {
          "category": {
            "type": [
              "string",
              "null"
            ]
          },
          "externalId": {
            "format": "int64",
            "type": [
              "integer",
              "null"
            ]
          },
          "id": {
            "format": "int64",
            "type": [
              "integer",
              "null"
            ]
          },
          "launchDate": {
            "type": [
              "string",
              "null"
            ]
          },
          "name": {
            "type": [
              "string",
              "null"
            ]
          },
          "status": {
            "description": "",
            "type": [
              "string",
              "null"
            ]
          }
        },
        "required": [
          "name",
          "category",
          "launchDate",
          "status"
        ],
        "type": [
          "object",
          "null"
        ]
      },
      "campaign_id": {
        "format": "int64",
        "type": [
          "integer",
          "null"
        ]
      },
      "campaign_name": {
        "type": [
          "string",
          "null"
        ]
      },
      "date": {
        "format": "date",
        "type": [
          "string",
          "null"
        ]
      },
      "digitalStats": {
        "additionalProperties": false,
        "properties": {
          "allConversions": {
            "format": "double",
            "type": [
              "number",
              "null"
            ]
          },
          "averageCPC": {
            "format": "double",
            "type": [
              "number",
              "null"
            ]
          },
          "clickRate": {
            "format": "double",
            "type": [
              "number",
              "null"
            ]
          },
          "clicks": {
            "format": "int64",
            "type": [
              "integer",
              "null"
            ]
          },
          "conversionRate": {
            "format": "double",
            "type": [
              "number",
              "null"
            ]
          },
          "conversions": {
            "format": "int64",
            "type": [
              "integer",
              "null"
            ]
          },
          "cost": {
            "format": "decimal",
            "type": [
              "number",
              "null"
            ]
          },
          "costPerConversion": {
            "format": "double",
            "type": [
              "number",
              "null"
            ]
          },
          "impressionShare": {
            "format": "double",
            "type": [
              "number",
              "null"
            ]
          },
          "impressions": {
            "format": "int64",
            "type": [
              "integer",
              "null"
            ]
          }
        },
        "required": [
          "impressions",
          "clicks",
          "averageCPC",
          "conversions",
          "cost"
        ],
        "type": [
          "object",
          "null"
        ]
      },
      "from_utc": {
        "format": "date-time",
        "type": [
          "string",
          "null"
        ]
      },
      "keyword": {
        "additionalProperties": false,
        "properties": {
          "id": {
            "type": [
              "string",
              "null"
            ]
          },
          "name": {
            "type": [
              "string",
              "null"
            ]
          },
          "status": {
            "description": "",
            "type": [
              "string",
              "null"
            ]
          }
        },
        "required": [
          "id",
          "name"
        ],
        "type": [
          "object",
          "null"
        ]
      },
      "keyword_id": {
        "type": [
          "string",
          "null"
        ]
      },
      "leadStats": {
        "additionalProperties": false,
        "properties": {
          "avgTicket": {
            "format": "double",
            "type": [
              "number",
              "null"
            ]
          },
          "bookedJobs": {
            "format": "int32",
            "type": [
              "integer",
              "null"
            ]
          },
          "bookingRate": {
            "format": "double",
            "type": [
              "number",
              "null"
            ]
          },
          "leadCalls": {
            "format": "int32",
            "type": [
              "integer",
              "null"
            ]
          },
          "leads": {
            "format": "int32",
            "type": [
              "integer",
              "null"
            ]
          },
          "manualBooking": {
            "format": "int32",
            "type": [
              "integer",
              "null"
            ]
          },
          "onlineBooking": {
            "format": "int32",
            "type": [
              "integer",
              "null"
            ]
          },
          "potentialRevenue": {
            "format": "decimal",
            "type": [
              "number",
              "null"
            ]
          },
          "ranJobs": {
            "format": "int32",
            "type": [
              "integer",
              "null"
            ]
          },
          "revenue": {
            "format": "decimal",
            "type": [
              "number",
              "null"
            ]
          },
          "soldJobs": {
            "format": "int32",
            "type": [
              "integer",
              "null"
            ]
          }
        },
        "required": [
          "leads",
          "leadCalls",
          "onlineBooking",
          "manualBooking",
          "bookedJobs",
          "ranJobs",
          "soldJobs",
          "revenue",
          "potentialRevenue"
        ],
        "type": [
          "object",
          "null"
        ]
      },
      "returnOnInvestment": {
        "format": "decimal",
        "type": [
          "number",
          "null"
        ]
      },
      "to_utc": {
        "format": "date-time",
        "type": [
          "string",
          "null"
        ]
      }
    },
    "required": [
      "campaign",
      "adGroup",
      "keyword",
      "digitalStats",
      "leadStats"
    ],
    "type": "object"
  },
  "stream": "adgroup_performance",
  "tap_stream_id": "adgroup_performance"
}
