{
  "key_properties": [
    "id"
  ],
  "metadata": [
    {
      "breadcrumb": [
        "properties",
        "id"
      ],
      "metadata": {
        "inclusion": "automatic"
      }
    },
    {
      "breadcrumb": [
        "properties",
        "active"
      ],
      "metadata": {
        "inclusion": "available"
      }
    },
    {
      "breadcrumb": [
        "properties",
        "createdOn"
      ],
      "metadata": {
        "inclusion": "available"
      }
    },
    {
      "breadcrumb": [
        "properties",
        "modifiedOn"
      ],
      "metadata": {
        "inclusion": "automatic"
      }
    },
    {
      "breadcrumb": [
        "properties",
        "date"
      ],
      "metadata": {
        "inclusion": "available"
      }
    },
    {
      "breadcrumb": [
        "properties",
        "approvedDate"
      ],
      "metadata": {
        "inclusion": "available"
      }
    },
    {
      "breadcrumb": [
        "properties",
        "method"
      ],
      "metadata": {
        "inclusion": "available"
      }
    },
    {
      "breadcrumb": [
        "properties",
        "name"
      ],
      "metadata": {
        "inclusion": "available"
      }
    },
    {
      "breadcrumb": [
        "properties",
        "printCheck"
      ],
      "metadata": {
        "inclusion": "available"
      }
    },
    {
      "breadcrumb": [
        "properties",
        "amount"
      ],
      "metadata": {
        "inclusion": "available"
      }
    },
    {
      "breadcrumb": [
        "properties",
        "errorMessage"
      ],
      "metadata": {
        "inclusion": "available"
      }
    },
    {
      "breadcrumb": [
        "properties",
        "status"
      ],
      "metadata": {
        "inclusion": "available"
      }
    },
    {
      "breadcrumb": [
        "properties",
        "syncStatus"
      ],
      "metadata": {
        "inclusion": "available"
      }
    },
    {
      "breadcrumb": [
        "properties",
        "batch"
      ],
      "metadata": {
        "inclusion": "available"
      }
    },
    {
      "breadcrumb": [
        "properties",
        "batch",
        "properties",
        "id"
      ],
      "metadata": {
        "inclusion": "available"
      }
    },
    {
      "breadcrumb": [
        "properties",
        "batch",
        "properties",
        "number"
      ],
      "metadata": {
        "inclusion": "available"
      }
    },
    {
      "breadcrumb": [
        "properties",
        "batch",
        "properties",
        "name"
      ],
      "metadata": {
        "inclusion": "available"
      }
    },
    {
      "breadcrumb": [
        "properties",
        "glAccount"
      ],
      "metadata": {
        "inclusion": "available"
      }
    },
    {
      "breadcrumb": [
        "properties",
        "glAccount",
        "properties",
        "id"
      ],
      "metadata": {
        "inclusion": "available"
      }
    },
    {
      "breadcrumb": [
        "properties",
        "glAccount",
        "properties",
        "name"
      ],
      "metadata": {
        "inclusion": "available"
      }
    },
    {
      "breadcrumb": [
        "properties",
        "glAccount",
        "properties",
        "number"
      ],
      "metadata": {
        "inclusion": "available"
      }
    },
    {
      "breadcrumb": [
        "properties",
        "glAccount",
        "properties",
        "type"
      ],
      "metadata": {
        "inclusion": "available"
      }
    },
    {
      "breadcrumb": [
        "properties",
        "glAccount",
        "properties",
        "detailType"
      ],
      "metadata": {
        "inclusion": "available"
      }
    },
    {
      "breadcrumb": [
        "properties",
        "businessUnit"
      ],
      "metadata": {
        "inclusion": "available"
      }
    },
    {
      "breadcrumb": [
        "properties",
        "businessUnit",
        "properties",
        "id"
      ],
      "metadata": {
        "inclusion": "available"
      }
    },
    {
      "breadcrumb": [
        "properties",
        "businessUnit",
        "properties",
        "name"
      ],
      "metadata": {
        "inclusion": "available"
      }
    },
    {
      "breadcrumb": [
        "properties",
        "vendor"
      ],
      "metadata": {
        "inclusion": "available"
      }
    },
    {
      "breadcrumb": [
        "properties",
        "vendor",
        "properties",
        "id"
      ],
      "metadata": {
        "inclusion": "available"
      }
    },
    {
      "breadcrumb": [
        "properties",
        "vendor",
        "properties",
        "name"
      ],
      "metadata": {
        "inclusion": "available"
      }
    },
    {
      "breadcrumb": [
        "properties",
        "remittanceVendor"
      ],
      "metadata": {
        "inclusion": "available"
      }
    },
    {
      "breadcrumb": [
        "properties",
        "remittanceVendor",
        "properties",
        "id"
      ],
      "metadata": {
        "inclusion": "available"
      }
    },
    {
      "breadcrumb": [
        "properties",
        "remittanceVendor",
        "properties",
        "name"
      ],
      "metadata": {
        "inclusion": "available"
      }
    },
    {
      "breadcrumb": [
        "properties",
        "splits"
      ],
      "metadata": {
        "inclusion": "available"
      }
    },
    {
      "breadcrumb": [],
      "metadata": {
        "inclusion": "available",
        "selected": true,
        "selected-by-default": true,
        "table-key-properties": [
          "id"
        ],
        "valid-replication-keys": [
          "modifiedOn"
        ]
      }
    }
  ],
  "replication_key": "modifiedOn",
  "replication_method": "INCREMENTAL",
  "schema": {
    "additionalProperties": false,
    "properties": {
      "active": {
        "type": [
          "boolean",
          "null"
        ]
      },
      "amount": {
        "format": "decimal",
        "type": [
          "number",
          "null"
        ]
      },
      "approvedDate": {
        "format": "date-time",
        "type": [
          "string",
          "null"
        ]
      },
      "batch": {
        "additionalProperties": false,
        "properties": {
          "id": {
            "format": "int64",
            "type": [
              "integer",
              "null"
            ]
          },
          "name": {
            "type": [
              "string",
              "null"
            ]
          },
          "number": {
            "type": [
              "string",
              "null"
            ]
          }
        },
        "required": [
          "id"
        ],
        "type": [
          "object",
          "null"
        ]
      },
      "businessUnit": {
        "additionalProperties": false,
        "properties": {
          "id": {
            "format": "int64",
            "type": [
              "integer",
              "null"
            ]
          },
          "name": {
            "type": [
              "string",
              "null"
            ]
          }
        },
        "required": [
          "id"
        ],
        "type": [
          "object",
          "null"
        ]
      },
      "createdOn": {
        "format": "date-time",
        "type": [
          "string",
          "null"
        ]
      },
      "date": {
        "format": "date-time",
        "type": [
          "string",
          "null"
        ]
      },
      "errorMessage": {
        "type": [
          "string",
          "null"
        ]
      },
      "glAccount": {
        "additionalProperties": false,
        "properties": {
          "detailType": {
            "type": [
              "string",
              "null"
            ]
          },
          "id": {
            "format": "int64",
            "type": [
              "integer",
              "null"
            ]
          },
          "name": {
            "type": [
              "string",
              "null"
            ]
          },
          "number": {
            "type": [
              "string",
              "null"
            ]
          },
          "type": {
            "type": [
              "string",
              "null"
            ]
          }
        },
        "required": [
          "id"
        ],
        "type": [
          "object",
          "null"
        ]
      },
      "id": {
        "format": "int64",
        "type": "integer"
      },
      "method": {
        "description": "",
        "type": [
          "string",
          "null"
        ]
      },
      "modifiedOn": {
        "format": "date-time",
        "type": [
          "string",
          "null"
        ]
      },
      "name": {
        "type": [
          "string",
          "null"
        ]
      },
      "printCheck": {
        "type": [
          "boolean",
          "null"
        ]
      },
      "remittanceVendor": {
        "additionalProperties": false,
        "properties": {
          "id": {
            "format": "int64",
            "type": [
              "integer",
              "null"
            ]
          },
          "name": {
            "type": [
              "string",
              "null"
            ]
          }
        },
        "required": [
          "id"
        ],
        "type": [
          "object",
          "null"
        ]
      },
      "splits": {
        "items": {
          "additionalProperties": false,
          "properties": {
            "active": {
              "type": [
                "boolean",
                "null"
              ]
            },
            "amount": {
              "format": "decimal",
              "type": [
                "number",
                "null"
              ]
            },
            "createdOn": {
              "format": "date-time",
              "type": [
                "string",
                "null"
              ]
            },
            "documentId": {
              "format": "int64",
              "type": [
                "integer",
                "null"
              ]
            },
            "id": {
              "format": "int64",
              "type": [
                "integer",
                "null"
              ]
            },
            "inventoryBillId": {
              "format": "int64",
              "type": [
                "integer",
                "null"
              ]
            }
          },
          "required": [
            "id",
            "createdOn",
            "amount"
          ],
          "type": [
            "object",
            "null"
          ]
        },
        "type": [
          "array",
          "null"
        ]
      },
      "status": {
        "description": "",
        "type": [
          "string",
          "null"
        ]
      },
      "syncStatus": {
        "description": "",
        "type": [
          "string",
          "null"
        ]
      },
      "vendor": {
        "additionalProperties": false,
        "properties": {
          "id": {
            "format": "int64",
            "type": [
              "integer",
              "null"
            ]
          },
          "name": {
            "type": [
              "string",
              "null"
            ]
          }
        },
        "required": [
          "id"
        ],
        "type": [
          "object",
          "null"
        ]
      }
    },
    "required": [
      "id",
      "createdOn",
      "modifiedOn",
      "date",
      "method",
      "amount",
      "status",
      "syncStatus",
      "splits"
    ],
    "type": "object"
  },
  "stream": "ap_payments",
  "tap_stream_id": "ap_payments"
}
