{
  "key_properties": [
    "id"
  ],
  "metadata": [
    {
      "breadcrumb": [
        "properties",
        "id"
      ],
      "metadata": {
        "inclusion": "automatic"
      }
    },
    {
      "breadcrumb": [
        "properties",
        "schedulerName"
      ],
      "metadata": {
        "inclusion": "available"
      }
    },
    {
      "breadcrumb": [
        "properties",
        "brandName"
      ],
      "metadata": {
        "inclusion": "available"
      }
    },
    {
      "breadcrumb": [
        "properties",
        "schedulerCompletionRate"
      ],
      "metadata": {
        "inclusion": "available"
      }
    },
    {
      "breadcrumb": [
        "properties",
        "openedCompletionRate"
      ],
      "metadata": {
        "inclusion": "available"
      }
    },
    {
      "breadcrumb": [
        "properties",
        "totalCustomerContactsCaptured"
      ],
      "metadata": {
        "inclusion": "available"
      }
    },
    {
      "breadcrumb": [
        "properties",
        "totalJobsCreated"
      ],
      "metadata": {
        "inclusion": "available"
      }
    },
    {
      "breadcrumb": [
        "properties",
        "totalBookingsCreated"
      ],
      "metadata": {
        "inclusion": "available"
      }
    },
    {
      "breadcrumb": [
        "properties",
        "totalAbandonedSessionsSentToBookings"
      ],
      "metadata": {
        "inclusion": "available"
      }
    },
    {
      "breadcrumb": [
        "properties",
        "totalAbandonedSessionsSentToLeads"
      ],
      "metadata": {
        "inclusion": "available"
      }
    },
    {
      "breadcrumb": [
        "properties",
        "totalBookingsRecoveredFromAbandonedSessions"
      ],
      "metadata": {
        "inclusion": "available"
      }
    },
    {
      "breadcrumb": [
        "properties",
        "totalJobsRecoveredFromAbandonedSessions"
      ],
      "metadata": {
        "inclusion": "available"
      }
    },
    {
      "breadcrumb": [
        "properties",
        "totalMembershipInterest"
      ],
      "metadata": {
        "inclusion": "available"
      }
    },
    {
      "breadcrumb": [
        "properties",
        "totalSessions"
      ],
      "metadata": {
        "inclusion": "available"
      }
    },
    {
      "breadcrumb": [
        "properties",
        "milestoneFrequencyCount"
      ],
      "metadata": {
        "inclusion": "available"
      }
    },
    {
      "breadcrumb": [
        "properties",
        "milestoneFrequencyCount",
        "properties",
        "opened"
      ],
      "metadata": {
        "inclusion": "available"
      }
    },
    {
      "breadcrumb": [
        "properties",
        "milestoneFrequencyCount",
        "properties",
        "zipcode"
      ],
      "metadata": {
        "inclusion": "available"
      }
    },
    {
      "breadcrumb": [
        "properties",
        "milestoneFrequencyCount",
        "properties",
        "interacted"
      ],
      "metadata": {
        "inclusion": "available"
      }
    },
    {
      "breadcrumb": [
        "properties",
        "milestoneFrequencyCount",
        "properties",
        "issue"
      ],
      "metadata": {
        "inclusion": "available"
      }
    },
    {
      "breadcrumb": [
        "properties",
        "milestoneFrequencyCount",
        "properties",
        "schedule"
      ],
      "metadata": {
        "inclusion": "available"
      }
    },
    {
      "breadcrumb": [
        "properties",
        "milestoneFrequencyCount",
        "properties",
        "customer"
      ],
      "metadata": {
        "inclusion": "available"
      }
    },
    {
      "breadcrumb": [
        "properties",
        "milestoneFrequencyCount",
        "properties",
        "details"
      ],
      "metadata": {
        "inclusion": "available"
      }
    },
    {
      "breadcrumb": [
        "properties",
        "milestoneFrequencyCount",
        "properties",
        "booked"
      ],
      "metadata": {
        "inclusion": "available"
      }
    },
    {
      "breadcrumb": [
        "properties",
        "milestoneFrequencyCount",
        "properties",
        "abandoned"
      ],
      "metadata": {
        "inclusion": "available"
      }
    },
    {
      "breadcrumb": [],
      "metadata": {
        "inclusion": "available",
        "selected": true,
        "selected-by-default": true,
        "table-key-properties": [
          "id"
        ]
      }
    }
  ],
  "replication_method": "FULL_TABLE",
  "schema": {
    "additionalProperties": false,
    "properties": {
      "brandName": {
        "description": "Brand Name",
        "type": [
          "string",
          "null"
        ]
      },
      "id": {
        "description": "Scheduler ID",
        "type": "string"
      },
      "milestoneFrequencyCount": {
        "additionalProperties": false,
        "description": "Milestone Frequency Count",
        "properties": {
          "abandoned": {
            "description": "The total number of sessions that have been abandoned",
            "format": "int32",
            "type": [
              "integer",
              "null"
            ]
          },
          "booked": {
            "description": "The total number of sessions that have reached the Booked milestone",
            "format": "int32",
            "type": [
              "integer",
              "null"
            ]
          },
          "customer": {
            "description": "The total number of sessions that have reached the Customer milestone",
            "format": "int32",
            "type": [
              "integer",
              "null"
            ]
          },
          "details": {
            "description": "The total number of sessions that have reached the Details milestone",
            "format": "int32",
            "type": [
              "integer",
              "null"
            ]
          },
          "interacted": {
            "description": "The total number of sessions that have reached the Interacted milestone",
            "format": "int32",
            "type": [
              "integer",
              "null"
            ]
          },
          "issue": {
            "description": "The total number of sessions that have reached the Issue milestone",
            "format": "int32",
            "type": [
              "integer",
              "null"
            ]
          },
          "opened": {
            "description": "The total number of sessions that have reached the Opened milestone",
            "format": "int32",
            "type": [
              "integer",
              "null"
            ]
          },
          "schedule": {
            "description": "The total number of sessions that have reached the Schedule milestone",
            "format": "int32",
            "type": [
              "integer",
              "null"
            ]
          },
          "zipcode": {
            "description": "The total number of sessions that have reached the Zipcode milestone",
            "format": "int32",
            "type": [
              "integer",
              "null"
            ]
          }
        },
        "required": [
          "opened",
          "zipcode",
          "interacted",
          "issue",
          "schedule",
          "customer",
          "details",
          "booked",
          "abandoned"
        ],
        "type": [
          "object",
          "null"
        ]
      },
      "openedCompletionRate": {
        "description": "Opened Completion Rate",
        "format": "double",
        "type": [
          "number",
          "null"
        ]
      },
      "schedulerCompletionRate": {
        "description": "Scheduler Completion Rate",
        "format": "double",
        "type": [
          "number",
          "null"
        ]
      },
      "schedulerName": {
        "description": "Scheduler Name",
        "type": [
          "string",
          "null"
        ]
      },
      "totalAbandonedSessionsSentToBookings": {
        "description": "The total number of bookings created from abandoned sessions",
        "format": "int32",
        "type": [
          "integer",
          "null"
        ]
      },
      "totalAbandonedSessionsSentToLeads": {
        "description": "The total number of leads created from abandoned sessions",
        "format": "int32",
        "type": [
          "integer",
          "null"
        ]
      },
      "totalBookingsCreated": {
        "description": "The total number of bookings created",
        "format": "int32",
        "type": [
          "integer",
          "null"
        ]
      },
      "totalBookingsRecoveredFromAbandonedSessions": {
        "description": "The total number of bookings that were successfully completed after customers returned from an abandoned session recovery SMS",
        "format": "int32",
        "type": [
          "integer",
          "null"
        ]
      },
      "totalCustomerContactsCaptured": {
        "description": "The total number of customer contacts captured",
        "format": "int32",
        "type": [
          "integer",
          "null"
        ]
      },
      "totalJobsCreated": {
        "description": "The total number of jobs created",
        "format": "int32",
        "type": [
          "integer",
          "null"
        ]
      },
      "totalJobsRecoveredFromAbandonedSessions": {
        "description": "The total number of Jobs that were successfully created after customers returned from an abandoned session recovery SMS",
        "format": "int32",
        "type": [
          "integer",
          "null"
        ]
      },
      "totalMembershipInterest": {
        "description": "The total number of membership interest",
        "format": "int32",
        "type": [
          "integer",
          "null"
        ]
      },
      "totalSessions": {
        "description": "The total number of sessions",
        "format": "int32",
        "type": [
          "integer",
          "null"
        ]
      }
    },
    "required": [
      "id",
      "schedulerName",
      "brandName",
      "schedulerCompletionRate",
      "openedCompletionRate",
      "totalCustomerContactsCaptured",
      "totalJobsCreated",
      "totalBookingsCreated",
      "totalAbandonedSessionsSentToBookings",
      "totalAbandonedSessionsSentToLeads",
      "totalBookingsRecoveredFromAbandonedSessions",
      "totalJobsRecoveredFromAbandonedSessions",
      "totalMembershipInterest",
      "totalSessions",
      "milestoneFrequencyCount"
    ],
    "type": "object"
  },
  "stream": "scheduler_performance",
  "tap_stream_id": "scheduler_performance"
}
