{
  "key_properties": [
    "id"
  ],
  "metadata": [
    {
      "breadcrumb": [
        "properties",
        "id"
      ],
      "metadata": {
        "inclusion": "automatic"
      }
    },
    {
      "breadcrumb": [
        "properties",
        "name"
      ],
      "metadata": {
        "inclusion": "available"
      }
    },
    {
      "breadcrumb": [
        "properties",
        "dataType"
      ],
      "metadata": {
        "inclusion": "available"
      }
    },
    {
      "breadcrumb": [
        "properties",
        "dataTypeOptions"
      ],
      "metadata": {
        "inclusion": "available"
      }
    },
    {
      "breadcrumb": [
        "properties",
        "createdOn"
      ],
      "metadata": {
        "inclusion": "available"
      }
    },
    {
      "breadcrumb": [
        "properties",
        "modifiedOn"
      ],
      "metadata": {
        "inclusion": "automatic"
      }
    },
    {
      "breadcrumb": [],
      "metadata": {
        "inclusion": "available",
        "selected": true,
        "selected-by-default": true,
        "table-key-properties": [
          "id"
        ],
        "valid-replication-keys": [
          "modifiedOn"
        ]
      }
    }
  ],
  "replication_key": "modifiedOn",
  "replication_method": "INCREMENTAL",
  "schema": {
    "additionalProperties": false,
    "properties": {
      "createdOn": {
        "description": "DateTime (UTC) that customer record was created",
        "format": "date-time",
        "type": [
          "string",
          "null"
        ]
      },
      "dataType": {
        "description": "The type custom field type (e.g. Text, Dropdown, or Numeric)",
        "type": [
          "string",
          "null"
        ]
      },
      "dataTypeOptions": {
        "description": "The type custom field type (e.g. Text, Dropdown, or Numeric)",
        "items": {
          "type": "string"
        },
        "type": [
          "array",
          "null"
        ]
      },
      "id": {
        "description": "ID of the custom field type",
        "format": "int64",
        "type": "integer"
      },
      "modifiedOn": {
        "description": "Modified on (UTC) for the record.",
        "format": "date-time",
        "type": [
          "string",
          "null"
        ]
      },
      "name": {
        "description": "Name of the custom field type",
        "type": [
          "string",
          "null"
        ]
      }
    },
    "required": [
      "id",
      "createdOn",
      "modifiedOn"
    ],
    "type": "object"
  },
  "stream": "locations_custom_fields",
  "tap_stream_id": "locations_custom_fields"
}
