{
  "key_properties": [
    "id"
  ],
  "metadata": [
    {
      "breadcrumb": [
        "properties",
        "id"
      ],
      "metadata": {
        "inclusion": "automatic"
      }
    },
    {
      "breadcrumb": [
        "properties",
        "fileName"
      ],
      "metadata": {
        "inclusion": "available"
      }
    },
    {
      "breadcrumb": [
        "properties",
        "createdById"
      ],
      "metadata": {
        "inclusion": "available"
      }
    },
    {
      "breadcrumb": [
        "properties",
        "createdOn"
      ],
      "metadata": {
        "inclusion": "automatic"
      }
    },
    {
      "breadcrumb": [],
      "metadata": {
        "inclusion": "available",
        "selected": true,
        "selected-by-default": true,
        "table-key-properties": [
          "id"
        ],
        "valid-replication-keys": [
          "createdOn"
        ]
      }
    }
  ],
  "replication_key": "createdOn",
  "replication_method": "INCREMENTAL",
  "schema": {
    "$schema": "https://json-schema.org/draft/2020-12/schema",
    "properties": {
      "createdById": {
        "type": [
          "integer",
          "null"
        ]
      },
      "createdOn": {
        "format": "date-time",
        "type": [
          "string",
          "null"
        ]
      },
      "fileName": {
        "type": [
          "string",
          "null"
        ]
      },
      "id": {
        "type": [
          "integer",
          "null"
        ]
      }
    },
    "type": "object"
  },
  "stream": "job_attachments",
  "tap_stream_id": "job_attachments"
}
