{
  "key_properties": [
    "contactNumber"
  ],
  "metadata": [
    {
      "breadcrumb": [
        "properties",
        "contactNumber"
      ],
      "metadata": {
        "inclusion": "automatic"
      }
    },
    {
      "breadcrumb": [
        "properties",
        "optOutType"
      ],
      "metadata": {
        "inclusion": "available"
      }
    },
    {
      "breadcrumb": [],
      "metadata": {
        "inclusion": "available",
        "selected": true,
        "selected-by-default": true,
        "table-key-properties": [
          "contactNumber"
        ]
      }
    }
  ],
  "replication_method": "FULL_TABLE",
  "schema": {
    "additionalProperties": false,
    "description": "Single contact number opt-out status",
    "properties": {
      "contactNumber": {
        "description": "Contact number in E.164 format",
        "type": "string"
      },
      "optOutType": {
        "description": "",
        "type": [
          "string",
          "null"
        ]
      }
    },
    "required": [
      "contactNumber",
      "optOutType"
    ],
    "type": "object"
  },
  "stream": "opt_outs",
  "tap_stream_id": "opt_outs"
}
