{
  "key_properties": [
    "id"
  ],
  "metadata": [
    {
      "breadcrumb": [
        "properties",
        "id"
      ],
      "metadata": {
        "inclusion": "automatic"
      }
    },
    {
      "breadcrumb": [
        "properties",
        "start"
      ],
      "metadata": {
        "inclusion": "available"
      }
    },
    {
      "breadcrumb": [
        "properties",
        "duration"
      ],
      "metadata": {
        "inclusion": "available"
      }
    },
    {
      "breadcrumb": [
        "properties",
        "businessUnitIds"
      ],
      "metadata": {
        "inclusion": "available"
      }
    },
    {
      "breadcrumb": [
        "properties",
        "active"
      ],
      "metadata": {
        "inclusion": "available"
      }
    },
    {
      "breadcrumb": [],
      "metadata": {
        "inclusion": "available",
        "selected": true,
        "selected-by-default": true,
        "table-key-properties": [
          "id"
        ]
      }
    }
  ],
  "replication_method": "FULL_TABLE",
  "schema": {
    "additionalProperties": false,
    "properties": {
      "active": {
        "type": [
          "boolean",
          "null"
        ]
      },
      "businessUnitIds": {
        "items": {
          "format": "int64",
          "type": "integer"
        },
        "type": [
          "array",
          "null"
        ]
      },
      "duration": {
        "format": "duration",
        "type": [
          "string",
          "null"
        ]
      },
      "id": {
        "format": "int64",
        "type": "integer"
      },
      "start": {
        "format": "duration",
        "type": [
          "string",
          "null"
        ]
      }
    },
    "required": [
      "id",
      "start",
      "duration",
      "businessUnitIds",
      "active"
    ],
    "type": "object"
  },
  "stream": "arrival_windows",
  "tap_stream_id": "arrival_windows"
}
