{
  "key_properties": [
    "id"
  ],
  "metadata": [
    {
      "breadcrumb": [
        "properties",
        "id"
      ],
      "metadata": {
        "inclusion": "automatic"
      }
    },
    {
      "breadcrumb": [
        "properties",
        "active"
      ],
      "metadata": {
        "inclusion": "available"
      }
    },
    {
      "breadcrumb": [
        "properties",
        "text"
      ],
      "metadata": {
        "inclusion": "available"
      }
    },
    {
      "breadcrumb": [
        "properties",
        "isPinned"
      ],
      "metadata": {
        "inclusion": "available"
      }
    },
    {
      "breadcrumb": [
        "properties",
        "createdById"
      ],
      "metadata": {
        "inclusion": "available"
      }
    },
    {
      "breadcrumb": [
        "properties",
        "createdOn"
      ],
      "metadata": {
        "inclusion": "available"
      }
    },
    {
      "breadcrumb": [
        "properties",
        "modifiedOn"
      ],
      "metadata": {
        "inclusion": "automatic"
      }
    },
    {
      "breadcrumb": [
        "properties",
        "projectId"
      ],
      "metadata": {
        "inclusion": "available"
      }
    },
    {
      "breadcrumb": [],
      "metadata": {
        "inclusion": "available",
        "selected": true,
        "selected-by-default": true,
        "table-key-properties": [
          "id"
        ],
        "valid-replication-keys": [
          "modifiedOn"
        ]
      }
    }
  ],
  "replication_key": "modifiedOn",
  "replication_method": "INCREMENTAL",
  "schema": {
    "additionalProperties": false,
    "properties": {
      "active": {
        "description": "Whether this note is active, or not anymore.",
        "type": [
          "boolean",
          "null"
        ]
      },
      "createdById": {
        "description": "ID of user who created this note",
        "format": "int64",
        "type": [
          "integer",
          "null"
        ]
      },
      "createdOn": {
        "description": "Date/time (in UTC) the note was created",
        "format": "date-time",
        "type": [
          "string",
          "null"
        ]
      },
      "id": {
        "description": "Note Id.",
        "format": "int64",
        "type": "integer"
      },
      "isPinned": {
        "description": "Whether the note is pinned to the top",
        "type": [
          "boolean",
          "null"
        ]
      },
      "modifiedOn": {
        "description": "Date/time (in UTC) the note was modified",
        "format": "date-time",
        "type": [
          "string",
          "null"
        ]
      },
      "projectId": {
        "description": "Notes Project Id.",
        "format": "int64",
        "type": [
          "integer",
          "null"
        ]
      },
      "text": {
        "description": "Text content of a note",
        "type": [
          "string",
          "null"
        ]
      }
    },
    "required": [
      "id",
      "active",
      "text",
      "isPinned",
      "createdById",
      "createdOn",
      "modifiedOn",
      "projectId"
    ],
    "type": "object"
  },
  "stream": "project_notes",
  "tap_stream_id": "project_notes"
}
