{
  "key_properties": [
    "id"
  ],
  "metadata": [
    {
      "breadcrumb": [
        "properties",
        "id"
      ],
      "metadata": {
        "inclusion": "automatic"
      }
    },
    {
      "breadcrumb": [
        "properties",
        "createdOn"
      ],
      "metadata": {
        "inclusion": "available"
      }
    },
    {
      "breadcrumb": [
        "properties",
        "createdById"
      ],
      "metadata": {
        "inclusion": "available"
      }
    },
    {
      "breadcrumb": [
        "properties",
        "modifiedOn"
      ],
      "metadata": {
        "inclusion": "automatic"
      }
    },
    {
      "breadcrumb": [
        "properties",
        "active"
      ],
      "metadata": {
        "inclusion": "available"
      }
    },
    {
      "breadcrumb": [
        "properties",
        "recurrenceType"
      ],
      "metadata": {
        "inclusion": "available"
      }
    },
    {
      "breadcrumb": [
        "properties",
        "recurrenceInterval"
      ],
      "metadata": {
        "inclusion": "available"
      }
    },
    {
      "breadcrumb": [
        "properties",
        "recurrenceMonths"
      ],
      "metadata": {
        "inclusion": "available"
      }
    },
    {
      "breadcrumb": [
        "properties",
        "durationType"
      ],
      "metadata": {
        "inclusion": "available"
      }
    },
    {
      "breadcrumb": [
        "properties",
        "durationLength"
      ],
      "metadata": {
        "inclusion": "available"
      }
    },
    {
      "breadcrumb": [
        "properties",
        "invoiceTemplateId"
      ],
      "metadata": {
        "inclusion": "available"
      }
    },
    {
      "breadcrumb": [
        "properties",
        "businessUnitId"
      ],
      "metadata": {
        "inclusion": "available"
      }
    },
    {
      "breadcrumb": [
        "properties",
        "jobTypeId"
      ],
      "metadata": {
        "inclusion": "available"
      }
    },
    {
      "breadcrumb": [
        "properties",
        "priority"
      ],
      "metadata": {
        "inclusion": "available"
      }
    },
    {
      "breadcrumb": [
        "properties",
        "campaignId"
      ],
      "metadata": {
        "inclusion": "available"
      }
    },
    {
      "breadcrumb": [
        "properties",
        "jobSummary"
      ],
      "metadata": {
        "inclusion": "available"
      }
    },
    {
      "breadcrumb": [
        "properties",
        "name"
      ],
      "metadata": {
        "inclusion": "available"
      }
    },
    {
      "breadcrumb": [
        "properties",
        "importId"
      ],
      "metadata": {
        "inclusion": "available"
      }
    },
    {
      "breadcrumb": [],
      "metadata": {
        "inclusion": "available",
        "selected": true,
        "selected-by-default": true,
        "table-key-properties": [
          "id"
        ],
        "valid-replication-keys": [
          "modifiedOn"
        ]
      }
    }
  ],
  "replication_key": "modifiedOn",
  "replication_method": "INCREMENTAL",
  "schema": {
    "$schema": "https://json-schema.org/draft/2020-12/schema",
    "properties": {
      "active": {
        "type": [
          "boolean",
          "null"
        ]
      },
      "businessUnitId": {
        "type": [
          "integer",
          "null"
        ]
      },
      "campaignId": {
        "type": [
          "integer",
          "null"
        ]
      },
      "createdById": {
        "type": [
          "integer",
          "null"
        ]
      },
      "createdOn": {
        "format": "date-time",
        "type": [
          "string",
          "null"
        ]
      },
      "durationLength": {
        "type": [
          "integer",
          "null"
        ]
      },
      "durationType": {
        "type": [
          "string",
          "null"
        ]
      },
      "id": {
        "type": [
          "integer",
          "null"
        ]
      },
      "importId": {
        "type": [
          "string",
          "null"
        ]
      },
      "invoiceTemplateId": {
        "type": [
          "integer",
          "null"
        ]
      },
      "jobSummary": {
        "type": [
          "string",
          "null"
        ]
      },
      "jobTypeId": {
        "type": [
          "integer",
          "null"
        ]
      },
      "modifiedOn": {
        "format": "date-time",
        "type": [
          "string",
          "null"
        ]
      },
      "name": {
        "type": [
          "string",
          "null"
        ]
      },
      "priority": {
        "type": [
          "string",
          "null"
        ]
      },
      "recurrenceInterval": {
        "type": [
          "integer",
          "null"
        ]
      },
      "recurrenceMonths": {
        "items": {
          "type": [
            "string"
          ]
        },
        "type": [
          "array",
          "null"
        ]
      },
      "recurrenceType": {
        "type": [
          "string",
          "null"
        ]
      }
    },
    "type": "object"
  },
  "stream": "recurring_service_types",
  "tap_stream_id": "recurring_service_types"
}
