{
  "key_properties": [
    "id"
  ],
  "metadata": [
    {
      "breadcrumb": [
        "properties",
        "id"
      ],
      "metadata": {
        "inclusion": "automatic"
      }
    },
    {
      "breadcrumb": [
        "properties",
        "startedOn"
      ],
      "metadata": {
        "inclusion": "available"
      }
    },
    {
      "breadcrumb": [
        "properties",
        "endedOn"
      ],
      "metadata": {
        "inclusion": "available"
      }
    },
    {
      "breadcrumb": [
        "properties",
        "employeeId"
      ],
      "metadata": {
        "inclusion": "available"
      }
    },
    {
      "breadcrumb": [
        "properties",
        "employeeType"
      ],
      "metadata": {
        "inclusion": "available"
      }
    },
    {
      "breadcrumb": [
        "properties",
        "status"
      ],
      "metadata": {
        "inclusion": "available"
      }
    },
    {
      "breadcrumb": [
        "properties",
        "burdenRate"
      ],
      "metadata": {
        "inclusion": "available"
      }
    },
    {
      "breadcrumb": [
        "properties",
        "managerApprovedOn"
      ],
      "metadata": {
        "inclusion": "available"
      }
    },
    {
      "breadcrumb": [
        "properties",
        "createdOn"
      ],
      "metadata": {
        "inclusion": "available"
      }
    },
    {
      "breadcrumb": [
        "properties",
        "modifiedOn"
      ],
      "metadata": {
        "inclusion": "automatic"
      }
    },
    {
      "breadcrumb": [
        "properties",
        "active"
      ],
      "metadata": {
        "inclusion": "available"
      }
    },
    {
      "breadcrumb": [],
      "metadata": {
        "inclusion": "available",
        "selected": true,
        "selected-by-default": true,
        "table-key-properties": [
          "id"
        ],
        "valid-replication-keys": [
          "modifiedOn"
        ]
      }
    }
  ],
  "replication_key": "modifiedOn",
  "replication_method": "INCREMENTAL",
  "schema": {
    "additionalProperties": false,
    "properties": {
      "active": {
        "description": "Whether payroll adjustment is active",
        "type": [
          "boolean",
          "null"
        ]
      },
      "burdenRate": {
        "description": "Burden rate of employee",
        "format": "decimal",
        "type": [
          "number",
          "null"
        ]
      },
      "createdOn": {
        "description": "Date/time (on UTC) when the payroll adjustment was created",
        "format": "date-time",
        "type": [
          "string",
          "null"
        ]
      },
      "employeeId": {
        "description": "Employee ID of the payroll",
        "format": "int64",
        "type": [
          "integer",
          "null"
        ]
      },
      "employeeType": {
        "description": "",
        "type": [
          "string",
          "null"
        ]
      },
      "endedOn": {
        "description": "Ended on date (UTC) of the payroll",
        "format": "date-time",
        "type": [
          "string",
          "null"
        ]
      },
      "id": {
        "description": "ID of the payroll",
        "format": "int64",
        "type": "integer"
      },
      "managerApprovedOn": {
        "description": "Date/time (on UTC) when the payroll was approved",
        "format": "date-time",
        "type": [
          "string",
          "null"
        ]
      },
      "modifiedOn": {
        "description": "Date/time (on UTC) when the payroll adjustment was modified",
        "format": "date-time",
        "type": [
          "string",
          "null"
        ]
      },
      "startedOn": {
        "description": "Started on date (UTC) of the payroll",
        "format": "date-time",
        "type": [
          "string",
          "null"
        ]
      },
      "status": {
        "description": "",
        "type": [
          "string",
          "null"
        ]
      }
    },
    "required": [
      "id",
      "startedOn",
      "endedOn",
      "employeeId",
      "employeeType",
      "status",
      "createdOn",
      "modifiedOn",
      "active"
    ],
    "type": "object"
  },
  "stream": "payrolls",
  "tap_stream_id": "payrolls"
}
