{
  "key_properties": [
    "id"
  ],
  "metadata": [
    {
      "breadcrumb": [
        "properties",
        "id"
      ],
      "metadata": {
        "inclusion": "automatic"
      }
    },
    {
      "breadcrumb": [
        "properties",
        "createdOn"
      ],
      "metadata": {
        "inclusion": "available"
      }
    },
    {
      "breadcrumb": [
        "properties",
        "createdById"
      ],
      "metadata": {
        "inclusion": "available"
      }
    },
    {
      "breadcrumb": [
        "properties",
        "modifiedOn"
      ],
      "metadata": {
        "inclusion": "automatic"
      }
    },
    {
      "breadcrumb": [
        "properties",
        "followUpOn"
      ],
      "metadata": {
        "inclusion": "available"
      }
    },
    {
      "breadcrumb": [
        "properties",
        "cancellationDate"
      ],
      "metadata": {
        "inclusion": "available"
      }
    },
    {
      "breadcrumb": [
        "properties",
        "from"
      ],
      "metadata": {
        "inclusion": "available"
      }
    },
    {
      "breadcrumb": [
        "properties",
        "nextScheduledBillDate"
      ],
      "metadata": {
        "inclusion": "available"
      }
    },
    {
      "breadcrumb": [
        "properties",
        "to"
      ],
      "metadata": {
        "inclusion": "available"
      }
    },
    {
      "breadcrumb": [
        "properties",
        "billingFrequency"
      ],
      "metadata": {
        "inclusion": "available"
      }
    },
    {
      "breadcrumb": [
        "properties",
        "renewalBillingFrequency"
      ],
      "metadata": {
        "inclusion": "available"
      }
    },
    {
      "breadcrumb": [
        "properties",
        "status"
      ],
      "metadata": {
        "inclusion": "available"
      }
    },
    {
      "breadcrumb": [
        "properties",
        "followUpStatus"
      ],
      "metadata": {
        "inclusion": "available"
      }
    },
    {
      "breadcrumb": [
        "properties",
        "active"
      ],
      "metadata": {
        "inclusion": "available"
      }
    },
    {
      "breadcrumb": [
        "properties",
        "initialDeferredRevenue"
      ],
      "metadata": {
        "inclusion": "available"
      }
    },
    {
      "breadcrumb": [
        "properties",
        "duration"
      ],
      "metadata": {
        "inclusion": "available"
      }
    },
    {
      "breadcrumb": [
        "properties",
        "renewalDuration"
      ],
      "metadata": {
        "inclusion": "available"
      }
    },
    {
      "breadcrumb": [
        "properties",
        "businessUnitId"
      ],
      "metadata": {
        "inclusion": "available"
      }
    },
    {
      "breadcrumb": [
        "properties",
        "customerId"
      ],
      "metadata": {
        "inclusion": "available"
      }
    },
    {
      "breadcrumb": [
        "properties",
        "membershipTypeId"
      ],
      "metadata": {
        "inclusion": "available"
      }
    },
    {
      "breadcrumb": [
        "properties",
        "activatedById"
      ],
      "metadata": {
        "inclusion": "available"
      }
    },
    {
      "breadcrumb": [
        "properties",
        "activatedFromId"
      ],
      "metadata": {
        "inclusion": "available"
      }
    },
    {
      "breadcrumb": [
        "properties",
        "billingTemplateId"
      ],
      "metadata": {
        "inclusion": "available"
      }
    },
    {
      "breadcrumb": [
        "properties",
        "cancellationBalanceInvoiceId"
      ],
      "metadata": {
        "inclusion": "available"
      }
    },
    {
      "breadcrumb": [
        "properties",
        "cancellationInvoiceId"
      ],
      "metadata": {
        "inclusion": "available"
      }
    },
    {
      "breadcrumb": [
        "properties",
        "followUpCustomStatusId"
      ],
      "metadata": {
        "inclusion": "available"
      }
    },
    {
      "breadcrumb": [
        "properties",
        "locationId"
      ],
      "metadata": {
        "inclusion": "available"
      }
    },
    {
      "breadcrumb": [
        "properties",
        "paymentMethodId"
      ],
      "metadata": {
        "inclusion": "available"
      }
    },
    {
      "breadcrumb": [
        "properties",
        "paymentTypeId"
      ],
      "metadata": {
        "inclusion": "available"
      }
    },
    {
      "breadcrumb": [
        "properties",
        "recurringLocationId"
      ],
      "metadata": {
        "inclusion": "available"
      }
    },
    {
      "breadcrumb": [
        "properties",
        "renewalMembershipTaskId"
      ],
      "metadata": {
        "inclusion": "available"
      }
    },
    {
      "breadcrumb": [
        "properties",
        "renewedById"
      ],
      "metadata": {
        "inclusion": "available"
      }
    },
    {
      "breadcrumb": [
        "properties",
        "soldById"
      ],
      "metadata": {
        "inclusion": "available"
      }
    },
    {
      "breadcrumb": [
        "properties",
        "customerPo"
      ],
      "metadata": {
        "inclusion": "available"
      }
    },
    {
      "breadcrumb": [
        "properties",
        "importId"
      ],
      "metadata": {
        "inclusion": "available"
      }
    },
    {
      "breadcrumb": [
        "properties",
        "memo"
      ],
      "metadata": {
        "inclusion": "available"
      }
    },
    {
      "breadcrumb": [
        "properties",
        "customFields"
      ],
      "metadata": {
        "inclusion": "available"
      }
    },
    {
      "breadcrumb": [],
      "metadata": {
        "inclusion": "available",
        "selected": true,
        "selected-by-default": true,
        "table-key-properties": [
          "id"
        ],
        "valid-replication-keys": [
          "modifiedOn"
        ]
      }
    }
  ],
  "replication_key": "modifiedOn",
  "replication_method": "INCREMENTAL",
  "schema": {
    "$schema": "https://json-schema.org/draft/2020-12/schema",
    "properties": {
      "activatedById": {
        "type": [
          "integer",
          "null"
        ]
      },
      "activatedFromId": {
        "type": [
          "integer",
          "null"
        ]
      },
      "active": {
        "type": [
          "boolean",
          "null"
        ]
      },
      "billingFrequency": {
        "type": [
          "string",
          "null"
        ]
      },
      "billingTemplateId": {
        "type": [
          "integer",
          "null"
        ]
      },
      "businessUnitId": {
        "type": [
          "integer",
          "null"
        ]
      },
      "cancellationBalanceInvoiceId": {
        "type": [
          "integer",
          "null"
        ]
      },
      "cancellationDate": {
        "format": "date-time",
        "type": [
          "string",
          "null"
        ]
      },
      "cancellationInvoiceId": {
        "type": [
          "integer",
          "null"
        ]
      },
      "createdById": {
        "type": [
          "integer",
          "null"
        ]
      },
      "createdOn": {
        "format": "date-time",
        "type": [
          "string",
          "null"
        ]
      },
      "customFields": {
        "items": {
          "additionalProperties": true,
          "properties": {
            "name": {
              "type": [
                "string",
                "null"
              ]
            },
            "typeId": {
              "type": [
                "integer",
                "null"
              ]
            },
            "value": {
              "type": [
                "string",
                "null"
              ]
            }
          },
          "type": "object"
        },
        "type": [
          "array",
          "null"
        ]
      },
      "customerId": {
        "type": [
          "integer",
          "null"
        ]
      },
      "customerPo": {
        "type": [
          "string",
          "null"
        ]
      },
      "duration": {
        "type": [
          "integer",
          "null"
        ]
      },
      "followUpCustomStatusId": {
        "type": [
          "integer",
          "null"
        ]
      },
      "followUpOn": {
        "format": "date-time",
        "type": [
          "string",
          "null"
        ]
      },
      "followUpStatus": {
        "type": [
          "string",
          "null"
        ]
      },
      "from": {
        "format": "date-time",
        "type": [
          "string",
          "null"
        ]
      },
      "id": {
        "type": [
          "integer",
          "null"
        ]
      },
      "importId": {
        "type": [
          "string",
          "null"
        ]
      },
      "initialDeferredRevenue": {
        "type": [
          "number",
          "null"
        ]
      },
      "locationId": {
        "type": [
          "integer",
          "null"
        ]
      },
      "membershipTypeId": {
        "type": [
          "integer",
          "null"
        ]
      },
      "memo": {
        "type": [
          "string",
          "null"
        ]
      },
      "modifiedOn": {
        "format": "date-time",
        "type": [
          "string",
          "null"
        ]
      },
      "nextScheduledBillDate": {
        "format": "date-time",
        "type": [
          "string",
          "null"
        ]
      },
      "paymentMethodId": {
        "type": [
          "integer",
          "null"
        ]
      },
      "paymentTypeId": {
        "type": [
          "integer",
          "null"
        ]
      },
      "recurringLocationId": {
        "type": [
          "integer",
          "null"
        ]
      },
      "renewalBillingFrequency": {
        "type": [
          "string",
          "null"
        ]
      },
      "renewalDuration": {
        "type": [
          "integer",
          "null"
        ]
      },
      "renewalMembershipTaskId": {
        "type": [
          "integer",
          "null"
        ]
      },
      "renewedById": {
        "type": [
          "integer",
          "null"
        ]
      },
      "soldById": {
        "type": [
          "integer",
          "null"
        ]
      },
      "status": {
        "type": [
          "string",
          "null"
        ]
      },
      "to": {
        "format": "date-time",
        "type": [
          "string",
          "null"
        ]
      }
    },
    "type": "object"
  },
  "stream": "memberships_export",
  "tap_stream_id": "memberships_export"
}
