{
  "key_properties": [
    "id"
  ],
  "metadata": [
    {
      "breadcrumb": [
        "properties",
        "id"
      ],
      "metadata": {
        "inclusion": "automatic"
      }
    },
    {
      "breadcrumb": [
        "properties",
        "name"
      ],
      "metadata": {
        "inclusion": "available"
      }
    },
    {
      "breadcrumb": [
        "properties",
        "active"
      ],
      "metadata": {
        "inclusion": "available"
      }
    },
    {
      "breadcrumb": [
        "properties",
        "isTruckReplenishment"
      ],
      "metadata": {
        "inclusion": "available"
      }
    },
    {
      "breadcrumb": [
        "properties",
        "isMobileCreationRestricted"
      ],
      "metadata": {
        "inclusion": "available"
      }
    },
    {
      "breadcrumb": [
        "properties",
        "memo"
      ],
      "metadata": {
        "inclusion": "available"
      }
    },
    {
      "breadcrumb": [
        "properties",
        "deliveryOption"
      ],
      "metadata": {
        "inclusion": "available"
      }
    },
    {
      "breadcrumb": [
        "properties",
        "defaultTaxRate"
      ],
      "metadata": {
        "inclusion": "available"
      }
    },
    {
      "breadcrumb": [
        "properties",
        "contactInfo"
      ],
      "metadata": {
        "inclusion": "available"
      }
    },
    {
      "breadcrumb": [
        "properties",
        "contactInfo",
        "properties",
        "firstName"
      ],
      "metadata": {
        "inclusion": "available"
      }
    },
    {
      "breadcrumb": [
        "properties",
        "contactInfo",
        "properties",
        "lastName"
      ],
      "metadata": {
        "inclusion": "available"
      }
    },
    {
      "breadcrumb": [
        "properties",
        "contactInfo",
        "properties",
        "phone"
      ],
      "metadata": {
        "inclusion": "available"
      }
    },
    {
      "breadcrumb": [
        "properties",
        "contactInfo",
        "properties",
        "email"
      ],
      "metadata": {
        "inclusion": "available"
      }
    },
    {
      "breadcrumb": [
        "properties",
        "contactInfo",
        "properties",
        "fax"
      ],
      "metadata": {
        "inclusion": "available"
      }
    },
    {
      "breadcrumb": [
        "properties",
        "address"
      ],
      "metadata": {
        "inclusion": "available"
      }
    },
    {
      "breadcrumb": [
        "properties",
        "address",
        "properties",
        "street"
      ],
      "metadata": {
        "inclusion": "available"
      }
    },
    {
      "breadcrumb": [
        "properties",
        "address",
        "properties",
        "unit"
      ],
      "metadata": {
        "inclusion": "available"
      }
    },
    {
      "breadcrumb": [
        "properties",
        "address",
        "properties",
        "city"
      ],
      "metadata": {
        "inclusion": "available"
      }
    },
    {
      "breadcrumb": [
        "properties",
        "address",
        "properties",
        "state"
      ],
      "metadata": {
        "inclusion": "available"
      }
    },
    {
      "breadcrumb": [
        "properties",
        "address",
        "properties",
        "zip"
      ],
      "metadata": {
        "inclusion": "available"
      }
    },
    {
      "breadcrumb": [
        "properties",
        "address",
        "properties",
        "country"
      ],
      "metadata": {
        "inclusion": "available"
      }
    },
    {
      "breadcrumb": [
        "properties",
        "createdOn"
      ],
      "metadata": {
        "inclusion": "available"
      }
    },
    {
      "breadcrumb": [
        "properties",
        "modifiedOn"
      ],
      "metadata": {
        "inclusion": "automatic"
      }
    },
    {
      "breadcrumb": [
        "properties",
        "externalData"
      ],
      "metadata": {
        "inclusion": "available"
      }
    },
    {
      "breadcrumb": [],
      "metadata": {
        "inclusion": "available",
        "selected": true,
        "selected-by-default": true,
        "table-key-properties": [
          "id"
        ],
        "valid-replication-keys": [
          "modifiedOn"
        ]
      }
    }
  ],
  "replication_key": "modifiedOn",
  "replication_method": "INCREMENTAL",
  "schema": {
    "additionalProperties": false,
    "description": "Vendor response",
    "properties": {
      "active": {
        "description": "Active/Inactive status",
        "type": [
          "boolean",
          "null"
        ]
      },
      "address": {
        "additionalProperties": false,
        "description": "Represents address response",
        "properties": {
          "city": {
            "description": "City",
            "type": [
              "string",
              "null"
            ]
          },
          "country": {
            "description": "Country code",
            "type": [
              "string",
              "null"
            ]
          },
          "state": {
            "description": "State",
            "type": [
              "string",
              "null"
            ]
          },
          "street": {
            "description": "Street",
            "type": [
              "string",
              "null"
            ]
          },
          "unit": {
            "description": "Unit",
            "type": [
              "string",
              "null"
            ]
          },
          "zip": {
            "description": "Zip code",
            "type": [
              "string",
              "null"
            ]
          }
        },
        "type": [
          "object",
          "null"
        ]
      },
      "contactInfo": {
        "additionalProperties": false,
        "description": "Vendor contact info response",
        "properties": {
          "email": {
            "description": "Vendor email",
            "type": [
              "string",
              "null"
            ]
          },
          "fax": {
            "description": "Vendor fax",
            "type": [
              "string",
              "null"
            ]
          },
          "firstName": {
            "description": "Vendor first name",
            "type": [
              "string",
              "null"
            ]
          },
          "lastName": {
            "description": "Vendor last name",
            "type": [
              "string",
              "null"
            ]
          },
          "phone": {
            "description": "Vendor phone",
            "type": [
              "string",
              "null"
            ]
          }
        },
        "required": [
          "firstName",
          "lastName",
          "phone",
          "email",
          "fax"
        ],
        "type": [
          "object",
          "null"
        ]
      },
      "createdOn": {
        "description": "system created date",
        "format": "date-time",
        "type": [
          "string",
          "null"
        ]
      },
      "defaultTaxRate": {
        "description": "Default tax rate for this vendor",
        "format": "decimal",
        "type": [
          "number",
          "null"
        ]
      },
      "deliveryOption": {
        "description": "Default delivery option",
        "type": [
          "string",
          "null"
        ]
      },
      "externalData": {
        "description": "List of external data attached to this vendor,\nthat corresponds to the application guid provided in the request.",
        "items": {
          "additionalProperties": false,
          "properties": {
            "key": {
              "description": "External data key.",
              "type": [
                "string",
                "null"
              ]
            },
            "value": {
              "description": "External data value.",
              "type": [
                "string",
                "null"
              ]
            }
          },
          "required": [
            "key",
            "value"
          ],
          "type": [
            "object",
            "null"
          ]
        },
        "type": [
          "array",
          "null"
        ]
      },
      "id": {
        "description": "Vendor Id",
        "format": "int64",
        "type": "integer"
      },
      "isMobileCreationRestricted": {
        "description": "Indicates if vendor can be used for purchasing on mobile",
        "type": [
          "boolean",
          "null"
        ]
      },
      "isTruckReplenishment": {
        "description": "Indicates if vendor can be used for replenishment",
        "type": [
          "boolean",
          "null"
        ]
      },
      "memo": {
        "description": "Vendor memo",
        "format": "multiline",
        "type": [
          "string",
          "null"
        ]
      },
      "modifiedOn": {
        "description": "last time adjustment was modified date",
        "format": "date-time",
        "type": [
          "string",
          "null"
        ]
      },
      "name": {
        "description": "Vendor name",
        "type": [
          "string",
          "null"
        ]
      }
    },
    "required": [
      "id",
      "name",
      "active",
      "isTruckReplenishment",
      "isMobileCreationRestricted",
      "memo",
      "deliveryOption",
      "defaultTaxRate",
      "contactInfo",
      "address",
      "createdOn",
      "modifiedOn",
      "externalData"
    ],
    "type": "object"
  },
  "stream": "vendors",
  "tap_stream_id": "vendors"
}
