{
  "key_properties": [
    "id"
  ],
  "metadata": [
    {
      "breadcrumb": [
        "properties",
        "id"
      ],
      "metadata": {
        "inclusion": "automatic"
      }
    },
    {
      "breadcrumb": [
        "properties",
        "userId"
      ],
      "metadata": {
        "inclusion": "available"
      }
    },
    {
      "breadcrumb": [
        "properties",
        "name"
      ],
      "metadata": {
        "inclusion": "available"
      }
    },
    {
      "breadcrumb": [
        "properties",
        "role"
      ],
      "metadata": {
        "inclusion": "available"
      }
    },
    {
      "breadcrumb": [
        "properties",
        "roleIds"
      ],
      "metadata": {
        "inclusion": "available"
      }
    },
    {
      "breadcrumb": [
        "properties",
        "businessUnitId"
      ],
      "metadata": {
        "inclusion": "available"
      }
    },
    {
      "breadcrumb": [
        "properties",
        "createdOn"
      ],
      "metadata": {
        "inclusion": "available"
      }
    },
    {
      "breadcrumb": [
        "properties",
        "modifiedOn"
      ],
      "metadata": {
        "inclusion": "automatic"
      }
    },
    {
      "breadcrumb": [
        "properties",
        "email"
      ],
      "metadata": {
        "inclusion": "available"
      }
    },
    {
      "breadcrumb": [
        "properties",
        "phoneNumber"
      ],
      "metadata": {
        "inclusion": "available"
      }
    },
    {
      "breadcrumb": [
        "properties",
        "loginName"
      ],
      "metadata": {
        "inclusion": "available"
      }
    },
    {
      "breadcrumb": [
        "properties",
        "customFields"
      ],
      "metadata": {
        "inclusion": "available"
      }
    },
    {
      "breadcrumb": [
        "properties",
        "active"
      ],
      "metadata": {
        "inclusion": "available"
      }
    },
    {
      "breadcrumb": [
        "properties",
        "aadUserId"
      ],
      "metadata": {
        "inclusion": "available"
      }
    },
    {
      "breadcrumb": [
        "properties",
        "permissions"
      ],
      "metadata": {
        "inclusion": "available"
      }
    },
    {
      "breadcrumb": [
        "properties",
        "accountLocked"
      ],
      "metadata": {
        "inclusion": "available"
      }
    },
    {
      "breadcrumb": [],
      "metadata": {
        "inclusion": "available",
        "selected": true,
        "selected-by-default": true,
        "table-key-properties": [
          "id"
        ],
        "valid-replication-keys": [
          "modifiedOn"
        ]
      }
    }
  ],
  "replication_key": "modifiedOn",
  "replication_method": "INCREMENTAL",
  "schema": {
    "additionalProperties": false,
    "properties": {
      "aadUserId": {
        "description": "Azure Active Directory User Id",
        "type": [
          "string",
          "null"
        ]
      },
      "accountLocked": {
        "description": "Account Locked Status",
        "type": [
          "boolean",
          "null"
        ]
      },
      "active": {
        "description": "Whether the employee is active",
        "type": [
          "boolean",
          "null"
        ]
      },
      "businessUnitId": {
        "description": "ID of business unit employee belongs to",
        "format": "int64",
        "type": [
          "integer",
          "null"
        ]
      },
      "createdOn": {
        "description": "When the employee was created",
        "format": "date-time",
        "type": [
          "string",
          "null"
        ]
      },
      "customFields": {
        "description": "Custom fields",
        "items": {
          "additionalProperties": false,
          "properties": {
            "name": {
              "type": [
                "string",
                "null"
              ]
            },
            "typeId": {
              "format": "int64",
              "type": [
                "integer",
                "null"
              ]
            },
            "value": {
              "type": [
                "string",
                "null"
              ]
            }
          },
          "required": [
            "typeId"
          ],
          "type": [
            "object",
            "null"
          ]
        },
        "type": [
          "array",
          "null"
        ]
      },
      "email": {
        "description": "Email address of the employee",
        "format": "email",
        "type": [
          "string",
          "null"
        ]
      },
      "id": {
        "description": "ID of the employee",
        "format": "int64",
        "type": "integer"
      },
      "loginName": {
        "description": "Login name of the employee",
        "type": [
          "string",
          "null"
        ]
      },
      "modifiedOn": {
        "description": "When the employee was modified",
        "format": "date-time",
        "type": [
          "string",
          "null"
        ]
      },
      "name": {
        "description": "Employee's name",
        "type": [
          "string",
          "null"
        ]
      },
      "permissions": {
        "description": "List of the all availible permissions for this user.",
        "items": {
          "additionalProperties": false,
          "properties": {
            "id": {
              "format": "int32",
              "type": [
                "integer",
                "null"
              ]
            },
            "value": {
              "type": [
                "string",
                "null"
              ]
            }
          },
          "required": [
            "id"
          ],
          "type": [
            "object",
            "null"
          ]
        },
        "type": [
          "array",
          "null"
        ]
      },
      "phoneNumber": {
        "description": "Phone number of the employee",
        "format": "phone",
        "type": [
          "string",
          "null"
        ]
      },
      "role": {
        "description": "",
        "type": [
          "string",
          "null"
        ]
      },
      "roleIds": {
        "description": "IDs of the user roles assigned to the technician.",
        "items": {
          "format": "int64",
          "type": "integer"
        },
        "type": [
          "array",
          "null"
        ]
      },
      "userId": {
        "description": "ID of the user that belongs to the employee",
        "format": "int64",
        "type": [
          "integer",
          "null"
        ]
      }
    },
    "required": [
      "id",
      "userId",
      "name",
      "role",
      "createdOn",
      "modifiedOn",
      "active"
    ],
    "type": "object"
  },
  "stream": "employees",
  "tap_stream_id": "employees"
}
