{
  "key_properties": [
    "id"
  ],
  "metadata": [
    {
      "breadcrumb": [
        "properties",
        "id"
      ],
      "metadata": {
        "inclusion": "automatic"
      }
    },
    {
      "breadcrumb": [
        "properties",
        "name"
      ],
      "metadata": {
        "inclusion": "available"
      }
    },
    {
      "breadcrumb": [
        "properties",
        "automaticallyReceiveVendorCredit"
      ],
      "metadata": {
        "inclusion": "available"
      }
    },
    {
      "breadcrumb": [
        "properties",
        "includeInSalesTax"
      ],
      "metadata": {
        "inclusion": "available"
      }
    },
    {
      "breadcrumb": [
        "properties",
        "active"
      ],
      "metadata": {
        "inclusion": "available"
      }
    },
    {
      "breadcrumb": [
        "properties",
        "isDefault"
      ],
      "metadata": {
        "inclusion": "available"
      }
    },
    {
      "breadcrumb": [
        "properties",
        "isDefaultForConsignment"
      ],
      "metadata": {
        "inclusion": "available"
      }
    },
    {
      "breadcrumb": [
        "properties",
        "createdOn"
      ],
      "metadata": {
        "inclusion": "available"
      }
    },
    {
      "breadcrumb": [
        "properties",
        "modifiedOn"
      ],
      "metadata": {
        "inclusion": "available"
      }
    },
    {
      "breadcrumb": [],
      "metadata": {
        "inclusion": "available",
        "selected": true,
        "selected-by-default": true,
        "table-key-properties": [
          "id"
        ]
      }
    }
  ],
  "replication_method": "FULL_TABLE",
  "schema": {
    "additionalProperties": false,
    "properties": {
      "active": {
        "type": [
          "boolean",
          "null"
        ]
      },
      "automaticallyReceiveVendorCredit": {
        "description": "Should the return type allow receiving Vendor Credits automatically.",
        "type": [
          "boolean",
          "null"
        ]
      },
      "createdOn": {
        "description": "System created date",
        "format": "date-time",
        "type": [
          "string",
          "null"
        ]
      },
      "id": {
        "description": "Return Id",
        "format": "int64",
        "type": "integer"
      },
      "includeInSalesTax": {
        "type": [
          "boolean",
          "null"
        ]
      },
      "isDefault": {
        "type": [
          "boolean",
          "null"
        ]
      },
      "isDefaultForConsignment": {
        "type": [
          "boolean",
          "null"
        ]
      },
      "modifiedOn": {
        "description": "Last time return type was modified date",
        "format": "date-time",
        "type": [
          "string",
          "null"
        ]
      },
      "name": {
        "description": "Name of the Return Type",
        "type": [
          "string",
          "null"
        ]
      }
    },
    "required": [
      "id",
      "automaticallyReceiveVendorCredit",
      "includeInSalesTax",
      "active",
      "isDefault",
      "isDefaultForConsignment",
      "createdOn",
      "modifiedOn"
    ],
    "type": "object"
  },
  "stream": "return_types",
  "tap_stream_id": "return_types"
}
