{
  "key_properties": [
    "id"
  ],
  "metadata": [
    {
      "breadcrumb": [
        "properties",
        "id"
      ],
      "metadata": {
        "inclusion": "automatic"
      }
    },
    {
      "breadcrumb": [
        "properties",
        "exceptions"
      ],
      "metadata": {
        "inclusion": "available"
      }
    },
    {
      "breadcrumb": [],
      "metadata": {
        "inclusion": "available",
        "selected": true,
        "selected-by-default": true,
        "table-key-properties": [
          "id"
        ]
      }
    }
  ],
  "replication_method": "FULL_TABLE",
  "schema": {
    "additionalProperties": false,
    "properties": {
      "exceptions": {
        "items": {
          "additionalProperties": false,
          "properties": {
            "skuId": {
              "format": "int64",
              "type": [
                "integer",
                "null"
              ]
            },
            "skuType": {
              "description": "The type of ISku entity",
              "type": [
                "string",
                "null"
              ]
            },
            "value": {
              "format": "decimal",
              "type": [
                "number",
                "null"
              ]
            },
            "valueType": {
              "description": "Equipment and Material markup type for rateSheets",
              "type": [
                "string",
                "null"
              ]
            }
          },
          "required": [
            "skuId",
            "skuType",
            "value",
            "valueType"
          ],
          "type": [
            "object",
            "null"
          ]
        },
        "type": [
          "array",
          "null"
        ]
      },
      "id": {
        "format": "int64",
        "type": "integer"
      }
    },
    "required": [
      "id",
      "exceptions"
    ],
    "type": "object"
  },
  "stream": "client_specific_pricing",
  "tap_stream_id": "client_specific_pricing"
}
