{
  "key_properties": [
    "id"
  ],
  "metadata": [
    {
      "breadcrumb": [
        "properties",
        "summary"
      ],
      "metadata": {
        "inclusion": "available"
      }
    },
    {
      "breadcrumb": [
        "properties",
        "id"
      ],
      "metadata": {
        "inclusion": "automatic"
      }
    },
    {
      "breadcrumb": [
        "properties",
        "source"
      ],
      "metadata": {
        "inclusion": "available"
      }
    },
    {
      "breadcrumb": [
        "properties",
        "createdOn"
      ],
      "metadata": {
        "inclusion": "available"
      }
    },
    {
      "breadcrumb": [
        "properties",
        "name"
      ],
      "metadata": {
        "inclusion": "available"
      }
    },
    {
      "breadcrumb": [
        "properties",
        "address"
      ],
      "metadata": {
        "inclusion": "available"
      }
    },
    {
      "breadcrumb": [
        "properties",
        "address",
        "properties",
        "street"
      ],
      "metadata": {
        "inclusion": "available"
      }
    },
    {
      "breadcrumb": [
        "properties",
        "address",
        "properties",
        "unit"
      ],
      "metadata": {
        "inclusion": "available"
      }
    },
    {
      "breadcrumb": [
        "properties",
        "address",
        "properties",
        "city"
      ],
      "metadata": {
        "inclusion": "available"
      }
    },
    {
      "breadcrumb": [
        "properties",
        "address",
        "properties",
        "state"
      ],
      "metadata": {
        "inclusion": "available"
      }
    },
    {
      "breadcrumb": [
        "properties",
        "address",
        "properties",
        "zip"
      ],
      "metadata": {
        "inclusion": "available"
      }
    },
    {
      "breadcrumb": [
        "properties",
        "address",
        "properties",
        "country"
      ],
      "metadata": {
        "inclusion": "available"
      }
    },
    {
      "breadcrumb": [
        "properties",
        "customerType"
      ],
      "metadata": {
        "inclusion": "available"
      }
    },
    {
      "breadcrumb": [
        "properties",
        "start"
      ],
      "metadata": {
        "inclusion": "available"
      }
    },
    {
      "breadcrumb": [
        "properties",
        "campaignId"
      ],
      "metadata": {
        "inclusion": "available"
      }
    },
    {
      "breadcrumb": [
        "properties",
        "businessUnitId"
      ],
      "metadata": {
        "inclusion": "available"
      }
    },
    {
      "breadcrumb": [
        "properties",
        "isFirstTimeClient"
      ],
      "metadata": {
        "inclusion": "available"
      }
    },
    {
      "breadcrumb": [
        "properties",
        "uploadedImages"
      ],
      "metadata": {
        "inclusion": "available"
      }
    },
    {
      "breadcrumb": [
        "properties",
        "isSendConfirmationEmail"
      ],
      "metadata": {
        "inclusion": "available"
      }
    },
    {
      "breadcrumb": [
        "properties",
        "status"
      ],
      "metadata": {
        "inclusion": "available"
      }
    },
    {
      "breadcrumb": [
        "properties",
        "dismissingReasonId"
      ],
      "metadata": {
        "inclusion": "available"
      }
    },
    {
      "breadcrumb": [
        "properties",
        "jobId"
      ],
      "metadata": {
        "inclusion": "available"
      }
    },
    {
      "breadcrumb": [
        "properties",
        "externalId"
      ],
      "metadata": {
        "inclusion": "available"
      }
    },
    {
      "breadcrumb": [
        "properties",
        "priority"
      ],
      "metadata": {
        "inclusion": "available"
      }
    },
    {
      "breadcrumb": [
        "properties",
        "jobTypeId"
      ],
      "metadata": {
        "inclusion": "available"
      }
    },
    {
      "breadcrumb": [
        "properties",
        "bookingProviderId"
      ],
      "metadata": {
        "inclusion": "available"
      }
    },
    {
      "breadcrumb": [
        "properties",
        "modifiedOn"
      ],
      "metadata": {
        "inclusion": "automatic"
      }
    },
    {
      "breadcrumb": [
        "properties",
        "active"
      ],
      "metadata": {
        "inclusion": "available"
      }
    },
    {
      "breadcrumb": [],
      "metadata": {
        "inclusion": "available",
        "selected": true,
        "selected-by-default": true,
        "table-key-properties": [
          "id"
        ],
        "valid-replication-keys": [
          "modifiedOn"
        ]
      }
    }
  ],
  "replication_key": "modifiedOn",
  "replication_method": "INCREMENTAL",
  "schema": {
    "additionalProperties": false,
    "properties": {
      "active": {
        "type": [
          "boolean",
          "null"
        ]
      },
      "address": {
        "additionalProperties": false,
        "description": "Address of the booking",
        "properties": {
          "city": {
            "description": "Booking address city",
            "type": [
              "string",
              "null"
            ]
          },
          "country": {
            "description": "Booking address country",
            "type": [
              "string",
              "null"
            ]
          },
          "state": {
            "description": "Booking address state",
            "type": [
              "string",
              "null"
            ]
          },
          "street": {
            "description": "Booking address street",
            "type": [
              "string",
              "null"
            ]
          },
          "unit": {
            "description": "Booking address unit",
            "type": [
              "string",
              "null"
            ]
          },
          "zip": {
            "description": "Booking address zip code",
            "type": [
              "string",
              "null"
            ]
          }
        },
        "required": [
          "street",
          "city",
          "state",
          "zip",
          "country"
        ],
        "type": [
          "object",
          "null"
        ]
      },
      "bookingProviderId": {
        "description": "Booking provider id",
        "format": "int64",
        "type": [
          "integer",
          "null"
        ]
      },
      "businessUnitId": {
        "description": "ID of the booking's business unit",
        "format": "int64",
        "type": [
          "integer",
          "null"
        ]
      },
      "campaignId": {
        "description": "ID of the booking's campaign",
        "format": "int64",
        "type": [
          "integer",
          "null"
        ]
      },
      "createdOn": {
        "description": "when the booking was created",
        "format": "date-time",
        "type": [
          "string",
          "null"
        ]
      },
      "customerType": {
        "description": "Indicates a customer's type.",
        "type": [
          "string",
          "null"
        ]
      },
      "dismissingReasonId": {
        "description": "ID of the reason booking was dismissed",
        "format": "int64",
        "type": [
          "integer",
          "null"
        ]
      },
      "externalId": {
        "description": "External ID of booking",
        "type": [
          "string",
          "null"
        ]
      },
      "id": {
        "description": "ID of the booking",
        "format": "int64",
        "type": "integer"
      },
      "isFirstTimeClient": {
        "description": "Returns true if first time client",
        "type": [
          "boolean",
          "null"
        ]
      },
      "isSendConfirmationEmail": {
        "description": "Returns true if customer should receive email when booking is created",
        "type": [
          "boolean",
          "null"
        ]
      },
      "jobId": {
        "description": "ID of the job booked from the booking",
        "format": "int64",
        "type": [
          "integer",
          "null"
        ]
      },
      "jobTypeId": {
        "description": "ID of the booking's job type",
        "format": "int64",
        "type": [
          "integer",
          "null"
        ]
      },
      "modifiedOn": {
        "description": "When the booking was modified",
        "format": "date-time",
        "type": [
          "string",
          "null"
        ]
      },
      "name": {
        "description": "Name of the booking's customer",
        "type": [
          "string",
          "null"
        ]
      },
      "priority": {
        "description": "",
        "type": [
          "string",
          "null"
        ]
      },
      "source": {
        "description": "Source of the booking",
        "type": [
          "string",
          "null"
        ]
      },
      "start": {
        "description": "Booking's start date time, in UTC",
        "format": "date-time",
        "type": [
          "string",
          "null"
        ]
      },
      "status": {
        "description": "",
        "type": [
          "string",
          "null"
        ]
      },
      "summary": {
        "description": "Booking summary",
        "type": [
          "string",
          "null"
        ]
      },
      "uploadedImages": {
        "description": "Uploaded images",
        "items": {
          "type": "string"
        },
        "type": [
          "array",
          "null"
        ]
      }
    },
    "required": [
      "id",
      "source",
      "createdOn",
      "name",
      "start",
      "status",
      "externalId",
      "bookingProviderId",
      "modifiedOn",
      "active"
    ],
    "type": "object"
  },
  "stream": "bookings",
  "tap_stream_id": "bookings"
}
