{
  "key_properties": [
    "id"
  ],
  "metadata": [
    {
      "breadcrumb": [
        "properties",
        "id"
      ],
      "metadata": {
        "inclusion": "automatic"
      }
    },
    {
      "breadcrumb": [
        "properties",
        "type"
      ],
      "metadata": {
        "inclusion": "available"
      }
    },
    {
      "breadcrumb": [
        "properties",
        "code"
      ],
      "metadata": {
        "inclusion": "available"
      }
    },
    {
      "breadcrumb": [
        "properties",
        "displayName"
      ],
      "metadata": {
        "inclusion": "available"
      }
    },
    {
      "breadcrumb": [
        "properties",
        "description"
      ],
      "metadata": {
        "inclusion": "available"
      }
    },
    {
      "breadcrumb": [
        "properties",
        "amountType"
      ],
      "metadata": {
        "inclusion": "available"
      }
    },
    {
      "breadcrumb": [
        "properties",
        "amount"
      ],
      "metadata": {
        "inclusion": "available"
      }
    },
    {
      "breadcrumb": [
        "properties",
        "limit"
      ],
      "metadata": {
        "inclusion": "available"
      }
    },
    {
      "breadcrumb": [
        "properties",
        "taxable"
      ],
      "metadata": {
        "inclusion": "available"
      }
    },
    {
      "breadcrumb": [
        "properties",
        "categories"
      ],
      "metadata": {
        "inclusion": "available"
      }
    },
    {
      "breadcrumb": [
        "properties",
        "hours"
      ],
      "metadata": {
        "inclusion": "available"
      }
    },
    {
      "breadcrumb": [
        "properties",
        "assets"
      ],
      "metadata": {
        "inclusion": "available"
      }
    },
    {
      "breadcrumb": [
        "properties",
        "account"
      ],
      "metadata": {
        "inclusion": "available"
      }
    },
    {
      "breadcrumb": [
        "properties",
        "crossSaleGroup"
      ],
      "metadata": {
        "inclusion": "available"
      }
    },
    {
      "breadcrumb": [
        "properties",
        "active"
      ],
      "metadata": {
        "inclusion": "available"
      }
    },
    {
      "breadcrumb": [
        "properties",
        "bonus"
      ],
      "metadata": {
        "inclusion": "available"
      }
    },
    {
      "breadcrumb": [
        "properties",
        "commissionBonus"
      ],
      "metadata": {
        "inclusion": "available"
      }
    },
    {
      "breadcrumb": [
        "properties",
        "paysCommission"
      ],
      "metadata": {
        "inclusion": "available"
      }
    },
    {
      "breadcrumb": [
        "properties",
        "excludeFromPayroll"
      ],
      "metadata": {
        "inclusion": "available"
      }
    },
    {
      "breadcrumb": [
        "properties",
        "externalData"
      ],
      "metadata": {
        "inclusion": "available"
      }
    },
    {
      "breadcrumb": [],
      "metadata": {
        "inclusion": "available",
        "selected": true,
        "selected-by-default": true,
        "table-key-properties": [
          "id"
        ]
      }
    }
  ],
  "replication_method": "FULL_TABLE",
  "schema": {
    "$schema": "https://json-schema.org/draft/2020-12/schema",
    "properties": {
      "account": {
        "type": [
          "string",
          "null"
        ]
      },
      "active": {
        "type": [
          "boolean",
          "null"
        ]
      },
      "amount": {
        "type": [
          "number",
          "null"
        ]
      },
      "amountType": {
        "type": [
          "string",
          "null"
        ]
      },
      "assets": {
        "items": {
          "additionalProperties": true,
          "properties": {
            "alias": {
              "type": [
                "string",
                "null"
              ]
            },
            "fileName": {
              "type": [
                "string",
                "null"
              ]
            },
            "type": {
              "type": [
                "string",
                "null"
              ]
            },
            "url": {
              "type": [
                "string",
                "null"
              ]
            }
          },
          "type": "object"
        },
        "type": [
          "array",
          "null"
        ]
      },
      "bonus": {
        "type": [
          "number",
          "null"
        ]
      },
      "categories": {
        "items": {
          "type": [
            "integer"
          ]
        },
        "type": [
          "array",
          "null"
        ]
      },
      "code": {
        "type": [
          "string",
          "null"
        ]
      },
      "commissionBonus": {
        "type": [
          "number",
          "null"
        ]
      },
      "crossSaleGroup": {
        "type": [
          "string",
          "null"
        ]
      },
      "description": {
        "type": [
          "string",
          "null"
        ]
      },
      "displayName": {
        "type": [
          "string",
          "null"
        ]
      },
      "excludeFromPayroll": {
        "type": [
          "boolean",
          "null"
        ]
      },
      "externalData": {
        "items": {
          "additionalProperties": true,
          "properties": {
            "key": {
              "type": [
                "string",
                "null"
              ]
            },
            "value": {
              "type": [
                "string",
                "null"
              ]
            }
          },
          "type": "object"
        },
        "type": [
          "array",
          "null"
        ]
      },
      "hours": {
        "type": [
          "number",
          "null"
        ]
      },
      "id": {
        "type": [
          "integer",
          "null"
        ]
      },
      "limit": {
        "type": [
          "number",
          "null"
        ]
      },
      "paysCommission": {
        "type": [
          "boolean",
          "null"
        ]
      },
      "taxable": {
        "type": [
          "boolean",
          "null"
        ]
      },
      "type": {
        "type": [
          "string",
          "null"
        ]
      }
    },
    "type": "object"
  },
  "stream": "discounts_and_fees",
  "tap_stream_id": "discounts_and_fees"
}
