{
  "key_properties": [
    "id"
  ],
  "metadata": [
    {
      "breadcrumb": [
        "properties",
        "id"
      ],
      "metadata": {
        "inclusion": "automatic"
      }
    },
    {
      "breadcrumb": [
        "properties",
        "oldStatus"
      ],
      "metadata": {
        "inclusion": "available"
      }
    },
    {
      "breadcrumb": [
        "properties",
        "newStatus"
      ],
      "metadata": {
        "inclusion": "available"
      }
    },
    {
      "breadcrumb": [
        "properties",
        "note"
      ],
      "metadata": {
        "inclusion": "available"
      }
    },
    {
      "breadcrumb": [
        "properties",
        "createdOn"
      ],
      "metadata": {
        "inclusion": "automatic"
      }
    },
    {
      "breadcrumb": [
        "properties",
        "createdById"
      ],
      "metadata": {
        "inclusion": "available"
      }
    },
    {
      "breadcrumb": [
        "properties",
        "membershipId"
      ],
      "metadata": {
        "inclusion": "available"
      }
    },
    {
      "breadcrumb": [],
      "metadata": {
        "inclusion": "available",
        "selected": true,
        "selected-by-default": true,
        "table-key-properties": [
          "id"
        ],
        "valid-replication-keys": [
          "createdOn"
        ]
      }
    }
  ],
  "replication_key": "createdOn",
  "replication_method": "INCREMENTAL",
  "schema": {
    "additionalProperties": false,
    "properties": {
      "createdById": {
        "description": "ID of the user that created this status change record",
        "format": "int64",
        "type": [
          "integer",
          "null"
        ]
      },
      "createdOn": {
        "description": "When this status change record was created",
        "format": "date-time",
        "type": [
          "string",
          "null"
        ]
      },
      "id": {
        "description": "ID of the status change record",
        "format": "int64",
        "type": "integer"
      },
      "membershipId": {
        "description": "ID of the membership that this status change record is associated with",
        "format": "int64",
        "type": [
          "integer",
          "null"
        ]
      },
      "newStatus": {
        "description": "",
        "type": [
          "string",
          "null"
        ]
      },
      "note": {
        "description": "Optional note attached to this status change",
        "type": [
          "string",
          "null"
        ]
      },
      "oldStatus": {
        "description": "",
        "type": [
          "string",
          "null"
        ]
      }
    },
    "required": [
      "id",
      "oldStatus",
      "newStatus",
      "createdOn",
      "membershipId"
    ],
    "type": "object"
  },
  "stream": "membership_status_changes",
  "tap_stream_id": "membership_status_changes"
}
