{
  "key_properties": [
    "id"
  ],
  "metadata": [
    {
      "breadcrumb": [
        "properties",
        "id"
      ],
      "metadata": {
        "inclusion": "automatic"
      }
    },
    {
      "breadcrumb": [
        "properties",
        "active"
      ],
      "metadata": {
        "inclusion": "available"
      }
    },
    {
      "breadcrumb": [
        "properties",
        "name"
      ],
      "metadata": {
        "inclusion": "available"
      }
    },
    {
      "breadcrumb": [
        "properties",
        "officialName"
      ],
      "metadata": {
        "inclusion": "available"
      }
    },
    {
      "breadcrumb": [
        "properties",
        "email"
      ],
      "metadata": {
        "inclusion": "available"
      }
    },
    {
      "breadcrumb": [
        "properties",
        "currency"
      ],
      "metadata": {
        "inclusion": "available"
      }
    },
    {
      "breadcrumb": [
        "properties",
        "phoneNumber"
      ],
      "metadata": {
        "inclusion": "available"
      }
    },
    {
      "breadcrumb": [
        "properties",
        "invoiceHeader"
      ],
      "metadata": {
        "inclusion": "available"
      }
    },
    {
      "breadcrumb": [
        "properties",
        "invoiceMessage"
      ],
      "metadata": {
        "inclusion": "available"
      }
    },
    {
      "breadcrumb": [
        "properties",
        "defaultTaxRate"
      ],
      "metadata": {
        "inclusion": "available"
      }
    },
    {
      "breadcrumb": [
        "properties",
        "authorizationParagraph"
      ],
      "metadata": {
        "inclusion": "available"
      }
    },
    {
      "breadcrumb": [
        "properties",
        "acknowledgementParagraph"
      ],
      "metadata": {
        "inclusion": "available"
      }
    },
    {
      "breadcrumb": [
        "properties",
        "address"
      ],
      "metadata": {
        "inclusion": "available"
      }
    },
    {
      "breadcrumb": [
        "properties",
        "address",
        "properties",
        "street"
      ],
      "metadata": {
        "inclusion": "available"
      }
    },
    {
      "breadcrumb": [
        "properties",
        "address",
        "properties",
        "unit"
      ],
      "metadata": {
        "inclusion": "available"
      }
    },
    {
      "breadcrumb": [
        "properties",
        "address",
        "properties",
        "city"
      ],
      "metadata": {
        "inclusion": "available"
      }
    },
    {
      "breadcrumb": [
        "properties",
        "address",
        "properties",
        "state"
      ],
      "metadata": {
        "inclusion": "available"
      }
    },
    {
      "breadcrumb": [
        "properties",
        "address",
        "properties",
        "zip"
      ],
      "metadata": {
        "inclusion": "available"
      }
    },
    {
      "breadcrumb": [
        "properties",
        "address",
        "properties",
        "country"
      ],
      "metadata": {
        "inclusion": "available"
      }
    },
    {
      "breadcrumb": [
        "properties",
        "materialSku"
      ],
      "metadata": {
        "inclusion": "available"
      }
    },
    {
      "breadcrumb": [
        "properties",
        "quickbooksClass"
      ],
      "metadata": {
        "inclusion": "available"
      }
    },
    {
      "breadcrumb": [
        "properties",
        "accountCode"
      ],
      "metadata": {
        "inclusion": "available"
      }
    },
    {
      "breadcrumb": [
        "properties",
        "franchiseId"
      ],
      "metadata": {
        "inclusion": "available"
      }
    },
    {
      "breadcrumb": [
        "properties",
        "conceptCode"
      ],
      "metadata": {
        "inclusion": "available"
      }
    },
    {
      "breadcrumb": [
        "properties",
        "corporateContractNumber"
      ],
      "metadata": {
        "inclusion": "available"
      }
    },
    {
      "breadcrumb": [
        "properties",
        "tenant"
      ],
      "metadata": {
        "inclusion": "available"
      }
    },
    {
      "breadcrumb": [
        "properties",
        "tenant",
        "properties",
        "id"
      ],
      "metadata": {
        "inclusion": "available"
      }
    },
    {
      "breadcrumb": [
        "properties",
        "tenant",
        "properties",
        "name"
      ],
      "metadata": {
        "inclusion": "available"
      }
    },
    {
      "breadcrumb": [
        "properties",
        "tenant",
        "properties",
        "accountCode"
      ],
      "metadata": {
        "inclusion": "available"
      }
    },
    {
      "breadcrumb": [
        "properties",
        "tenant",
        "properties",
        "franchiseId"
      ],
      "metadata": {
        "inclusion": "available"
      }
    },
    {
      "breadcrumb": [
        "properties",
        "tenant",
        "properties",
        "conceptCode"
      ],
      "metadata": {
        "inclusion": "available"
      }
    },
    {
      "breadcrumb": [
        "properties",
        "tenant",
        "properties",
        "modifiedOn"
      ],
      "metadata": {
        "inclusion": "available"
      }
    },
    {
      "breadcrumb": [
        "properties",
        "createdOn"
      ],
      "metadata": {
        "inclusion": "available"
      }
    },
    {
      "breadcrumb": [
        "properties",
        "modifiedOn"
      ],
      "metadata": {
        "inclusion": "automatic"
      }
    },
    {
      "breadcrumb": [
        "properties",
        "externalData"
      ],
      "metadata": {
        "inclusion": "available"
      }
    },
    {
      "breadcrumb": [],
      "metadata": {
        "inclusion": "available",
        "selected": true,
        "selected-by-default": true,
        "table-key-properties": [
          "id"
        ],
        "valid-replication-keys": [
          "modifiedOn"
        ]
      }
    }
  ],
  "replication_key": "modifiedOn",
  "replication_method": "INCREMENTAL",
  "schema": {
    "additionalProperties": false,
    "properties": {
      "accountCode": {
        "type": [
          "string",
          "null"
        ]
      },
      "acknowledgementParagraph": {
        "format": "html",
        "type": [
          "string",
          "null"
        ]
      },
      "active": {
        "type": [
          "boolean",
          "null"
        ]
      },
      "address": {
        "additionalProperties": false,
        "properties": {
          "city": {
            "type": [
              "string",
              "null"
            ]
          },
          "country": {
            "type": [
              "string",
              "null"
            ]
          },
          "state": {
            "type": [
              "string",
              "null"
            ]
          },
          "street": {
            "type": [
              "string",
              "null"
            ]
          },
          "unit": {
            "type": [
              "string",
              "null"
            ]
          },
          "zip": {
            "type": [
              "string",
              "null"
            ]
          }
        },
        "type": [
          "object",
          "null"
        ]
      },
      "authorizationParagraph": {
        "format": "html",
        "type": [
          "string",
          "null"
        ]
      },
      "conceptCode": {
        "type": [
          "string",
          "null"
        ]
      },
      "corporateContractNumber": {
        "type": [
          "string",
          "null"
        ]
      },
      "createdOn": {
        "format": "date-time",
        "type": [
          "string",
          "null"
        ]
      },
      "currency": {
        "type": [
          "string",
          "null"
        ]
      },
      "defaultTaxRate": {
        "format": "decimal",
        "type": [
          "number",
          "null"
        ]
      },
      "email": {
        "format": "email",
        "type": [
          "string",
          "null"
        ]
      },
      "externalData": {
        "description": "Optional model that contains a list of external data items\nthat should be attached to this business unit.",
        "items": {
          "additionalProperties": false,
          "properties": {
            "key": {
              "description": "External data key.",
              "type": [
                "string",
                "null"
              ]
            },
            "value": {
              "description": "External data value.",
              "type": [
                "string",
                "null"
              ]
            }
          },
          "required": [
            "key",
            "value"
          ],
          "type": [
            "object",
            "null"
          ]
        },
        "type": [
          "array",
          "null"
        ]
      },
      "franchiseId": {
        "type": [
          "string",
          "null"
        ]
      },
      "id": {
        "format": "int64",
        "type": "integer"
      },
      "invoiceHeader": {
        "format": "html",
        "type": [
          "string",
          "null"
        ]
      },
      "invoiceMessage": {
        "format": "html",
        "type": [
          "string",
          "null"
        ]
      },
      "materialSku": {
        "type": [
          "string",
          "null"
        ]
      },
      "modifiedOn": {
        "format": "date-time",
        "type": [
          "string",
          "null"
        ]
      },
      "name": {
        "type": [
          "string",
          "null"
        ]
      },
      "officialName": {
        "type": [
          "string",
          "null"
        ]
      },
      "phoneNumber": {
        "format": "phone",
        "type": [
          "string",
          "null"
        ]
      },
      "quickbooksClass": {
        "type": [
          "string",
          "null"
        ]
      },
      "tenant": {
        "additionalProperties": false,
        "properties": {
          "accountCode": {
            "type": [
              "string",
              "null"
            ]
          },
          "conceptCode": {
            "type": [
              "string",
              "null"
            ]
          },
          "franchiseId": {
            "type": [
              "string",
              "null"
            ]
          },
          "id": {
            "format": "int64",
            "type": [
              "integer",
              "null"
            ]
          },
          "modifiedOn": {
            "format": "date-time",
            "type": [
              "string",
              "null"
            ]
          },
          "name": {
            "type": [
              "string",
              "null"
            ]
          }
        },
        "required": [
          "id",
          "name",
          "modifiedOn"
        ],
        "type": [
          "object",
          "null"
        ]
      }
    },
    "required": [
      "id",
      "active",
      "name",
      "createdOn",
      "modifiedOn"
    ],
    "type": "object"
  },
  "stream": "business_units",
  "tap_stream_id": "business_units"
}
