{
  "key_properties": [],
  "metadata": [
    {
      "breadcrumb": [
        "properties",
        "postDate"
      ],
      "metadata": {
        "inclusion": "available"
      }
    },
    {
      "breadcrumb": [
        "properties",
        "account"
      ],
      "metadata": {
        "inclusion": "available"
      }
    },
    {
      "breadcrumb": [
        "properties",
        "account",
        "properties",
        "id"
      ],
      "metadata": {
        "inclusion": "available"
      }
    },
    {
      "breadcrumb": [
        "properties",
        "account",
        "properties",
        "number"
      ],
      "metadata": {
        "inclusion": "available"
      }
    },
    {
      "breadcrumb": [
        "properties",
        "account",
        "properties",
        "name"
      ],
      "metadata": {
        "inclusion": "available"
      }
    },
    {
      "breadcrumb": [
        "properties",
        "account",
        "properties",
        "type"
      ],
      "metadata": {
        "inclusion": "available"
      }
    },
    {
      "breadcrumb": [
        "properties",
        "account",
        "properties",
        "subtype"
      ],
      "metadata": {
        "inclusion": "available"
      }
    },
    {
      "breadcrumb": [
        "properties",
        "debit"
      ],
      "metadata": {
        "inclusion": "available"
      }
    },
    {
      "breadcrumb": [
        "properties",
        "credit"
      ],
      "metadata": {
        "inclusion": "available"
      }
    },
    {
      "breadcrumb": [
        "properties",
        "memo"
      ],
      "metadata": {
        "inclusion": "available"
      }
    },
    {
      "breadcrumb": [
        "properties",
        "transaction"
      ],
      "metadata": {
        "inclusion": "available"
      }
    },
    {
      "breadcrumb": [
        "properties",
        "transaction",
        "properties",
        "id"
      ],
      "metadata": {
        "inclusion": "available"
      }
    },
    {
      "breadcrumb": [
        "properties",
        "transaction",
        "properties",
        "type"
      ],
      "metadata": {
        "inclusion": "available"
      }
    },
    {
      "breadcrumb": [
        "properties",
        "transaction",
        "properties",
        "refNumber"
      ],
      "metadata": {
        "inclusion": "available"
      }
    },
    {
      "breadcrumb": [
        "properties",
        "businessUnit"
      ],
      "metadata": {
        "inclusion": "available"
      }
    },
    {
      "breadcrumb": [
        "properties",
        "businessUnit",
        "properties",
        "id"
      ],
      "metadata": {
        "inclusion": "available"
      }
    },
    {
      "breadcrumb": [
        "properties",
        "businessUnit",
        "properties",
        "name"
      ],
      "metadata": {
        "inclusion": "available"
      }
    },
    {
      "breadcrumb": [
        "properties",
        "customer"
      ],
      "metadata": {
        "inclusion": "available"
      }
    },
    {
      "breadcrumb": [
        "properties",
        "customer",
        "properties",
        "id"
      ],
      "metadata": {
        "inclusion": "available"
      }
    },
    {
      "breadcrumb": [
        "properties",
        "customer",
        "properties",
        "name"
      ],
      "metadata": {
        "inclusion": "available"
      }
    },
    {
      "breadcrumb": [
        "properties",
        "vendor"
      ],
      "metadata": {
        "inclusion": "available"
      }
    },
    {
      "breadcrumb": [
        "properties",
        "vendor",
        "properties",
        "id"
      ],
      "metadata": {
        "inclusion": "available"
      }
    },
    {
      "breadcrumb": [
        "properties",
        "vendor",
        "properties",
        "name"
      ],
      "metadata": {
        "inclusion": "available"
      }
    },
    {
      "breadcrumb": [
        "properties",
        "inventoryLocation"
      ],
      "metadata": {
        "inclusion": "available"
      }
    },
    {
      "breadcrumb": [
        "properties",
        "inventoryLocation",
        "properties",
        "id"
      ],
      "metadata": {
        "inclusion": "available"
      }
    },
    {
      "breadcrumb": [
        "properties",
        "inventoryLocation",
        "properties",
        "name"
      ],
      "metadata": {
        "inclusion": "available"
      }
    },
    {
      "breadcrumb": [
        "properties",
        "job"
      ],
      "metadata": {
        "inclusion": "available"
      }
    },
    {
      "breadcrumb": [
        "properties",
        "job",
        "properties",
        "id"
      ],
      "metadata": {
        "inclusion": "available"
      }
    },
    {
      "breadcrumb": [
        "properties",
        "job",
        "properties",
        "number"
      ],
      "metadata": {
        "inclusion": "available"
      }
    },
    {
      "breadcrumb": [
        "properties",
        "customerLocation"
      ],
      "metadata": {
        "inclusion": "available"
      }
    },
    {
      "breadcrumb": [
        "properties",
        "customerLocation",
        "properties",
        "id"
      ],
      "metadata": {
        "inclusion": "available"
      }
    },
    {
      "breadcrumb": [
        "properties",
        "customerLocation",
        "properties",
        "name"
      ],
      "metadata": {
        "inclusion": "available"
      }
    },
    {
      "breadcrumb": [
        "properties",
        "paymentType"
      ],
      "metadata": {
        "inclusion": "available"
      }
    },
    {
      "breadcrumb": [
        "properties",
        "paymentType",
        "properties",
        "id"
      ],
      "metadata": {
        "inclusion": "available"
      }
    },
    {
      "breadcrumb": [
        "properties",
        "paymentType",
        "properties",
        "name"
      ],
      "metadata": {
        "inclusion": "available"
      }
    },
    {
      "breadcrumb": [
        "properties",
        "project"
      ],
      "metadata": {
        "inclusion": "available"
      }
    },
    {
      "breadcrumb": [
        "properties",
        "project",
        "properties",
        "id"
      ],
      "metadata": {
        "inclusion": "available"
      }
    },
    {
      "breadcrumb": [
        "properties",
        "project",
        "properties",
        "number"
      ],
      "metadata": {
        "inclusion": "available"
      }
    },
    {
      "breadcrumb": [
        "properties",
        "serviceAgreement"
      ],
      "metadata": {
        "inclusion": "available"
      }
    },
    {
      "breadcrumb": [
        "properties",
        "serviceAgreement",
        "properties",
        "id"
      ],
      "metadata": {
        "inclusion": "available"
      }
    },
    {
      "breadcrumb": [
        "properties",
        "serviceAgreement",
        "properties",
        "number"
      ],
      "metadata": {
        "inclusion": "available"
      }
    },
    {
      "breadcrumb": [
        "properties",
        "appliedTo"
      ],
      "metadata": {
        "inclusion": "available"
      }
    },
    {
      "breadcrumb": [
        "properties",
        "appliedTo",
        "properties",
        "id"
      ],
      "metadata": {
        "inclusion": "available"
      }
    },
    {
      "breadcrumb": [
        "properties",
        "appliedTo",
        "properties",
        "type"
      ],
      "metadata": {
        "inclusion": "available"
      }
    },
    {
      "breadcrumb": [
        "properties",
        "appliedTo",
        "properties",
        "refNumber"
      ],
      "metadata": {
        "inclusion": "available"
      }
    },
    {
      "breadcrumb": [
        "properties",
        "sku"
      ],
      "metadata": {
        "inclusion": "available"
      }
    },
    {
      "breadcrumb": [
        "properties",
        "sku",
        "properties",
        "id"
      ],
      "metadata": {
        "inclusion": "available"
      }
    },
    {
      "breadcrumb": [
        "properties",
        "sku",
        "properties",
        "type"
      ],
      "metadata": {
        "inclusion": "available"
      }
    },
    {
      "breadcrumb": [
        "properties",
        "sku",
        "properties",
        "code"
      ],
      "metadata": {
        "inclusion": "available"
      }
    },
    {
      "breadcrumb": [
        "properties",
        "transactionDate"
      ],
      "metadata": {
        "inclusion": "available"
      }
    },
    {
      "breadcrumb": [
        "properties",
        "budgetCodeId"
      ],
      "metadata": {
        "inclusion": "available"
      }
    },
    {
      "breadcrumb": [],
      "metadata": {
        "inclusion": "available",
        "selected": true,
        "selected-by-default": true,
        "table-key-properties": []
      }
    }
  ],
  "replication_method": "FULL_TABLE",
  "schema": {
    "additionalProperties": false,
    "properties": {
      "account": {
        "additionalProperties": false,
        "properties": {
          "id": {
            "format": "int64",
            "type": [
              "integer",
              "null"
            ]
          },
          "name": {
            "type": [
              "string",
              "null"
            ]
          },
          "number": {
            "type": [
              "string",
              "null"
            ]
          },
          "subtype": {
            "type": [
              "string",
              "null"
            ]
          },
          "type": {
            "type": [
              "string",
              "null"
            ]
          }
        },
        "required": [
          "id"
        ],
        "type": [
          "object",
          "null"
        ]
      },
      "appliedTo": {
        "additionalProperties": false,
        "properties": {
          "id": {
            "format": "int64",
            "type": [
              "integer",
              "null"
            ]
          },
          "refNumber": {
            "type": [
              "string",
              "null"
            ]
          },
          "type": {
            "description": "",
            "type": [
              "string",
              "null"
            ]
          }
        },
        "required": [
          "id",
          "type"
        ],
        "type": [
          "object",
          "null"
        ]
      },
      "budgetCodeId": {
        "format": "int64",
        "type": [
          "integer",
          "null"
        ]
      },
      "businessUnit": {
        "additionalProperties": false,
        "properties": {
          "id": {
            "format": "int64",
            "type": [
              "integer",
              "null"
            ]
          },
          "name": {
            "type": [
              "string",
              "null"
            ]
          }
        },
        "required": [
          "id"
        ],
        "type": [
          "object",
          "null"
        ]
      },
      "credit": {
        "format": "decimal",
        "type": [
          "number",
          "null"
        ]
      },
      "customer": {
        "additionalProperties": false,
        "properties": {
          "id": {
            "format": "int64",
            "type": [
              "integer",
              "null"
            ]
          },
          "name": {
            "type": [
              "string",
              "null"
            ]
          }
        },
        "required": [
          "id"
        ],
        "type": [
          "object",
          "null"
        ]
      },
      "customerLocation": {
        "additionalProperties": false,
        "properties": {
          "id": {
            "format": "int64",
            "type": [
              "integer",
              "null"
            ]
          },
          "name": {
            "type": [
              "string",
              "null"
            ]
          }
        },
        "required": [
          "id"
        ],
        "type": [
          "object",
          "null"
        ]
      },
      "debit": {
        "format": "decimal",
        "type": [
          "number",
          "null"
        ]
      },
      "inventoryLocation": {
        "additionalProperties": false,
        "properties": {
          "id": {
            "format": "int64",
            "type": [
              "integer",
              "null"
            ]
          },
          "name": {
            "type": [
              "string",
              "null"
            ]
          }
        },
        "required": [
          "id"
        ],
        "type": [
          "object",
          "null"
        ]
      },
      "job": {
        "additionalProperties": false,
        "properties": {
          "id": {
            "format": "int64",
            "type": [
              "integer",
              "null"
            ]
          },
          "number": {
            "type": [
              "string",
              "null"
            ]
          }
        },
        "required": [
          "id"
        ],
        "type": [
          "object",
          "null"
        ]
      },
      "memo": {
        "type": [
          "string",
          "null"
        ]
      },
      "paymentType": {
        "additionalProperties": false,
        "properties": {
          "id": {
            "format": "int64",
            "type": [
              "integer",
              "null"
            ]
          },
          "name": {
            "type": [
              "string",
              "null"
            ]
          }
        },
        "required": [
          "id"
        ],
        "type": [
          "object",
          "null"
        ]
      },
      "postDate": {
        "format": "date-time",
        "type": [
          "string",
          "null"
        ]
      },
      "project": {
        "additionalProperties": false,
        "properties": {
          "id": {
            "format": "int64",
            "type": [
              "integer",
              "null"
            ]
          },
          "number": {
            "type": [
              "string",
              "null"
            ]
          }
        },
        "required": [
          "id"
        ],
        "type": [
          "object",
          "null"
        ]
      },
      "serviceAgreement": {
        "additionalProperties": false,
        "properties": {
          "id": {
            "format": "int64",
            "type": [
              "integer",
              "null"
            ]
          },
          "number": {
            "type": [
              "string",
              "null"
            ]
          }
        },
        "required": [
          "id"
        ],
        "type": [
          "object",
          "null"
        ]
      },
      "sku": {
        "additionalProperties": false,
        "properties": {
          "code": {
            "type": [
              "string",
              "null"
            ]
          },
          "id": {
            "format": "int64",
            "type": [
              "integer",
              "null"
            ]
          },
          "type": {
            "description": "",
            "type": [
              "string",
              "null"
            ]
          }
        },
        "required": [
          "id"
        ],
        "type": [
          "object",
          "null"
        ]
      },
      "transaction": {
        "additionalProperties": false,
        "properties": {
          "id": {
            "format": "int64",
            "type": [
              "integer",
              "null"
            ]
          },
          "refNumber": {
            "type": [
              "string",
              "null"
            ]
          },
          "type": {
            "description": "",
            "type": [
              "string",
              "null"
            ]
          }
        },
        "required": [
          "id",
          "type"
        ],
        "type": [
          "object",
          "null"
        ]
      },
      "transactionDate": {
        "format": "date",
        "type": [
          "string",
          "null"
        ]
      },
      "vendor": {
        "additionalProperties": false,
        "properties": {
          "id": {
            "format": "int64",
            "type": [
              "integer",
              "null"
            ]
          },
          "name": {
            "type": [
              "string",
              "null"
            ]
          }
        },
        "required": [
          "id"
        ],
        "type": [
          "object",
          "null"
        ]
      }
    },
    "required": [
      "account",
      "debit",
      "credit"
    ],
    "type": [
      "object",
      "null"
    ]
  },
  "stream": "journal_entry_details",
  "tap_stream_id": "journal_entry_details"
}
