{
  "key_properties": [
    "id"
  ],
  "metadata": [
    {
      "breadcrumb": [
        "properties",
        "id"
      ],
      "metadata": {
        "inclusion": "automatic"
      }
    },
    {
      "breadcrumb": [
        "properties",
        "duration"
      ],
      "metadata": {
        "inclusion": "available"
      }
    },
    {
      "breadcrumb": [
        "properties",
        "from"
      ],
      "metadata": {
        "inclusion": "available"
      }
    },
    {
      "breadcrumb": [
        "properties",
        "to"
      ],
      "metadata": {
        "inclusion": "available"
      }
    },
    {
      "breadcrumb": [
        "properties",
        "direction"
      ],
      "metadata": {
        "inclusion": "available"
      }
    },
    {
      "breadcrumb": [
        "properties",
        "status"
      ],
      "metadata": {
        "inclusion": "available"
      }
    },
    {
      "breadcrumb": [
        "properties",
        "type"
      ],
      "metadata": {
        "inclusion": "available"
      }
    },
    {
      "breadcrumb": [
        "properties",
        "recordingUrl"
      ],
      "metadata": {
        "inclusion": "available"
      }
    },
    {
      "breadcrumb": [
        "properties",
        "voiceMailPath"
      ],
      "metadata": {
        "inclusion": "available"
      }
    },
    {
      "breadcrumb": [
        "properties",
        "createdOn"
      ],
      "metadata": {
        "inclusion": "available"
      }
    },
    {
      "breadcrumb": [
        "properties",
        "modifiedOn"
      ],
      "metadata": {
        "inclusion": "automatic"
      }
    },
    {
      "breadcrumb": [
        "properties",
        "reason"
      ],
      "metadata": {
        "inclusion": "available"
      }
    },
    {
      "breadcrumb": [
        "properties",
        "reason",
        "properties",
        "id"
      ],
      "metadata": {
        "inclusion": "available"
      }
    },
    {
      "breadcrumb": [
        "properties",
        "reason",
        "properties",
        "name"
      ],
      "metadata": {
        "inclusion": "available"
      }
    },
    {
      "breadcrumb": [
        "properties",
        "customer"
      ],
      "metadata": {
        "inclusion": "available"
      }
    },
    {
      "breadcrumb": [
        "properties",
        "customer",
        "properties",
        "id"
      ],
      "metadata": {
        "inclusion": "available"
      }
    },
    {
      "breadcrumb": [
        "properties",
        "customer",
        "properties",
        "name"
      ],
      "metadata": {
        "inclusion": "available"
      }
    },
    {
      "breadcrumb": [
        "properties",
        "location"
      ],
      "metadata": {
        "inclusion": "available"
      }
    },
    {
      "breadcrumb": [
        "properties",
        "location",
        "properties",
        "id"
      ],
      "metadata": {
        "inclusion": "available"
      }
    },
    {
      "breadcrumb": [
        "properties",
        "location",
        "properties",
        "name"
      ],
      "metadata": {
        "inclusion": "available"
      }
    },
    {
      "breadcrumb": [
        "properties",
        "campaign"
      ],
      "metadata": {
        "inclusion": "available"
      }
    },
    {
      "breadcrumb": [
        "properties",
        "campaign",
        "properties",
        "id"
      ],
      "metadata": {
        "inclusion": "available"
      }
    },
    {
      "breadcrumb": [
        "properties",
        "campaign",
        "properties",
        "name"
      ],
      "metadata": {
        "inclusion": "available"
      }
    },
    {
      "breadcrumb": [
        "properties",
        "job"
      ],
      "metadata": {
        "inclusion": "available"
      }
    },
    {
      "breadcrumb": [
        "properties",
        "job",
        "properties",
        "id"
      ],
      "metadata": {
        "inclusion": "available"
      }
    },
    {
      "breadcrumb": [
        "properties",
        "job",
        "properties",
        "number"
      ],
      "metadata": {
        "inclusion": "available"
      }
    },
    {
      "breadcrumb": [
        "properties",
        "agent"
      ],
      "metadata": {
        "inclusion": "available"
      }
    },
    {
      "breadcrumb": [
        "properties",
        "agent",
        "properties",
        "id"
      ],
      "metadata": {
        "inclusion": "available"
      }
    },
    {
      "breadcrumb": [
        "properties",
        "agent",
        "properties",
        "name"
      ],
      "metadata": {
        "inclusion": "available"
      }
    },
    {
      "breadcrumb": [
        "properties",
        "createdBy"
      ],
      "metadata": {
        "inclusion": "available"
      }
    },
    {
      "breadcrumb": [
        "properties",
        "createdBy",
        "properties",
        "id"
      ],
      "metadata": {
        "inclusion": "available"
      }
    },
    {
      "breadcrumb": [
        "properties",
        "createdBy",
        "properties",
        "name"
      ],
      "metadata": {
        "inclusion": "available"
      }
    },
    {
      "breadcrumb": [
        "properties",
        "excuseMemo"
      ],
      "metadata": {
        "inclusion": "available"
      }
    },
    {
      "breadcrumb": [
        "properties",
        "tag"
      ],
      "metadata": {
        "inclusion": "available"
      }
    },
    {
      "breadcrumb": [
        "properties",
        "active"
      ],
      "metadata": {
        "inclusion": "available"
      }
    },
    {
      "breadcrumb": [
        "properties",
        "lead"
      ],
      "metadata": {
        "inclusion": "available"
      }
    },
    {
      "breadcrumb": [
        "properties",
        "lead",
        "properties",
        "id"
      ],
      "metadata": {
        "inclusion": "available"
      }
    },
    {
      "breadcrumb": [],
      "metadata": {
        "inclusion": "available",
        "selected": true,
        "selected-by-default": true,
        "table-key-properties": [
          "id"
        ],
        "valid-replication-keys": [
          "modifiedOn"
        ]
      }
    }
  ],
  "replication_key": "modifiedOn",
  "replication_method": "INCREMENTAL",
  "schema": {
    "additionalProperties": false,
    "properties": {
      "active": {
        "description": "Gets or sets whether the entity is active.",
        "type": [
          "boolean",
          "null"
        ]
      },
      "agent": {
        "additionalProperties": false,
        "description": "The info about the user agent who was assigned to the call. For inbound calls this is the user who\n            clicked the call bubble last time, or outbound calls this is a user who initiated the call. For Phones Pro,\n            this may differ to CreatedBy for outbound calls if the outbound call was transferred between users\n            ",
        "properties": {
          "id": {
            "description": "The ID of the entity",
            "format": "int64",
            "type": [
              "integer",
              "null"
            ]
          },
          "name": {
            "description": "The name of the entity",
            "type": [
              "string",
              "null"
            ]
          }
        },
        "required": [
          "id",
          "name"
        ],
        "type": [
          "object",
          "null"
        ]
      },
      "campaign": {
        "additionalProperties": false,
        "description": "The info about the phone advertising campaign linked to the call",
        "properties": {
          "id": {
            "description": "The ID of the entity",
            "format": "int64",
            "type": [
              "integer",
              "null"
            ]
          },
          "name": {
            "description": "The name of the entity",
            "type": [
              "string",
              "null"
            ]
          }
        },
        "required": [
          "id",
          "name"
        ],
        "type": [
          "object",
          "null"
        ]
      },
      "createdBy": {
        "additionalProperties": false,
        "description": "The info about the user who created the outbound call",
        "properties": {
          "id": {
            "description": "The ID of the entity",
            "format": "int64",
            "type": [
              "integer",
              "null"
            ]
          },
          "name": {
            "description": "The name of the entity",
            "type": [
              "string",
              "null"
            ]
          }
        },
        "required": [
          "id",
          "name"
        ],
        "type": [
          "object",
          "null"
        ]
      },
      "createdOn": {
        "description": "The time the call was created (i.e. inbound call was received or outbound call was initiated)\n            ",
        "format": "date-time",
        "type": [
          "string",
          "null"
        ]
      },
      "customer": {
        "additionalProperties": false,
        "description": "The info about the customer linked to the call",
        "properties": {
          "id": {
            "description": "The ID of the entity",
            "format": "int64",
            "type": [
              "integer",
              "null"
            ]
          },
          "name": {
            "description": "The name of the entity",
            "type": [
              "string",
              "null"
            ]
          }
        },
        "required": [
          "id",
          "name"
        ],
        "type": [
          "object",
          "null"
        ]
      },
      "direction": {
        "description": "Indicates the direction of a call",
        "type": [
          "string",
          "null"
        ]
      },
      "duration": {
        "description": "The duration of the call",
        "format": "duration",
        "type": [
          "string",
          "null"
        ]
      },
      "excuseMemo": {
        "description": "Excuse memo of the call",
        "type": [
          "string",
          "null"
        ]
      },
      "from": {
        "description": "The caller's phone",
        "type": [
          "string",
          "null"
        ]
      },
      "id": {
        "description": "The ID of the call",
        "format": "int64",
        "type": "integer"
      },
      "job": {
        "additionalProperties": false,
        "description": "The info about the job linked to the call",
        "properties": {
          "id": {
            "description": "The ID of the job",
            "format": "int64",
            "type": [
              "integer",
              "null"
            ]
          },
          "number": {
            "description": "Human readable number of the job",
            "type": [
              "string",
              "null"
            ]
          }
        },
        "required": [
          "id",
          "number"
        ],
        "type": [
          "object",
          "null"
        ]
      },
      "lead": {
        "additionalProperties": false,
        "description": "CRM Leads created from unbooked calls",
        "properties": {
          "id": {
            "description": "The ID of the entity",
            "format": "int64",
            "type": [
              "integer",
              "null"
            ]
          }
        },
        "required": [
          "id"
        ],
        "type": [
          "object",
          "null"
        ]
      },
      "location": {
        "additionalProperties": false,
        "description": "The info about the location linked to the call",
        "properties": {
          "id": {
            "description": "The ID of the entity",
            "format": "int64",
            "type": [
              "integer",
              "null"
            ]
          },
          "name": {
            "description": "The name of the entity",
            "type": [
              "string",
              "null"
            ]
          }
        },
        "required": [
          "id",
          "name"
        ],
        "type": [
          "object",
          "null"
        ]
      },
      "modifiedOn": {
        "description": "The last time the call properties were updated",
        "format": "date-time",
        "type": [
          "string",
          "null"
        ]
      },
      "reason": {
        "additionalProperties": false,
        "description": "The info about the call reason linked to the call",
        "properties": {
          "id": {
            "description": "The ID of the entity",
            "format": "int64",
            "type": [
              "integer",
              "null"
            ]
          },
          "name": {
            "description": "The name of the entity",
            "type": [
              "string",
              "null"
            ]
          }
        },
        "required": [
          "id",
          "name"
        ],
        "type": [
          "object",
          "null"
        ]
      },
      "recordingUrl": {
        "description": "The URL for call recording. Can be null if the call hasn't a recording",
        "type": [
          "string",
          "null"
        ]
      },
      "status": {
        "description": "Indicates the status of a call",
        "type": [
          "string",
          "null"
        ]
      },
      "tag": {
        "description": "Call Tag",
        "type": [
          "string",
          "null"
        ]
      },
      "to": {
        "description": "The called party's phone",
        "type": [
          "string",
          "null"
        ]
      },
      "type": {
        "description": "Specifies the type (classification) of the call. If null, the call was not classified yet. Also,\n            outbound calls don't have classification and CallType is always null for outbound calls",
        "type": [
          "string",
          "null"
        ]
      },
      "voiceMailPath": {
        "description": "The URL for call voicemail. Can be null if the call hasn't a voicemail. This field may have value only for\nPhones Pro tenants",
        "type": [
          "string",
          "null"
        ]
      }
    },
    "required": [
      "id",
      "duration",
      "from",
      "to",
      "direction",
      "status",
      "createdOn",
      "modifiedOn",
      "excuseMemo",
      "tag",
      "active"
    ],
    "type": "object"
  },
  "stream": "calls",
  "tap_stream_id": "calls"
}
